08-05 04:15:10.822 14933 14982 D IDM-CloudCtrUrlConfig : config release https://cdn.awsusor1.fds.api.mi-img.com/miot-standard-fds/release/config/appconfig_phone.json?GalaxyAccessKeyId=5151729087601&Expires=9223372036854775807&Signature=C0EZIcUck36IDNAzEeKAifzKbGk=
08-05 04:15:10.860 14933 14992 E IDM-NetWorkUtils : get: response ----->{
"all":{"allClose":"false"},
"cpu":{"intervalMillis":"100000"},
"heap":{"intervalMillis":"100000"},
"ram":{"intervalMillis":"100000"},
"traffic":{
"intervalMillis":"100000",
"sampleMillis":"1000"
},
"thread":{
"intervalMillis":"100000",
"threadFilter":"com.godeye.androidgodeye.mods.thread.ExcludeSystemThreadFilter",
"threadTagger":"com.godeye.androidgodeye.mods.thread.DefaultThreadTagger"
},
"appsize":{
"delayMillis":"0"
},
"handle":{
"intervalMillis":"100000"
}
}

08-05 04:15:10.860 14933 14992 E IDM-NetWorkUtils : get: response ----->200
08-05 04:15:10.860 14933 14992 E IDM-NetWorkUtils : get: response ----->OK
08-05 04:15:10.861 14933 14992 E IDM-NetWorkUtils : get: response ----->true
08-05 04:15:10.861 14933 14992 E IDM-NetWorkUtils : send get point end [200]
08-05 04:15:11.287 14933 15017 D IDM-IDMConfigCache : idmConfigAppList size = 0
08-05 04:15:11.348 14933 15017 D IDM-IDMCloudTransfer : Sending request https://idm.iot.mi.com/idm/info/batch on null

08-05 04:15:11.520 14933 15154 D IDM-TAG : Advertising flag is 2
08-05 04:15:11.520 14933 15154 V IDM-TAG : Short Id Hash is 333763
08-05 04:15:11.520 14933 15154 D IDM-BonjourGovernor : startAdvertising: enter
08-05 04:15:11.528 14933 15154 D IDM-BonjourGovernor : J-Debug pattern  count: 1
08-05 04:15:11.528 14933 15154 D IDM-BonjourGovernor : J-Debug pattern [\u4e00-\u9fa5]count: 0
08-05 04:15:11.529 14933 15154 V IDM-BonjourGovernor : J-Debug outside realLen: 60, nmLen: 21, asLen: 19, ipLen: 10, containChinese: false, jsonStr: {"nm":"Redmi Note 10S","as":"[8193, 8194]","ip":"101"}
08-05 04:15:11.529 14933 15154 V IDM-BonjourGovernor : J-Debug startAdvertising json: {"nm":"Redmi Note 10S","as":"[8193, 8194]","ip":"101"}
08-05 04:15:11.857 14933 14982 I IDM-ConfigMgr : version cur 3 new 2
08-05 04:15:11.857 14933 14982 D IDM-CloudCtrBaseJob : done
08-05 04:15:11.857 14933 14982 D IDM-CertRefreshJob : Start work
08-05 04:15:11.857 14933 14982 D IDM-CertRefreshJob : End work
08-05 04:15:11.858 14933 14982 D IDM-BackgroundJob : BleRelayCtrFileJob start
08-05 04:15:11.868 14933 14982 D IDM-BackgroundJob : empty ble relay conf url, ignore
08-05 04:15:12.219 14933 15018 D IDM-BonjourGovernor : onServiceRegistered: 
08-05 04:15:12.220 14933 15154 D IDM-LocalAppServer : advertisingResult, discType:2, result3
08-05 04:15:12.220 14933 15154 D IDM-AppMgrNative : onAdvertisingResult enter, result:3
08-05 04:15:12.220 14933 15154 D IDM-LocalAppServer : advertisingResult, discType:2, result3
08-05 04:15:12.220 14933 15154 D IDM-AppMgrNative : onAdvertisingResult enter, result:3
08-05 04:15:12.220 14933 15154 D IDM-BonjourGovernor : startAdvertising: exit
08-05 04:15:12.220 14933 15154 D IDM-LocalAppServer : can not create p2p go.
08-05 04:15:12.220 14933 15154 E IDM-LocalAppServer : startAdvertising end.
08-05 04:15:12.221 14933 15154 I IDM-MiConnectService : startAdvertising 3
08-05 04:15:12.221 14933 15154 D IDM-PropertyUtils : is agreed: false
08-05 04:15:12.221 14933 15154 E IDM-s:miconnect:  : not available
08-05 04:15:12.221 14933 15154 E IDM-stat: MiotReportManager : not available becase: is_enable_disable_build: true
08-05 04:15:12.223 14933 15143 V IDM-HandoffProcessService : onAdvertisingResult: status = [3] MSG = [Start Advertising SUCCESS]
08-05 04:15:12.225 14933 15173 I IDM-AdvertisingManager : update 2
08-05 04:15:12.225 14933 15173 I IDM-AdvertisingManager : update after changed for BT, discType is 2
08-05 04:15:12.225 14933 15173 D IDM-BonjourGovernor : stopAdvertising: enter
08-05 04:15:12.228 14933 15018 D IDM-BonjourGovernor : onServiceUnregistered: 
08-05 04:15:12.229 14933 15173 D IDM-BonjourGovernor : stopAdvertising: exit
08-05 04:15:13.232 14933 15017 D IDM-IDMCloudTransfer : Received response for https://idm.iot.mi.com/idm/info/batch in 1883.4ms
date: Fri, 05 Aug 2022 08:15:13 GMT
content-type: application/json
vary: Origin
vary: Access-Control-Request-Method
vary: Access-Control-Request-Headers

08-05 04:15:13.242 14933 15017 D IDM-IDMCloudTransfer : requestAppConfigPost body = {"status":200,"message":"","result":[{"id":4,"clientId":"aa80e4f0","appName":"ToBSoundBox","signature":"E2:2C:DA:40:69:37:EA:C4:6B:DE:7A:A2:F2:09:2D:AA:CC:9E:FF:F6","certificate":"","platform":"Android","packageName":"com.xiaomi.micolauncher","online":2,"createTime":1607414192,"changeTime":1614132887,"comment":"","services":null,"findables":[{"serviceType":"urn:aiot-spec-v3:service:iot-local-control:00000001:1","actions":["ALL"]}]},{"id":3,"clientId":"a5c11fdd","appName":"TestTeamApp","signature":"7A:68:0A:8D:D9:99:21:43:B7:69:EA:93:9B:89:9A:8E:43:D2:09:67","certificate":"","platform":"Android","packageName":"com.iot.xiaomi.miconnecttest","online":2,"createTime":1607414027,"changeTime":1619058349,"comment":"","services":[{"serviceType":"urn:aiot-spec-v3:service:idm-test:00000001:1","actions":[]},{"serviceType":"urn:aiot-spec-v3:service:multi-screen-collaboration:00000001:1","actions":[]},{"serviceType":"urn:aiot-spec-v3:service:input:00000001:1","actions":[]},{"serviceType":"urn:aiot-spec-v3:service:iot-local-control:00000001:1","actions":[]},{"serviceType":"urn:aiot-spec-v3:service:ip-camera:00000001:1","actions":[]},{"serviceType":"urn:aiot-spec-v3:service:light:00000001:1","actions":[]},{"serviceType":"urn:aiot-spec-v3:service:motionsensor:00000001:1","actions":[]},{"serviceType":"urn:aiot-spec-v3:service:handoff:00000001:1","actions":[]},{"serviceType":"urn:aiot-spec-v3:com.mi.idm:service:micast-tv:00017802:1.0","actions":["ALL"]},{"serviceType":"urn:aiot-spec-v3:com.mi.idm:service:notification-local:00017804:1.0","actions":[]}],"findables":[{"serviceType":"urn:aiot-spec-v3:service:iot-local-control:00000001:1","actions":["ALL"]},{"serviceType":"urn:aiot-spec-v3:service:ip-camera:00000001:1","actions":["ALL"]},{"serviceType":"urn:aiot-spec-v3:service:light:00000001:1","actions":["ALL"]},{"serviceType":"urn:aiot-spec-v3:service:motionsensor:00000001:1","actions":["ALL"]},{"serviceType":"urn:aiot-spec-v3:service:handoff:00000001:1","actions":["ALL"]},{"serviceType":"urn:aiot-spec-v3:service:input:00000001:1","actions":["ALL"]},{"serviceType":"urn:aiot-spec-v3:service:multi-screen-collaboration:00000001:1","actions":["ALL"]},{"serviceType":"urn:aiot-spec-v3:service:idm-test:00000001:1","actions":[]},{"serviceType":"urn:aiot-spec-v3:com.mi.idm:service:micast-tv:00017802:1.0","actions":["ALL"]},{"serviceType":"urn:aiot-spec-v3:com.mi.idm:service:notification-local:00017804:1.0","actions":["ALL"]}]},{"id":1,"clientId":"adc78733","appName":"IDMTestApp","signature":"27:19:6E:38:6B:87:5E:76:AD:F7:00:E7:EA:84:E4:C6:EE:E3:3D:FA","certificate":"","platform":"Android","packageName":"com.xiaomi.miconnect","online":2,"createTime":1607413671,"changeTime":1620717390,"comment":"","services":[{"serviceType":"urn:aiot-spec-v3:service:idm-test:00000001:1","actions":[]}],"findables":[{"serviceType":"urn:aiot-spec-v3:service:light:00000001:1","actions":["ALL"]},{"serviceType":"urn:aiot-spec-v3:service:input:00000001:1","actions":["ALL"]},{"serviceType":"urn:aiot-spec-v3:service:multi-screen-collaboration:00000001:1","actions":["ALL"]}]},{"id":5,"clientId":"apmr9571","appName":"SampleCode","signature":"2C:29:D4:3E:24:1E:3F:57:02:1B:86:D4:9B:E7:0F:59:7F:1A:4C:4D","certificate":"","platform":"Android","packageName":"com.xiaomi.idm.sample","online":2,"createTime":1607414256,"changeTime":1618390694,"comment":"","services":[{"serviceType":"urn:aiot-spec-v3:service:idm-test:00000001:1","actions":["ALL"]},{"serviceType":"urn:aiot-spec-v3:com.mi.idm:service:micast-tv:00017802:1.0","actions":["ALL"]}],"findables":[{"serviceType":"urn:aiot-spec-v3:service:iot-local-control:00000001:1","actions":["ALL"]},{"serviceType":"urn:aiot-spec-v3:service:ip-camera:00000001:1","actions":["ALL"]},{"serviceType":"urn:aiot-spec-v3:service:light:00000001:1","actions":["ALL"]},{"serviceType":"urn:aiot-spec-v3:service:motionsensor:00000001:1","actions":["ALL"]},{"serviceType":"urn:aiot-spec-v3:service:handoff:00000001:1","actions":["ALL"]},{"serviceType":"urn:aiot-spec-v3:service:input:00000001:1","actions":["ALL"]},{"serviceType":"urn:aiot-spec-v3:service:multi-screen-collaboration:00000001:1","actions":["ALL"]}]},{"id":2,"clientId":"aca27627","appName":"xiaomimirror","signature":"7B:6D:C7:07:9C:34:73:9C:E8:11:59:71:9F:B5:EB:61:D2:A0:32:25","certificate":"","platform":"Android","packageName":"com.xiaomi.mirror","online":2,"createTime":1607413907,"changeTime":1616405217,"comment":"","services":[{"serviceType":"urn:aiot-spec-v3:service:multi-screen-collaboration:00000001:1","actions":[]}],"findables":[{"serviceType":"urn:aiot-spec-v3:service:multi-screen-collaboration:00000001:1","actions":["ALL"]}]},{"id":6,"clientId":"adio19d2","appName":"DuoKanTvBox","signature":"08:32:F8:EB:8B:B2:28:12:1A:6E:A9:0C:AD:D8:9D:58:2C:B1:9C:7D","certificate":"","platform":"Android","packageName":"com.duokan.airkan.tvbox","online":2,"createTime":1607414401,"changeTime":1607414433,"comment":"","services":null,"findables":[{"serviceType":"urn:aiot-spec-v3:service:input:00000001:1","actions":["ALL"]}]}],"timestamp":"2022-08-05 16:15:13.805"}
08-05 04:15:13.267 14933 15173 D IDM-TAG : Advertising flag is 2
08-05 04:15:13.267 14933 15173 V IDM-TAG : Short Id Hash is 333763
08-05 04:15:13.267 14933 15173 D IDM-BonjourGovernor : startAdvertising: enter
08-05 04:15:13.272 14933 15017 D IDM-IDMConfigCache : finish updateIDMCloudConfig
08-05 04:15:13.273 14933 15173 D IDM-BonjourGovernor : J-Debug pattern  count: 1
08-05 04:15:13.274 14933 15173 D IDM-BonjourGovernor : J-Debug pattern [\u4e00-\u9fa5]count: 0
08-05 04:15:13.274 14933 15173 V IDM-BonjourGovernor : J-Debug outside realLen: 60, nmLen: 21, asLen: 19, ipLen: 10, containChinese: false, jsonStr: {"nm":"Redmi Note 10S","as":"[8193, 8194]","ip":"101"}
08-05 04:15:13.275 14933 15173 V IDM-BonjourGovernor : J-Debug startAdvertising json: {"nm":"Redmi Note 10S","as":"[8193, 8194]","ip":"101"}
08-05 04:15:13.946 14933 15018 D IDM-BonjourGovernor : onServiceRegistered: 
08-05 04:15:13.947 14933 15173 D IDM-LocalAppServer : advertisingResult, discType:2, result3
08-05 04:15:13.947 14933 15173 D IDM-LocalAppServer : result = START_ADVERTISING_SUCCESS, no need callback!
08-05 04:15:13.948 14933 15173 D IDM-LocalAppServer : advertisingResult, discType:2, result3
08-05 04:15:13.948 14933 15173 D IDM-LocalAppServer : result = START_ADVERTISING_SUCCESS, no need callback!
08-05 04:15:13.948 14933 15173 D IDM-BonjourGovernor : startAdvertising: exit
08-05 04:15:13.948 14933 15173 D IDM-LocalAppServer : can not create p2p go.
08-05 04:15:13.948 14933 15173 E IDM-LocalAppServer : startAdvertising end.
08-05 04:15:13.948 14933 15173 I IDM-MiConnectService : startAdvertising 3
08-05 04:15:13.948 14933 15173 D IDM-PropertyUtils : is agreed: false
08-05 04:15:13.949 14933 15173 E IDM-s:miconnect:  : not available
08-05 04:15:13.949 14933 15173 E IDM-stat: MiotReportManager : not available becase: is_enable_disable_build: true
08-05 04:22:27.057 14933 18753 D IDM-BonjourGovernor : stopAdvertising: enter
08-05 04:22:27.067 14933 15018 D IDM-BonjourGovernor : onServiceUnregistered: 
08-05 04:22:27.068 14933 18753 D IDM-BonjourGovernor : stopAdvertising: exit
08-05 04:22:27.071 14933 18753 I IDM-AbstractBtGovernor : isAvailable enter
08-05 04:22:27.072 14933 18753 D IDM-AbstractBtGovernor : is support BT: false
08-05 04:42:02.342 14933 18753 D IDM-TAG : Advertising flag is 2
08-05 04:42:02.344 14933 18753 V IDM-TAG : Short Id Hash is 333763
08-05 04:42:02.348 14933 18753 D IDM-BonjourGovernor : startAdvertising: enter
08-05 04:42:02.367 14933 18753 D IDM-BonjourGovernor : J-Debug pattern  count: 1
08-05 04:42:02.367 14933 18753 D IDM-BonjourGovernor : J-Debug pattern [\u4e00-\u9fa5]count: 0
08-05 04:42:02.368 14933 18753 V IDM-BonjourGovernor : J-Debug outside realLen: 60, nmLen: 21, asLen: 19, ipLen: 10, containChinese: false, jsonStr: {"nm":"Redmi Note 10S","as":"[8193, 8194]","ip":"101"}
08-05 04:42:02.368 14933 18753 V IDM-BonjourGovernor : J-Debug startAdvertising json: {"nm":"Redmi Note 10S","as":"[8193, 8194]","ip":"101"}
08-05 04:42:03.115 14933 15018 D IDM-BonjourGovernor : onServiceRegistered: 
08-05 04:42:03.115 14933 18753 D IDM-LocalAppServer : advertisingResult, discType:2, result3
08-05 04:42:03.115 14933 18753 D IDM-LocalAppServer : result = START_ADVERTISING_SUCCESS, no need callback!
08-05 04:42:03.115 14933 18753 D IDM-LocalAppServer : advertisingResult, discType:2, result3
08-05 04:42:03.115 14933 18753 D IDM-LocalAppServer : result = START_ADVERTISING_SUCCESS, no need callback!
08-05 04:42:03.115 14933 18753 D IDM-BonjourGovernor : startAdvertising: exit
08-05 04:42:03.117 14933 18753 D IDM-DiscoveryManager : start
08-05 04:42:03.120 14933 18753 I IDM-AbstractBtGovernor : isAvailable enter
08-05 04:42:03.120 14933 18753 D IDM-AbstractBtGovernor : is support BT: false
08-05 04:42:42.084 14933 14933 D IDM-IDMCloudManager : onPackageRemoved
08-05 04:42:42.125 14933 15017 E IDM-IDMConfigCache : clearInternalCache clientIds == 0
08-05 04:42:45.767 14933 14933 I IDM-PermissionManager : load permission assets
08-05 04:42:45.770 14933 14933 D IDM-IDMCloudManager : onPackageAdded pkg = com.gameloft.android.ANMP.GloftHOHM
08-05 04:42:49.384 14933 14933 D IDM-IDMCloudManager : onPackageRemoved
08-05 04:42:49.385 14933 15017 E IDM-IDMConfigCache : clearInternalCache clientIds == 0
08-05 04:49:32.249 30782 30782 I IDM-LogUtil : LogUtils init, A new application started
08-05 04:49:32.257 30782 30782 D IDM-PermissionManager : mIsSelfDebugSignature = false
08-05 04:49:32.264 30782 30782 I IDM-PermissionManager : load permission assets
08-05 04:49:32.272 30782 30782 I IDM-PermissionManager : failed to check uid for com.miui.huanji -1
08-05 04:49:32.273 30782 30782 I IDM-PermissionManager : failed to check uid for com.duokan.phone.remotecontroller -1
08-05 04:49:32.274 30782 30782 I IDM-PermissionManager : failed to check uid for com.iot.xiaomi.miconnecttest -1
08-05 04:49:32.274 30782 30782 I IDM-PermissionManager : failed to check uid for com.xiaomi.idm_autotest_android -1
08-05 04:49:32.275 30782 30782 I IDM-PermissionManager : failed to check uid for com.miui.video -1
08-05 04:49:32.275 30782 30782 I IDM-PermissionManager : failed to check uid for com.xiaomi.mitime -1
08-05 04:49:32.277 30782 30782 I IDM-PermissionManager : failed to check uid for com.xiaomi.wearable -1
08-05 04:49:32.278 30782 30782 I IDM-PermissionManager : failed to check uid for com.xiaomi.idm.sample -1
08-05 04:49:32.278 30782 30782 I IDM-PermissionManager : perm loaded v: 8
08-05 04:49:32.279 30782 30782 D IDM-ConfigMgr : config file: /data/user/0/com.xiaomi.mi_connect_service/files/config/config
08-05 04:49:32.323 30782 30782 D IDM-TimerStack : parseConfig start
08-05 04:49:32.325 30782 30782 W IDM-ConfigMgr : api invokes before apps loaded
08-05 04:49:32.325 30782 30782 D IDM-TimerStack : parseConfig end: 3
08-05 04:49:32.325 30782 30782 I IDM-ConfigMgr : 13 items loaded
08-05 04:49:32.326 30782 30782 I IDM-ConfigMgr : 4 data items loaded
08-05 04:49:32.326 30782 30782 D IDM-RegionUtil : CL
08-05 04:49:32.483 30782 30782 D IDM-PropertyUtils : is agreed: false
08-05 04:49:32.533 30782 30862 I IDM-CloudCtrFileJob : work
08-05 04:49:32.545 30782 30782 D IDM-PropertyUtils : is agreed: false
08-05 04:49:32.551 30782 30782 D IDM-DeviceUtil : platform type property: default
08-05 04:49:32.552 30782 30782 E IDM-Constant : is international: true
08-05 04:49:32.552 30782 30782 E IDM-s:miconnect:  : not available
08-05 04:49:32.552 30782 30865 V IDM-url : server time url: https://us-idm.api.io.mi.com/app/appgateway/miot/miconnect_server/MiconnectService/common/serverTime
08-05 04:49:32.552 30782 30865 D IDM-TimerStack : ServerTime start
08-05 04:49:32.558 30782 30782 V IDM-NetworkApi : mijia api base is : https://us.api.io.mi.com/
08-05 04:49:32.568 30782 30782 D IDM-MiIdentity : h: MiIdentity init start: ACCOUNT_VERIFY true
08-05 04:49:32.568 30782 30782 V IDM-MiIdentity : MiIdentityStore: MiIdentityStore init
08-05 04:49:32.589 30782 30782 V IDM-MiIdentity : MiIdentityStore: loadMiIdentityInfo took 21 milliseconds.
08-05 04:49:32.627 30782 30782 V IDM-MiIdentity : h: MiIdentity init end took 59 milliseconds.
08-05 04:49:32.628 30782 30863 V IDM-MiIdentity : h: Receive message 0, hardware data 37c8b02fc947e222c97245c67104793923f751c6, hardwareHash 7c
08-05 04:49:32.628 30782 30863 D IDM-CertSavingManager : queryWhenLogin mijiaDid 37c8b02fc947e222c97245c67104793923f751c6, didHash 7c
08-05 04:49:32.628 30782 30893 V IDM-MiIdentity : h: MiIdentity onAccountChange, old 6552773799, new 6552773799
08-05 04:49:32.649 30782 30782 I IDM-MiConnectService : onCreate versionName:2.1.137 userId:0
08-05 04:49:32.653 30782 30872 E IDM-apm-idm : {"machineCode":"us","countryCode":"CL"}
08-05 04:49:32.653 30782 30872 E IDM-apm-idm : url=https://cdn.awsusor1.fds.api.mi-img.com/miot-miconnect-apm/idmapm/release/apm_control.json
08-05 04:49:32.654 30782 30872 D IDM-PropertyUtils : is agreed: false
08-05 04:49:32.661 30782 30782 D IDM-PropertyUtils : is agreed: false
08-05 04:49:32.661 30782 30782 E IDM-s:miconnect:  : not available
08-05 04:49:32.663 30782 30782 D IDM-DeviceUtil : platform type property: default
08-05 04:49:32.671 30782 30782 D IDM-BonjourGovernor : BonjourGovernor ver: 9.8.09.01
08-05 04:49:32.673 30782 30913 D IDM-TimerStack : load all start
08-05 04:49:32.673 30782 30918 D IDM-CoapResponder : startCoapServer
08-05 04:49:32.674 30782 30918 V IDM-CoapResponder : 0: Start coap server on ports 56666
08-05 04:49:32.705 30782 30918 D IDM-CoapResponder : Start CoapServer Successful
08-05 04:49:32.706 30782 30913 D IDM-TimerStack : load all end: 34
08-05 04:49:32.917 30782 30782 D IDM-MiConnectService : SYSTEM userId else: 0,APP USERID 1000
08-05 04:49:32.918 30782 30782 D IDM-BtGovernor : BtApi getBleGovernor
08-05 04:49:32.933 30782 30782 I IDM-BleClientService :  BleAttributeClientOperation Consturctor, dev.1.2.0
08-05 04:49:32.933 30782 30782 D IDM-BleDiscovery : init enter, mIsInitiated=false
08-05 04:49:32.942 30782 30782 I IDM-BleServerService :  BleAttributeServerOperation Consturctor, dev.1.2.0
08-05 04:49:32.945 30782 30782 I IDM-BleClientViaAttService :  BleClientService Consturctor, dev.1.2.0
08-05 04:49:32.945 30782 30782 I IDM-BleServerViaAttService :  BleServerService Consturctor, dev.1.2.0
08-05 04:49:32.955 30782 30782 I IDM-Discovery :  BleDiscovery Consturctor, dev.1.2.0
08-05 04:49:32.955 30782 30782 D IDM-Discovery : scan mode=2
08-05 04:49:32.955 30782 30782 D IDM-BtGovernor : BtApi BtGovernor Constructor, dev.1.2.0
08-05 04:49:32.958 30782 30782 D IDM-BtGovernor : BT Adapter was not supported ! 
08-05 04:49:32.959 30782 30782 I IDM-BleAdvertising :  BleAdvertising Consturctor, dev.1.2.0
08-05 04:49:32.960 30782 30782 E IDM-BtGovernor : Log enabled =false
08-05 04:49:32.960 30782 30782 D IDM-AbstractBtGovernor : BleApi setCallback
08-05 04:49:32.960 30782 30782 D IDM-BleBackGround : setCallback is set
08-05 04:49:32.961 30782 30782 D IDM-AbstractBtGovernor : BleApi enableStateListener
08-05 04:49:32.962 30782 30782 I IDM-AbstractBtGovernor : isAvailable enter
08-05 04:49:32.964 30782 30782 D IDM-AbstractBtGovernor : is support BT: false
08-05 04:49:32.964 30782 30782 D IDM-BtClassicGovernor : Classic Api getBtGovernor
08-05 04:49:32.965 30782 30782 I IDM-BleClientService :  BleAttributeClientOperation Consturctor, dev.1.2.0
08-05 04:49:32.965 30782 30782 D IDM-BleDiscovery : init enter, mIsInitiated=false
08-05 04:49:32.965 30782 30782 I IDM-BleClientViaAttService :  BleClientService Consturctor, dev.1.2.0
08-05 04:49:32.965 30782 30782 I IDM-BleServerViaAttService :  BleServerService Consturctor, dev.1.2.0
08-05 04:49:32.970 30782 30782 D IDM-BtClassicGovernor : Classic Api BtGovernor Constructor, dev.1.2.0
08-05 04:49:32.971 30782 30782 I IDM-BleAdvertising :  BleAdvertising Consturctor, dev.1.2.0
08-05 04:49:32.971 30782 30782 E IDM-BtClassicGovernor : Log enabled =false
08-05 04:49:32.971 30782 30782 I IDM-BtClassicGovernor : Classic setCallback
08-05 04:49:32.971 30782 30782 D IDM-AbstractBtGovernor : BleApi setCallback
08-05 04:49:32.971 30782 30782 D IDM-AbstractBtGovernor : BleApi enableStateListener
08-05 04:49:32.971 30782 30782 I IDM-BtClassicGovernor : BtClassical isAvailable enter
08-05 04:49:32.971 30782 30782 I IDM-AbstractBtGovernor : isAvailable enter
08-05 04:49:32.971 30782 30782 D IDM-AbstractBtGovernor : is support BT: false
08-05 04:49:32.971 30782 30782 D IDM-BtClassicGovernor : is support BT: false
08-05 04:49:32.972 30782 30782 D IDM-PropertyUtils : is agreed: false
08-05 04:49:32.972 30782 30782 W IDM-MiConnectReport : report failure -1024 0
08-05 04:49:32.972 30782 30782 E IDM-stat: MiotReportManager : not available becase: is_enable_disable_build: true
08-05 04:49:32.972 30782 30782 D IDM-BleGovernor : BleApi getBleGovernor
08-05 04:49:32.972 30782 30782 I IDM-BleClientService :  BleAttributeClientOperation Consturctor, dev.1.2.0
08-05 04:49:32.972 30782 30782 D IDM-BleDiscovery : init enter, mIsInitiated=false
08-05 04:49:32.973 30782 30782 I IDM-BleClientViaAttService :  BleClientService Consturctor, dev.1.2.0
08-05 04:49:32.973 30782 30782 I IDM-BleServerViaAttService :  BleServerService Consturctor, dev.1.2.0
08-05 04:49:32.976 30782 30782 D IDM-BleDiscovery : init enter, mIsInitiated=false
08-05 04:49:32.979 30782 30782 D IDM-BleGovernor : BT Adapter was not supported ! 
08-05 04:49:32.979 30782 30782 I IDM-BleAdvertising :  BleAdvertising Consturctor, dev.1.2.0
08-05 04:49:32.980 30782 30782 I IDM-BleGovernor : BleApi setCallback enter
08-05 04:49:32.980 30782 30782 D IDM-AbstractBtGovernor : BleApi setCallback
08-05 04:49:32.980 30782 30782 D IDM-AbstractBtGovernor : BleApi enableStateListener
08-05 04:49:32.986 30782 30782 I IDM-BleGovernor : isAvailable enter
08-05 04:49:32.986 30782 30782 I IDM-AbstractBtGovernor : isAvailable enter
08-05 04:49:32.986 30782 30782 D IDM-AbstractBtGovernor : is support BT: false
08-05 04:49:32.987 30782 30782 I IDM-WifiGovernor : Common: WifiGovernor Constructor
08-05 04:49:33.014 30782 30782 D IDM-WifiGovernor : Common: support5gBand: ret: true
08-05 04:49:33.016 30782 30782 D IDM-WifiGovernor : Common: Support DTLS: false
08-05 04:49:33.016 30782 30782 I IDM-WifiGovernor : Common: WifiGovernor constructor exit
08-05 04:49:33.016 30782 30782 I IDM-WifiGovernor : Common: isAvailable enter
08-05 04:49:33.016 30782 30782 I IDM-WifiGovernor : Common: isAvailable exit: true
08-05 04:49:33.017 30782 30782 I IDM-WifiGovernor : Common: WifiGovernor init enter
08-05 04:49:33.022 30782 30782 D IDM-WifiGovernor : Common: Start coap server successfully. retry: 0
08-05 04:49:33.022 30782 30782 I IDM-WifiGovernor : Common: WifiGovernor init exit
08-05 04:49:33.022 30782 30782 I IDM-WifiGovernor : Common: setCallback: com.xiaomi.mi_connect_service.MiConnectService$d@f6c0293
08-05 04:49:33.024 30782 30782 I IDM-NfcAdvPresenter : registerReceiver
08-05 04:49:33.028 30782 30782 D IDM-DeviceUtil : platform type property: default
08-05 04:49:33.029 30782 30782 D IDM-DeviceUtil : platform type property: default
08-05 04:49:33.030 30782 30782 I IDM-NfcScanHelper : ---start---state:IDEL
08-05 04:49:33.033 30782 30782 I IDM-NfcMessagePublisher : use NfcScanHelper
08-05 04:49:33.034 30782 30782 D IDM-DeviceUtil : platform type property: default
08-05 04:49:33.042 30782 30782 D IDM-DeviceUtil : platform type property: default
08-05 04:49:33.043 30782 30782 I IDM-NfcGovernor : isAvailable false
08-05 04:49:33.043 30782 30782 D IDM-MiConnectService : NFC available false
08-05 04:49:33.045 30782 30782 D IDM-DeviceUtil : platform type property: default
08-05 04:49:33.045 30782 30782 I IDM-NfcGovernor : isAvailable false
08-05 04:49:33.046 30782 30782 I IDM-BleGovernor : BleApi setAdvertisingCallback enter
08-05 04:49:33.046 30782 30782 E IDM-BleGovernor : BtGovernor died. need to init
08-05 04:49:33.046 30782 30782 D IDM-PropertyUtils : is agreed: false
08-05 04:49:33.046 30782 30782 W IDM-MiConnectReport : report failure -1053 0
08-05 04:49:33.047 30782 30782 E IDM-stat: MiotReportManager : not available becase: is_enable_disable_build: true
08-05 04:49:33.047 30782 30782 I IDM-BtClassicGovernor : BtClassical setAdvertisingCallback enter
08-05 04:49:33.047 30782 30782 E IDM-BtClassicGovernor : BtGovernor died. need to init
08-05 04:49:33.047 30782 30782 D IDM-PropertyUtils : is agreed: false
08-05 04:49:33.047 30782 30782 W IDM-MiConnectReport : report failure -1092 0
08-05 04:49:33.047 30782 30782 E IDM-stat: MiotReportManager : not available becase: is_enable_disable_build: true
08-05 04:49:33.047 30782 30782 I IDM-BtGovernor : BtApi setAdvertisingCallback enter
08-05 04:49:33.048 30782 30782 E IDM-BtGovernor : BtGovernor died. need to init
08-05 04:49:33.048 30782 30782 I IDM-BleGovernor : BleApi setDiscoveryCallback enter
08-05 04:49:33.048 30782 30782 E IDM-BleGovernor : BtGovernor died. need to init
08-05 04:49:33.048 30782 30782 D IDM-PropertyUtils : is agreed: false
08-05 04:49:33.048 30782 30782 W IDM-MiConnectReport : report failure -1053 0
08-05 04:49:33.048 30782 30782 E IDM-stat: MiotReportManager : not available becase: is_enable_disable_build: true
08-05 04:49:33.048 30782 30782 D IDM-BleDiscovery : setCallback enter
08-05 04:49:33.049 30782 30782 I IDM-BtClassicGovernor : BtClassic setDiscoveryCallback enter
08-05 04:49:33.049 30782 30782 E IDM-BtClassicGovernor : BtGovernor died. need to init
08-05 04:49:33.049 30782 30782 D IDM-PropertyUtils : is agreed: false
08-05 04:49:33.049 30782 30782 W IDM-MiConnectReport : report failure -1092 0
08-05 04:49:33.049 30782 30782 E IDM-stat: MiotReportManager : not available becase: is_enable_disable_build: true
08-05 04:49:33.049 30782 30782 D IDM-BtDiscovery : setCallback enter
08-05 04:49:33.049 30782 30782 I IDM-BtGovernor : BtApi setDiscoveryCallback enter
08-05 04:49:33.049 30782 30782 E IDM-BtGovernor : BtGovernor died. need to init
08-05 04:49:33.049 30782 30782 I IDM-WifiGovernor : Common: setDiscoveryCallback: b.h.o.q$a@c8b6be8
08-05 04:49:33.050 30782 30782 E IDM-BleGovernor : BLE is not enabled
08-05 04:49:33.050 30782 30782 D IDM-AbstractBtGovernor : BleApi setAttributeCallback enter
08-05 04:49:33.050 30782 30782 I IDM-BtClassicGovernor : BtClassical setAttributeCallback enter
08-05 04:49:33.050 30782 30782 E IDM-BtClassicGovernor : BLE is not enabled
08-05 04:49:33.050 30782 30782 D IDM-AbstractBtGovernor : BleApi setAttributeCallback enter
08-05 04:49:33.050 30782 30782 I IDM-BtGovernor : BtApi setAttributeCallback enter
08-05 04:49:33.052 30782 30782 E IDM-BtGovernor : BLE is not enabled
08-05 04:49:33.052 30782 30782 D IDM-AbstractBtGovernor : BleApi setAttributeCallback enter
08-05 04:49:33.052 30782 30782 I IDM-WifiGovernor : Common: setAttributeCallback: b.h.o.k$a@fadd201
08-05 04:49:33.065 30782 30782 V IDM-DeviceUtil : Get Phone name Redmi Note 10S
08-05 04:49:33.067 30782 30782 D IDM-MiConnectService : ScreenStateObserver.EnableObserve main
08-05 04:49:33.069 30782 30782 D IDM-MiConnectService : UserSwitchedObserver.EnableObserve main
08-05 04:49:33.086 30782 30782 D IDM-MiConnectService : Register name change observer for phone
08-05 04:49:33.086 30782 30782 D IDM-MiConnectService : PhoneSystemNameChangeObserver.EnableObserve main
08-05 04:49:33.089 30782 30782 D IDM-IDMRuntime : Initializing Managers...
08-05 04:49:33.093 30782 30782 D IDM-IDMConfigCache : isDebugSignature = false
08-05 04:49:33.098 30782 30782 D IDM-IDMClientProcManager : Initializing
08-05 04:49:33.130 30782 30782 D IDM-IDMServerProcManager : Initializing
08-05 04:49:33.131 30782 30782 D IDM-IDMConnectionManager : Initializing
08-05 04:49:33.131 30782 30782 D IDM-IDMRuntime : Initializing BuiltInServices...
08-05 04:49:33.131 30782 30782 E IDM-IotLocalControlSerivceImpl : IotLocalControlSerivceImpl IDM_LOCALSERVICE_UUIDffff3ffc-09da-4bed-9652-f507366fcfc5
08-05 04:49:33.155 30782 30918 D IDM-IDMConfigCache : initAssetsCache in pool thread
08-05 04:49:33.203 30782 30782 D IDM-IDMNative : init
08-05 04:49:33.209 30782 30782 D IDM-AppMgrNative : init
08-05 04:49:33.210 30782 30782 D IDM-IDMNative : setIdentity, idhash: 333763, name: Redmi Note 10S
08-05 04:49:33.217 30782 30782 D IDM-IDMNative : startAdvertising, service:ffff3ffc-09da-4bed-9652-f507366fcfc5 discType:3 commType:8 serviceSecurityType:0
08-05 04:49:33.219 30782 30782 D IDM-IDMNative : startAdvertising, service:a4caa73a-4f1e-4798-841f-8a296d52e9d4 discType:2 commType:2 serviceSecurityType:0
08-05 04:49:33.220 30782 30782 D IDM-AppMgrNative : registerApp
08-05 04:49:33.220 30782 30782 D IDM-MiConnectService : executor id:8194
08-05 04:49:33.221 30782 30782 D IDM-MiConnectService : generate executor for 8194
08-05 04:49:33.221 30782 30782 D IDM-MiConnectService : executor id:8194
08-05 04:49:33.222 30782 30782 D IDM-IDMRuntime : Initializing HandoffProcessService...
08-05 04:49:33.244 30782 31093 I IDM-MiConnectService : app thread created app thread for 8194
08-05 04:49:33.245 30782 31093 I IDM-MiConnectService : setCallBack appid: 8194,roleType: 1
08-05 04:49:33.250 30782 31093 D IDM-PropertyUtils : is agreed: false
08-05 04:49:33.256 30782 30782 V IDM-NetworkApi : mijia api base is : https://us.api.io.mi.com/
08-05 04:49:33.256 30782 30782 D IDM-DeviceUtil : platform type property: default
08-05 04:49:33.276 30782 31093 E IDM-s:miconnect:  : not available
08-05 04:49:33.276 30782 31093 E IDM-stat: MiotReportManager : not available becase: is_enable_disable_build: true
08-05 04:49:33.276 30782 31093 I IDM-MiConnectService : startAdvertising discType 2
08-05 04:49:33.276 30782 31093 D IDM-LocalAppServer : initSuppSetting: commSetting = 2
08-05 04:49:33.280 30782 30782 D IDM-ConnectionManager : ConnectionManagerImpl construct with version code:1,debug:false
08-05 04:49:33.281 30782 30782 I IDM-WifiGovernor : Common: setHostCallback: b.h.o.k.D@b6ec524
08-05 04:49:33.282 30782 30782 I IDM-WifiGovernor : Common: setHostCallback: b.h.o.k.D@b6ec524
08-05 04:49:33.290 30782 30782 I IDM-WifiGovernor : Common: setConnectionCallback: b.h.o.k.q@c13188d
08-05 04:49:33.290 30782 30782 I IDM-WifiGovernor : Common: setConnectionCallback: b.h.o.k.q@c13188d
08-05 04:49:33.297 30782 31093 D IDM-LocalAppServer : initCurrSetting: commSetting = 2
08-05 04:49:33.309 30782 31093 D IDM-LocalAppServerHolder : add App Server 8194
08-05 04:49:33.309 30782 31093 D IDM-PropertyUtils : is agreed: false
08-05 04:49:33.310 30782 31093 E IDM-s:miconnect:  : not available
08-05 04:49:33.310 30782 31093 I IDM-MiConnectService : startAdvertising 2
08-05 04:49:33.318 30782 31093 E IDM-LocalAppServer : startAdvertising
08-05 04:49:33.326 30782 30782 D IDM-MiConnectService : onBind action:com.xiaomi.mi_connect_service.MiConnectService
08-05 04:49:33.350 30782 30782 D IDM-CommStateMonitor : onReceive: android.net.conn.CONNECTIVITY_CHANGE
08-05 04:49:33.350 30782 30782 D IDM-CommStateMonitor : onReceive: android.net.wifi.WIFI_STATE_CHANGED
08-05 04:49:33.350 30782 30782 D IDM-CommStateMonitor : onReceive: android.net.wifi.STATE_CHANGE
08-05 04:49:33.351 30782 30782 D IDM-CommStateMonitor : isConnected: true
08-05 04:49:33.356 30782 30782 D IDM-IDMServerProcManager : register ServerProc, clientId = [a023jkdf]
08-05 04:49:33.364 30782 30782 D IDM-PackkageUtil : pkg com.xiaomi.mi_connect_service
08-05 04:49:33.364 30782 30782 E IDM-IDMSecurityManager : checkRegisterClientId InnerCalling no need check clientId
08-05 04:49:33.366 30782 30782 D IDM-IDMNativeWraper : clientId = [a023jkdf], sdk version = [2001137]
08-05 04:49:33.366 30782 30782 D IDM-IDMNativeWraper : clientId = [a023jkdf], Use Native V2
08-05 04:49:33.366 30782 30782 V IDM-HandoffProcessService : IDMServer onProcessConnected, ready to register service
08-05 04:49:33.366 30782 30782 V IDM-HandoffProcessService : register Handoff service
08-05 04:49:33.376 30782 30782 D IDM-IDMServerProcManager : registerService
08-05 04:49:33.391 30782 30782 D IDM-PackkageUtil : pkg com.xiaomi.mi_connect_service
08-05 04:49:33.392 30782 30782 E IDM-IDMSecurityManager : checkServiceRegistrable InnerCalling no need check
08-05 04:49:33.400 30782 30782 D IDM-PackkageUtil : pkg com.xiaomi.mi_connect_service
08-05 04:49:33.404 30782 30782 D IDM-PackkageUtil : pkg com.xiaomi.mi_connect_service
08-05 04:49:33.404 30782 30863 D IDM-CertSavingManager : get cert3 from ram
08-05 04:49:33.404 30782 30782 D IDM-MiConnectService : filterCommTypeOnPermission for com.xiaomi.mi_connect_service
08-05 04:49:33.405 30782 30782 D IDM-IDMServerProc : register Service, serviceId = [a1f2a513-396e-406e-b370-cf5ede7cd2ae]
08-05 04:49:33.405 30782 30782 D IDM-IDMNativeWraper : startAdvertising V2
08-05 04:49:33.405 30782 30782 D IDM-IDMNative : startAdvertising, service:a1f2a513-396e-406e-b370-cf5ede7cd2ae discType:2 commType:2 serviceSecurityType:0
08-05 04:49:33.405 30782 30782 D IDM-AppMgrNative : registerApp
08-05 04:49:33.405 30782 30782 D IDM-MiConnectService : executor id:8193
08-05 04:49:33.406 30782 30782 D IDM-MiConnectService : generate executor for 8193
08-05 04:49:33.406 30782 30782 D IDM-MiConnectService : executor id:8193
08-05 04:49:33.407 30782 30782 V IDM-HandoffProcessService : IDMClient onProcessConnected
08-05 04:49:33.409 30782 31155 I IDM-MiConnectService : app thread created app thread for 8193
08-05 04:49:33.409 30782 31155 I IDM-MiConnectService : setCallBack appid: 8193,roleType: 1
08-05 04:49:33.409 30782 31155 D IDM-PropertyUtils : is agreed: false
08-05 04:49:33.413 30782 31155 E IDM-s:miconnect:  : not available
08-05 04:49:33.413 30782 31155 E IDM-stat: MiotReportManager : not available becase: is_enable_disable_build: true
08-05 04:49:33.413 30782 31155 I IDM-MiConnectService : startAdvertising discType 2
08-05 04:49:33.414 30782 31155 D IDM-LocalAppServer : initSuppSetting: commSetting = 2
08-05 04:49:33.414 30782 30782 D IDM-IDMClientProcManager : registerIDMClient: clientId = [a023jkdf]
08-05 04:49:33.417 30782 31155 D IDM-LocalAppServer : initCurrSetting: commSetting = 2
08-05 04:49:33.421 30782 30782 D IDM-PackkageUtil : pkg com.xiaomi.mi_connect_service
08-05 04:49:33.421 30782 30863 D IDM-CertSavingManager : get cert3 from sp
08-05 04:49:33.421 30782 30782 E IDM-IDMSecurityManager : checkRegisterClientId InnerCalling no need check clientId
08-05 04:49:33.422 30782 30863 D IDM-CertSavingManager : get cert2 from ram space
08-05 04:49:33.422 30782 30782 D IDM-IDMClientProcManager : param size = [4]
08-05 04:49:33.424 30782 30782 E IDM-IDMClientProcManager : IdentifyParam = [# com.xiaomi.mi_connect_service.proto.IPCParam$IdentifyParam@7bc6f]
08-05 04:49:33.424 30782 30782 D IDM-IDMNativeWraper : clientId = [a023jkdf], sdk version = [2001137]
08-05 04:49:33.424 30782 30782 D IDM-IDMNativeWraper : clientId = [a023jkdf], Use Native V2
08-05 04:49:33.432 30782 30782 E IDM-PropertyAgent : DeviceService  init 
08-05 04:49:33.437 30782 30782 I IDM-PropertyAgent : setTokenInfo
08-05 04:49:33.442 30782 31155 D IDM-LocalAppServerHolder : add App Server 8193
08-05 04:49:33.443 30782 31155 D IDM-PropertyUtils : is agreed: false
08-05 04:49:33.443 30782 31155 E IDM-s:miconnect:  : not available
08-05 04:49:33.444 30782 31155 I IDM-MiConnectService : startAdvertising 2
08-05 04:49:33.444 30782 31155 E IDM-LocalAppServer : startAdvertising
08-05 04:49:33.446 30782 30782 D IDM-IDMNativeWraper : registerIDMClient V2
08-05 04:49:33.446 30782 30782 D IDM-IDMNative : registerIDMClient, id:a023jkdf
08-05 04:49:33.447 30782 30863 D IDM-CertSavingManager : get cert2 from sp file
08-05 04:49:33.448 30782 31093 V IDM-CertSavingManager : current saving is empty
08-05 04:49:33.448 30782 31093 V IDM-MiIdentity : h: validateCurrentSaving took 0 milliseconds.
08-05 04:49:33.449 30782 31093 I IDM-AttributeManager : update 2
08-05 04:49:33.449 30782 31093 D IDM-CoapStorage : addAttribute uuid: 00000000-09da-4bed-9652-f507366fcfc5
08-05 04:49:33.449 30782 31093 D IDM-CoapStorage : addAttribute uuid: 00000001-09da-4bed-9652-f507366fcfc5
08-05 04:49:33.449 30782 31093 D IDM-CoapStorage : addAttribute uuid: 00000003-09da-4bed-9652-f507366fcfc5
08-05 04:49:33.449 30782 31093 D IDM-CoapStorage : addAttribute uuid: 00000004-09da-4bed-9652-f507366fcfc5
08-05 04:49:33.449 30782 31093 D IDM-CoapStorage : addAttribute uuid: 00000005-09da-4bed-9652-f507366fcfc5
08-05 04:49:33.449 30782 31093 D IDM-CoapStorage : addAttribute uuid: 00000006-09da-4bed-9652-f507366fcfc5
08-05 04:49:33.450 30782 31093 D IDM-CoapStorage : addAttribute uuid: 00000008-09da-4bed-9652-f507366fcfc5
08-05 04:49:33.450 30782 31093 D IDM-CoapStorage : addAttribute uuid: 00000007-09da-4bed-9652-f507366fcfc5
08-05 04:49:33.451 30782 31155 V IDM-CertSavingManager : current saving is empty
08-05 04:49:33.451 30782 31093 D IDM-CoapStorage : addAttribute uuid: 20020001-09da-4bed-9652-f507366fcfc5
08-05 04:49:33.451 30782 31093 D IDM-CoapStorage : addAttribute uuid: 20020002-09da-4bed-9652-f507366fcfc5
08-05 04:49:33.451 30782 30863 V IDM-MiIdentity : h: Receive message 1, hardware data 37c8b02fc947e222c97245c67104793923f751c6, hardwareHash 7c
08-05 04:49:33.451 30782 31093 D IDM-CoapStorage : addAttribute uuid: 20020003-09da-4bed-9652-f507366fcfc5
08-05 04:49:33.451 30782 30863 D IDM-CertSavingManager : queryWhenLogin mijiaDid 37c8b02fc947e222c97245c67104793923f751c6, didHash 7c
08-05 04:49:33.451 30782 31093 D IDM-CoapStorage : addAttribute uuid: 20020004-09da-4bed-9652-f507366fcfc5
08-05 04:49:33.451 30782 31093 D IDM-CoapStorage : addAttribute uuid: 20020005-09da-4bed-9652-f507366fcfc5
08-05 04:49:33.451 30782 31093 D IDM-CoapStorage : addAttribute uuid: 20020006-09da-4bed-9652-f507366fcfc5
08-05 04:49:33.452 30782 31093 D IDM-CoapStorage : addAttribute uuid: 20020007-09da-4bed-9652-f507366fcfc5
08-05 04:49:33.452 30782 31093 D IDM-CoapStorage : addAttribute uuid: 20020008-09da-4bed-9652-f507366fcfc5
08-05 04:49:33.452 30782 31093 D IDM-CoapStorage : addAttribute uuid: 20020009-09da-4bed-9652-f507366fcfc5
08-05 04:49:33.452 30782 31093 D IDM-CoapStorage : addAttribute uuid: 2002000a-09da-4bed-9652-f507366fcfc5
08-05 04:49:33.452 30782 31093 D IDM-CoapStorage : addAttribute uuid: 2002000b-09da-4bed-9652-f507366fcfc5
08-05 04:49:33.452 30782 31093 D IDM-CoapStorage : addAttribute uuid: 2002000c-09da-4bed-9652-f507366fcfc5
08-05 04:49:33.452 30782 31093 D IDM-CoapStorage : addAttribute uuid: 2002000d-09da-4bed-9652-f507366fcfc5
08-05 04:49:33.452 30782 31093 D IDM-CoapResponder : addService
08-05 04:49:33.453 30782 31093 V IDM-CoapResponder : add Attribute 00000008-09da-4bed-9652-f507366fcfc5 Service
08-05 04:49:33.453 30782 31093 V IDM-CoapResponder : add Attribute 2002000a-09da-4bed-9652-f507366fcfc5 Service
08-05 04:49:33.453 30782 31093 V IDM-CoapResponder : add Attribute 2002000b-09da-4bed-9652-f507366fcfc5 Service
08-05 04:49:33.453 30782 31093 V IDM-CoapResponder : add Attribute 20020008-09da-4bed-9652-f507366fcfc5 Service
08-05 04:49:33.453 30782 31093 V IDM-CoapResponder : add Attribute 20020009-09da-4bed-9652-f507366fcfc5 Service
08-05 04:49:33.453 30782 31093 V IDM-CoapResponder : add Attribute 2002000c-09da-4bed-9652-f507366fcfc5 Service
08-05 04:49:33.453 30782 31093 V IDM-CoapResponder : add Attribute 2002000d-09da-4bed-9652-f507366fcfc5 Service
08-05 04:49:33.453 30782 31093 V IDM-CoapResponder : add Attribute 00000000-09da-4bed-9652-f507366fcfc5 Service
08-05 04:49:33.453 30782 31093 V IDM-CoapResponder : add Attribute 20020002-09da-4bed-9652-f507366fcfc5 Service
08-05 04:49:33.453 30782 31093 V IDM-CoapResponder : add Attribute 00000001-09da-4bed-9652-f507366fcfc5 Service
08-05 04:49:33.454 30782 31093 V IDM-CoapResponder : add Attribute 20020003-09da-4bed-9652-f507366fcfc5 Service
08-05 04:49:33.454 30782 31093 V IDM-CoapResponder : add Attribute 00000003-09da-4bed-9652-f507366fcfc5 Service
08-05 04:49:33.454 30782 31093 V IDM-CoapResponder : add Attribute 20020001-09da-4bed-9652-f507366fcfc5 Service
08-05 04:49:33.454 30782 31093 V IDM-CoapResponder : add Attribute 00000004-09da-4bed-9652-f507366fcfc5 Service
08-05 04:49:33.454 30782 31093 V IDM-CoapResponder : add Attribute 20020006-09da-4bed-9652-f507366fcfc5 Service
08-05 04:49:33.454 30782 31093 V IDM-CoapResponder : add Attribute 00000005-09da-4bed-9652-f507366fcfc5 Service
08-05 04:49:33.454 30782 31093 V IDM-CoapResponder : add Attribute 20020007-09da-4bed-9652-f507366fcfc5 Service
08-05 04:49:33.454 30782 31093 V IDM-CoapResponder : add Attribute 00000006-09da-4bed-9652-f507366fcfc5 Service
08-05 04:49:33.454 30782 31093 V IDM-CoapResponder : add Attribute 20020004-09da-4bed-9652-f507366fcfc5 Service
08-05 04:49:33.454 30782 31093 V IDM-CoapResponder : add Attribute 00000007-09da-4bed-9652-f507366fcfc5 Service
08-05 04:49:33.455 30782 31155 V IDM-MiIdentity : h: validateCurrentSaving took 4 milliseconds.
08-05 04:49:33.455 30782 31155 I IDM-AttributeManager : update 2
08-05 04:49:33.455 30782 31155 D IDM-CoapStorage : addAttribute uuid: 00000000-09da-4bed-9652-f507366fcfc5
08-05 04:49:33.455 30782 31155 D IDM-CoapStorage : addAttribute uuid: 00000001-09da-4bed-9652-f507366fcfc5
08-05 04:49:33.455 30782 31155 D IDM-CoapStorage : addAttribute uuid: 00000003-09da-4bed-9652-f507366fcfc5
08-05 04:49:33.455 30782 31155 D IDM-CoapStorage : addAttribute uuid: 00000004-09da-4bed-9652-f507366fcfc5
08-05 04:49:33.455 30782 31155 D IDM-CoapStorage : addAttribute uuid: 00000005-09da-4bed-9652-f507366fcfc5
08-05 04:49:33.456 30782 31155 D IDM-CoapStorage : addAttribute uuid: 00000006-09da-4bed-9652-f507366fcfc5
08-05 04:49:33.456 30782 31155 D IDM-CoapStorage : addAttribute uuid: 00000008-09da-4bed-9652-f507366fcfc5
08-05 04:49:33.456 30782 31155 D IDM-CoapStorage : addAttribute uuid: 00000007-09da-4bed-9652-f507366fcfc5
08-05 04:49:33.456 30782 31155 D IDM-CoapStorage : addAttribute uuid: 20020001-09da-4bed-9652-f507366fcfc5
08-05 04:49:33.457 30782 31161 D IDM-CertSavingManager : save all data fetched in new thread.
08-05 04:49:33.457 30782 31155 D IDM-CoapStorage : addAttribute uuid: 20020002-09da-4bed-9652-f507366fcfc5
08-05 04:49:33.457 30782 31155 D IDM-CoapStorage : addAttribute uuid: 20020003-09da-4bed-9652-f507366fcfc5
08-05 04:49:33.457 30782 31155 D IDM-CoapStorage : addAttribute uuid: 20020004-09da-4bed-9652-f507366fcfc5
08-05 04:49:33.457 30782 31155 D IDM-CoapStorage : addAttribute uuid: 20020005-09da-4bed-9652-f507366fcfc5
08-05 04:49:33.457 30782 31155 D IDM-CoapStorage : addAttribute uuid: 20020006-09da-4bed-9652-f507366fcfc5
08-05 04:49:33.457 30782 31155 D IDM-CoapStorage : addAttribute uuid: 20020007-09da-4bed-9652-f507366fcfc5
08-05 04:49:33.457 30782 31155 D IDM-CoapStorage : addAttribute uuid: 20020008-09da-4bed-9652-f507366fcfc5
08-05 04:49:33.458 30782 31155 D IDM-CoapStorage : addAttribute uuid: 20020009-09da-4bed-9652-f507366fcfc5
08-05 04:49:33.458 30782 31155 D IDM-CoapStorage : addAttribute uuid: 2002000a-09da-4bed-9652-f507366fcfc5
08-05 04:49:33.458 30782 31155 D IDM-CoapStorage : addAttribute uuid: 2002000b-09da-4bed-9652-f507366fcfc5
08-05 04:49:33.458 30782 31155 D IDM-CoapStorage : addAttribute uuid: 2002000c-09da-4bed-9652-f507366fcfc5
08-05 04:49:33.458 30782 31155 D IDM-CoapStorage : addAttribute uuid: 2002000d-09da-4bed-9652-f507366fcfc5
08-05 04:49:33.458 30782 31155 D IDM-CoapStorage : addAttribute uuid: 20010001-09da-4bed-9652-f507366fcfc5
08-05 04:49:33.458 30782 31155 D IDM-CoapStorage : addAttribute uuid: 20010002-09da-4bed-9652-f507366fcfc5
08-05 04:49:33.458 30782 31155 D IDM-CoapStorage : addAttribute uuid: 20010003-09da-4bed-9652-f507366fcfc5
08-05 04:49:33.461 30782 31093 V IDM-CoapResponder : add Attribute 20020005-09da-4bed-9652-f507366fcfc5 Service
08-05 04:49:33.471 30782 31155 D IDM-CoapStorage : addAttribute uuid: 20010004-09da-4bed-9652-f507366fcfc5
08-05 04:49:33.471 30782 31093 I IDM-AdvertisingManager : update 2
08-05 04:49:33.471 30782 31093 I IDM-AdvertisingManager : update after changed for BT, discType is 2
08-05 04:49:33.471 30782 31155 D IDM-CoapStorage : addAttribute uuid: 20010005-09da-4bed-9652-f507366fcfc5
08-05 04:49:33.471 30782 31093 D IDM-BonjourGovernor : stopAdvertising: enter
08-05 04:49:33.471 30782 31155 D IDM-CoapStorage : addAttribute uuid: 20010006-09da-4bed-9652-f507366fcfc5
08-05 04:49:33.471 30782 30863 D IDM-CertSavingManager : get cert3 from ram
08-05 04:49:33.471 30782 31093 E IDM-BonjourGovernor : stopAdvertising: exit since not in advertising
08-05 04:49:33.471 30782 31155 D IDM-CoapStorage : addAttribute uuid: 20010007-09da-4bed-9652-f507366fcfc5
08-05 04:49:33.471 30782 31093 D IDM-PropertyUtils : is agreed: false
08-05 04:49:33.471 30782 31155 D IDM-CoapStorage : addAttribute uuid: 20010008-09da-4bed-9652-f507366fcfc5
08-05 04:49:33.471 30782 31093 W IDM-MiConnectReport : report failure -2012 0
08-05 04:49:33.472 30782 31155 D IDM-CoapStorage : addAttribute uuid: 20010009-09da-4bed-9652-f507366fcfc5
08-05 04:49:33.472 30782 31093 E IDM-stat: MiotReportManager : not available becase: is_enable_disable_build: true
08-05 04:49:33.472 30782 31155 D IDM-CoapStorage : addAttribute uuid: 2001000a-09da-4bed-9652-f507366fcfc5
08-05 04:49:33.472 30782 30863 D IDM-CertSavingManager : get cert2 from ram space
08-05 04:49:33.472 30782 31155 D IDM-CoapStorage : addAttribute uuid: 2001000b-09da-4bed-9652-f507366fcfc5
08-05 04:49:33.472 30782 31155 D IDM-CoapStorage : addAttribute uuid: 2001000c-09da-4bed-9652-f507366fcfc5
08-05 04:49:33.472 30782 31155 D IDM-CoapStorage : addAttribute uuid: 2001000d-09da-4bed-9652-f507366fcfc5
08-05 04:49:33.472 30782 31155 D IDM-CoapResponder : addService
08-05 04:49:33.472 30782 31155 V IDM-CoapResponder : add Attribute 00000008-09da-4bed-9652-f507366fcfc5 Service
08-05 04:49:33.472 30782 31155 V IDM-CoapResponder : add Attribute 2002000a-09da-4bed-9652-f507366fcfc5 Service
08-05 04:49:33.472 30782 31155 V IDM-CoapResponder : add Attribute 20010009-09da-4bed-9652-f507366fcfc5 Service
08-05 04:49:33.473 30782 31155 V IDM-CoapResponder : add Attribute 2002000b-09da-4bed-9652-f507366fcfc5 Service
08-05 04:49:33.473 30782 31155 V IDM-CoapResponder : add Attribute 20010008-09da-4bed-9652-f507366fcfc5 Service
08-05 04:49:33.473 30782 31155 V IDM-CoapResponder : add Attribute 20020008-09da-4bed-9652-f507366fcfc5 Service
08-05 04:49:33.473 30782 31155 V IDM-CoapResponder : add Attribute 2001000b-09da-4bed-9652-f507366fcfc5 Service
08-05 04:49:33.473 30782 31155 V IDM-CoapResponder : add Attribute 20020009-09da-4bed-9652-f507366fcfc5 Service
08-05 04:49:33.473 30782 31155 V IDM-CoapResponder : add Attribute 2001000a-09da-4bed-9652-f507366fcfc5 Service
08-05 04:49:33.473 30782 31155 V IDM-CoapResponder : add Attribute 2001000d-09da-4bed-9652-f507366fcfc5 Service
08-05 04:49:33.473 30782 31155 V IDM-CoapResponder : add Attribute 2001000c-09da-4bed-9652-f507366fcfc5 Service
08-05 04:49:33.473 30782 30863 V IDM-MiIdentity : h: Receive message 1, hardware data 37c8b02fc947e222c97245c67104793923f751c6, hardwareHash 7c
08-05 04:49:33.473 30782 31155 V IDM-CoapResponder : add Attribute 2002000c-09da-4bed-9652-f507366fcfc5 Service
08-05 04:49:33.473 30782 31155 V IDM-CoapResponder : add Attribute 2002000d-09da-4bed-9652-f507366fcfc5 Service
08-05 04:49:33.473 30782 30863 D IDM-CertSavingManager : queryWhenLogin mijiaDid 37c8b02fc947e222c97245c67104793923f751c6, didHash 7c
08-05 04:49:33.474 30782 31155 V IDM-CoapResponder : add Attribute 00000000-09da-4bed-9652-f507366fcfc5 Service
08-05 04:49:33.474 30782 31155 V IDM-CoapResponder : add Attribute 20020002-09da-4bed-9652-f507366fcfc5 Service
08-05 04:49:33.474 30782 31155 V IDM-CoapResponder : add Attribute 20010001-09da-4bed-9652-f507366fcfc5 Service
08-05 04:49:33.474 30782 31155 V IDM-CoapResponder : add Attribute 00000001-09da-4bed-9652-f507366fcfc5 Service
08-05 04:49:33.474 30782 31155 V IDM-CoapResponder : add Attribute 20020003-09da-4bed-9652-f507366fcfc5 Service
08-05 04:49:33.474 30782 31155 V IDM-CoapResponder : add Attribute 20010003-09da-4bed-9652-f507366fcfc5 Service
08-05 04:49:33.474 30782 31155 V IDM-CoapResponder : add Attribute 00000003-09da-4bed-9652-f507366fcfc5 Service
08-05 04:49:33.474 30782 31155 V IDM-CoapResponder : add Attribute 20020001-09da-4bed-9652-f507366fcfc5 Service
08-05 04:49:33.474 30782 31155 V IDM-CoapResponder : add Attribute 20010002-09da-4bed-9652-f507366fcfc5 Service
08-05 04:49:33.474 30782 31155 V IDM-CoapResponder : add Attribute 00000004-09da-4bed-9652-f507366fcfc5 Service
08-05 04:49:33.474 30782 31155 V IDM-CoapResponder : add Attribute 20020006-09da-4bed-9652-f507366fcfc5 Service
08-05 04:49:33.479 30782 31155 V IDM-CoapResponder : add Attribute 20010005-09da-4bed-9652-f507366fcfc5 Service
08-05 04:49:33.479 30782 31155 V IDM-CoapResponder : add Attribute 00000005-09da-4bed-9652-f507366fcfc5 Service
08-05 04:49:33.479 30782 31155 V IDM-CoapResponder : add Attribute 20020007-09da-4bed-9652-f507366fcfc5 Service
08-05 04:49:33.479 30782 31155 V IDM-CoapResponder : add Attribute 20010004-09da-4bed-9652-f507366fcfc5 Service
08-05 04:49:33.479 30782 31155 V IDM-CoapResponder : add Attribute 00000006-09da-4bed-9652-f507366fcfc5 Service
08-05 04:49:33.479 30782 31155 V IDM-CoapResponder : add Attribute 20020004-09da-4bed-9652-f507366fcfc5 Service
08-05 04:49:33.480 30782 31155 V IDM-CoapResponder : add Attribute 20010007-09da-4bed-9652-f507366fcfc5 Service
08-05 04:49:33.480 30782 31155 V IDM-CoapResponder : add Attribute 00000007-09da-4bed-9652-f507366fcfc5 Service
08-05 04:49:33.480 30782 31155 V IDM-CoapResponder : add Attribute 20020005-09da-4bed-9652-f507366fcfc5 Service
08-05 04:49:33.480 30782 31155 V IDM-CoapResponder : add Attribute 20010006-09da-4bed-9652-f507366fcfc5 Service
08-05 04:49:33.488 30782 31168 D IDM-CertSavingManager : save all data fetched in new thread.
