08-05 01:52:30.531 17418 17574 V IDM-BonjourGovernor : J-Debug startAdvertising json: {"nm":"Redmi Note 10S","as":"[8193, 8194]","ip":"101"}
08-05 01:52:31.243 17418 17491 D IDM-BonjourGovernor : onServiceRegistered: 
08-05 01:52:31.244 17418 17574 D IDM-LocalAppServer : advertisingResult, discType:2, result3
08-05 01:52:31.244 17418 17574 D IDM-AppMgrNative : onAdvertisingResult enter, result:3
08-05 01:52:31.245 17418 17574 D IDM-LocalAppServer : advertisingResult, discType:2, result3
08-05 01:52:31.245 17418 17574 D IDM-AppMgrNative : onAdvertisingResult enter, result:3
08-05 01:52:31.245 17418 17574 D IDM-BonjourGovernor : startAdvertising: exit
08-05 01:52:31.245 17418 17574 D IDM-LocalAppServer : can not create p2p go.
08-05 01:52:31.245 17418 17574 E IDM-LocalAppServer : startAdvertising end.
08-05 01:52:31.245 17418 17574 I IDM-MiConnectService : startAdvertising 3
08-05 01:52:31.245 17418 17574 D IDM-PropertyUtils : is agreed: false
08-05 01:52:31.246 17418 17562 V IDM-HandoffProcessService : onAdvertisingResult: status = [3] MSG = [Start Advertising SUCCESS]
08-05 01:52:31.246 17418 17574 E IDM-s:miconnect:  : not available
08-05 01:52:31.246 17418 17574 E IDM-stat: MiotReportManager : not available becase: is_enable_disable_build: true
08-05 01:52:31.247 17418 17621 I IDM-AdvertisingManager : update 2
08-05 01:52:31.247 17418 17621 I IDM-AdvertisingManager : update after changed for BT, discType is 2
08-05 01:52:31.247 17418 17621 D IDM-BonjourGovernor : stopAdvertising: enter
08-05 01:52:31.250 17418 17491 D IDM-BonjourGovernor : onServiceUnregistered: 
08-05 01:52:31.250 17418 17621 D IDM-BonjourGovernor : stopAdvertising: exit
08-05 01:52:31.756 17418 17490 D IDM-IDMCloudTransfer : Received response for https://idm.iot.mi.com/idm/info/batch in 1913.1ms
date: Fri, 05 Aug 2022 05:52:32 GMT
content-type: application/json
vary: Origin
vary: Access-Control-Request-Method
vary: Access-Control-Request-Headers

08-05 01:52:31.791 17418 17490 D IDM-IDMCloudTransfer : requestAppConfigPost body = {"status":200,"message":"","result":[{"id":4,"clientId":"aa80e4f0","appName":"ToBSoundBox","signature":"E2:2C:DA:40:69:37:EA:C4:6B:DE:7A:A2:F2:09:2D:AA:CC:9E:FF:F6","certificate":"","platform":"Android","packageName":"com.xiaomi.micolauncher","online":2,"createTime":1607414192,"changeTime":1614132887,"comment":"","services":null,"findables":[{"serviceType":"urn:aiot-spec-v3:service:iot-local-control:00000001:1","actions":["ALL"]}]},{"id":3,"clientId":"a5c11fdd","appName":"TestTeamApp","signature":"7A:68:0A:8D:D9:99:21:43:B7:69:EA:93:9B:89:9A:8E:43:D2:09:67","certificate":"","platform":"Android","packageName":"com.iot.xiaomi.miconnecttest","online":2,"createTime":1607414027,"changeTime":1619058349,"comment":"","services":[{"serviceType":"urn:aiot-spec-v3:service:idm-test:00000001:1","actions":[]},{"serviceType":"urn:aiot-spec-v3:service:multi-screen-collaboration:00000001:1","actions":[]},{"serviceType":"urn:aiot-spec-v3:service:input:00000001:1","actions":[]},{"serviceType":"urn:aiot-spec-v3:service:iot-local-control:00000001:1","actions":[]},{"serviceType":"urn:aiot-spec-v3:service:ip-camera:00000001:1","actions":[]},{"serviceType":"urn:aiot-spec-v3:service:light:00000001:1","actions":[]},{"serviceType":"urn:aiot-spec-v3:service:motionsensor:00000001:1","actions":[]},{"serviceType":"urn:aiot-spec-v3:service:handoff:00000001:1","actions":[]},{"serviceType":"urn:aiot-spec-v3:com.mi.idm:service:micast-tv:00017802:1.0","actions":["ALL"]},{"serviceType":"urn:aiot-spec-v3:com.mi.idm:service:notification-local:00017804:1.0","actions":[]}],"findables":[{"serviceType":"urn:aiot-spec-v3:service:iot-local-control:00000001:1","actions":["ALL"]},{"serviceType":"urn:aiot-spec-v3:service:ip-camera:00000001:1","actions":["ALL"]},{"serviceType":"urn:aiot-spec-v3:service:light:00000001:1","actions":["ALL"]},{"serviceType":"urn:aiot-spec-v3:service:motionsensor:00000001:1","actions":["ALL"]},{"serviceType":"urn:aiot-spec-v3:service:handoff:00000001:1","actions":["ALL"]},{"serviceType":"urn:aiot-spec-v3:service:input:00000001:1","actions":["ALL"]},{"serviceType":"urn:aiot-spec-v3:service:multi-screen-collaboration:00000001:1","actions":["ALL"]},{"serviceType":"urn:aiot-spec-v3:service:idm-test:00000001:1","actions":[]},{"serviceType":"urn:aiot-spec-v3:com.mi.idm:service:micast-tv:00017802:1.0","actions":["ALL"]},{"serviceType":"urn:aiot-spec-v3:com.mi.idm:service:notification-local:00017804:1.0","actions":["ALL"]}]},{"id":1,"clientId":"adc78733","appName":"IDMTestApp","signature":"27:19:6E:38:6B:87:5E:76:AD:F7:00:E7:EA:84:E4:C6:EE:E3:3D:FA","certificate":"","platform":"Android","packageName":"com.xiaomi.miconnect","online":2,"createTime":1607413671,"changeTime":1620717390,"comment":"","services":[{"serviceType":"urn:aiot-spec-v3:service:idm-test:00000001:1","actions":[]}],"findables":[{"serviceType":"urn:aiot-spec-v3:service:light:00000001:1","actions":["ALL"]},{"serviceType":"urn:aiot-spec-v3:service:input:00000001:1","actions":["ALL"]},{"serviceType":"urn:aiot-spec-v3:service:multi-screen-collaboration:00000001:1","actions":["ALL"]}]},{"id":5,"clientId":"apmr9571","appName":"SampleCode","signature":"2C:29:D4:3E:24:1E:3F:57:02:1B:86:D4:9B:E7:0F:59:7F:1A:4C:4D","certificate":"","platform":"Android","packageName":"com.xiaomi.idm.sample","online":2,"createTime":1607414256,"changeTime":1618390694,"comment":"","services":[{"serviceType":"urn:aiot-spec-v3:service:idm-test:00000001:1","actions":["ALL"]},{"serviceType":"urn:aiot-spec-v3:com.mi.idm:service:micast-tv:00017802:1.0","actions":["ALL"]}],"findables":[{"serviceType":"urn:aiot-spec-v3:service:iot-local-control:00000001:1","actions":["ALL"]},{"serviceType":"urn:aiot-spec-v3:service:ip-camera:00000001:1","actions":["ALL"]},{"serviceType":"urn:aiot-spec-v3:service:light:00000001:1","actions":["ALL"]},{"serviceType":"urn:aiot-spec-v3:service:motionsensor:00000001:1","actions":["ALL"]},{"serviceType":"urn:aiot-spec-v3:service:handoff:00000001:1","actions":["ALL"]},{"serviceType":"urn:aiot-spec-v3:service:input:00000001:1","actions":["ALL"]},{"serviceType":"urn:aiot-spec-v3:service:multi-screen-collaboration:00000001:1","actions":["ALL"]}]},{"id":2,"clientId":"aca27627","appName":"xiaomimirror","signature":"7B:6D:C7:07:9C:34:73:9C:E8:11:59:71:9F:B5:EB:61:D2:A0:32:25","certificate":"","platform":"Android","packageName":"com.xiaomi.mirror","online":2,"createTime":1607413907,"changeTime":1616405217,"comment":"","services":[{"serviceType":"urn:aiot-spec-v3:service:multi-screen-collaboration:00000001:1","actions":[]}],"findables":[{"serviceType":"urn:aiot-spec-v3:service:multi-screen-collaboration:00000001:1","actions":["ALL"]}]},{"id":6,"clientId":"adio19d2","appName":"DuoKanTvBox","signature":"08:32:F8:EB:8B:B2:28:12:1A:6E:A9:0C:AD:D8:9D:58:2C:B1:9C:7D","certificate":"","platform":"Android","packageName":"com.duokan.airkan.tvbox","online":2,"createTime":1607414401,"changeTime":1607414433,"comment":"","services":null,"findables":[{"serviceType":"urn:aiot-spec-v3:service:input:00000001:1","actions":["ALL"]}]}],"timestamp":"2022-08-05 13:52:32.334"}
08-05 01:52:31.818 17418 17490 D IDM-IDMConfigCache : finish updateIDMCloudConfig
08-05 01:52:32.291 17418 17621 D IDM-TAG : Advertising flag is 2
08-05 01:52:32.291 17418 17621 V IDM-TAG : Short Id Hash is 333763
08-05 01:52:32.291 17418 17621 D IDM-BonjourGovernor : startAdvertising: enter
08-05 01:52:32.296 17418 17621 D IDM-BonjourGovernor : J-Debug pattern  count: 1
08-05 01:52:32.297 17418 17621 D IDM-BonjourGovernor : J-Debug pattern [\u4e00-\u9fa5]count: 0
08-05 01:52:32.297 17418 17621 V IDM-BonjourGovernor : J-Debug outside realLen: 60, nmLen: 21, asLen: 19, ipLen: 10, containChinese: false, jsonStr: {"nm":"Redmi Note 10S","as":"[8193, 8194]","ip":"101"}
08-05 01:52:32.297 17418 17621 V IDM-BonjourGovernor : J-Debug startAdvertising json: {"nm":"Redmi Note 10S","as":"[8193, 8194]","ip":"101"}
08-05 01:52:32.985 17418 17491 D IDM-BonjourGovernor : onServiceRegistered: 
08-05 01:52:32.985 17418 17621 D IDM-LocalAppServer : advertisingResult, discType:2, result3
08-05 01:52:32.986 17418 17621 D IDM-LocalAppServer : result = START_ADVERTISING_SUCCESS, no need callback!
08-05 01:52:32.986 17418 17621 D IDM-LocalAppServer : advertisingResult, discType:2, result3
08-05 01:52:32.986 17418 17621 D IDM-LocalAppServer : result = START_ADVERTISING_SUCCESS, no need callback!
08-05 01:52:32.986 17418 17621 D IDM-BonjourGovernor : startAdvertising: exit
08-05 01:52:32.986 17418 17621 D IDM-LocalAppServer : can not create p2p go.
08-05 01:52:32.986 17418 17621 E IDM-LocalAppServer : startAdvertising end.
08-05 01:52:32.986 17418 17621 I IDM-MiConnectService : startAdvertising 3
08-05 01:52:32.986 17418 17621 D IDM-PropertyUtils : is agreed: false
08-05 01:52:32.987 17418 17621 E IDM-s:miconnect:  : not available
08-05 01:52:32.987 17418 17621 E IDM-stat: MiotReportManager : not available becase: is_enable_disable_build: true
08-05 02:31:57.880 23686 23686 I IDM-LogUtil : LogUtils init, A new application started
08-05 02:31:57.891 23686 23686 D IDM-PermissionManager : mIsSelfDebugSignature = false
08-05 02:31:57.894 23686 23686 I IDM-PermissionManager : load permission assets
08-05 02:31:57.901 23686 23686 I IDM-PermissionManager : failed to check uid for com.miui.huanji -1
08-05 02:31:57.902 23686 23686 I IDM-PermissionManager : failed to check uid for com.duokan.phone.remotecontroller -1
08-05 02:31:57.903 23686 23686 I IDM-PermissionManager : failed to check uid for com.iot.xiaomi.miconnecttest -1
08-05 02:31:57.904 23686 23686 I IDM-PermissionManager : failed to check uid for com.xiaomi.idm_autotest_android -1
08-05 02:31:57.904 23686 23686 I IDM-PermissionManager : failed to check uid for com.miui.video -1
08-05 02:31:57.905 23686 23686 I IDM-PermissionManager : failed to check uid for com.xiaomi.mitime -1
08-05 02:31:57.906 23686 23686 I IDM-PermissionManager : failed to check uid for com.xiaomi.wearable -1
08-05 02:31:57.907 23686 23686 I IDM-PermissionManager : failed to check uid for com.xiaomi.idm.sample -1
08-05 02:31:57.907 23686 23686 I IDM-PermissionManager : perm loaded v: 8
08-05 02:31:57.907 23686 23686 D IDM-ConfigMgr : config file: /data/user/0/com.xiaomi.mi_connect_service/files/config/config
08-05 02:31:57.934 23686 23686 D IDM-TimerStack : parseConfig start
08-05 02:31:57.938 23686 23686 W IDM-ConfigMgr : api invokes before apps loaded
08-05 02:31:57.938 23686 23686 D IDM-TimerStack : parseConfig end: 4
08-05 02:31:57.938 23686 23686 I IDM-ConfigMgr : 13 items loaded
08-05 02:31:57.939 23686 23686 I IDM-ConfigMgr : 4 data items loaded
08-05 02:31:57.939 23686 23686 D IDM-RegionUtil : CL
08-05 02:31:57.953 23686 23686 D IDM-PropertyUtils : is agreed: false
08-05 02:31:57.973 23686 23710 I IDM-CloudCtrFileJob : work
08-05 02:31:57.976 23686 23686 D IDM-PropertyUtils : is agreed: false
08-05 02:31:57.980 23686 23686 D IDM-DeviceUtil : platform type property: default
08-05 02:31:57.980 23686 23686 E IDM-Constant : is international: true
08-05 02:31:57.980 23686 23713 V IDM-url : server time url: https://us-idm.api.io.mi.com/app/appgateway/miot/miconnect_server/MiconnectService/common/serverTime
08-05 02:31:57.981 23686 23713 D IDM-TimerStack : ServerTime start
08-05 02:31:57.981 23686 23686 E IDM-s:miconnect:  : not available
08-05 02:31:57.987 23686 23686 V IDM-NetworkApi : mijia api base is : https://us.api.io.mi.com/
08-05 02:31:57.991 23686 23686 D IDM-MiIdentity : h: MiIdentity init start: ACCOUNT_VERIFY true
08-05 02:31:57.992 23686 23686 V IDM-MiIdentity : MiIdentityStore: MiIdentityStore init
08-05 02:31:58.001 23686 23686 V IDM-MiIdentity : MiIdentityStore: loadMiIdentityInfo took 9 milliseconds.
08-05 02:31:58.015 23686 23686 V IDM-MiIdentity : h: MiIdentity init end took 23 milliseconds.
08-05 02:31:58.015 23686 23723 V IDM-MiIdentity : h: MiIdentity onAccountChange, old 6552773799, new 6552773799
08-05 02:31:58.015 23686 23711 V IDM-MiIdentity : h: Receive message 0, hardware data 37c8b02fc947e222c97245c67104793923f751c6, hardwareHash 7c
08-05 02:31:58.015 23686 23711 D IDM-CertSavingManager : queryWhenLogin mijiaDid 37c8b02fc947e222c97245c67104793923f751c6, didHash 7c
08-05 02:31:58.027 23686 23720 E IDM-apm-idm : {"machineCode":"us","countryCode":"CL"}
08-05 02:31:58.027 23686 23720 E IDM-apm-idm : url=https://cdn.awsusor1.fds.api.mi-img.com/miot-miconnect-apm/idmapm/release/apm_control.json
08-05 02:31:58.027 23686 23720 D IDM-PropertyUtils : is agreed: false
08-05 02:31:58.029 23686 23686 I IDM-MiConnectService : onCreate versionName:2.1.137 userId:0
08-05 02:31:58.036 23686 23686 D IDM-PropertyUtils : is agreed: false
08-05 02:31:58.036 23686 23686 E IDM-s:miconnect:  : not available
08-05 02:31:58.037 23686 23686 D IDM-DeviceUtil : platform type property: default
08-05 02:31:58.039 23686 23686 D IDM-BonjourGovernor : BonjourGovernor ver: 9.8.09.01
08-05 02:31:58.039 23686 23737 D IDM-TimerStack : load all start
08-05 02:31:58.040 23686 23738 D IDM-CoapResponder : startCoapServer
08-05 02:31:58.040 23686 23738 V IDM-CoapResponder : 0: Start coap server on ports 56666
08-05 02:31:58.058 23686 23738 D IDM-CoapResponder : Start CoapServer Successful
08-05 02:31:58.062 23686 23737 D IDM-TimerStack : load all end: 22
08-05 02:31:58.259 23686 23686 D IDM-MiConnectService : SYSTEM userId else: 0,APP USERID 1000
08-05 02:31:58.259 23686 23686 D IDM-BtGovernor : BtApi getBleGovernor
08-05 02:31:58.263 23686 23686 I IDM-BleClientService :  BleAttributeClientOperation Consturctor, dev.1.2.0
08-05 02:31:58.263 23686 23686 D IDM-BleDiscovery : init enter, mIsInitiated=false
08-05 02:31:58.267 23686 23686 I IDM-BleServerService :  BleAttributeServerOperation Consturctor, dev.1.2.0
08-05 02:31:58.267 23686 23686 I IDM-BleClientViaAttService :  BleClientService Consturctor, dev.1.2.0
08-05 02:31:58.268 23686 23686 I IDM-BleServerViaAttService :  BleServerService Consturctor, dev.1.2.0
08-05 02:31:58.273 23686 23686 I IDM-Discovery :  BleDiscovery Consturctor, dev.1.2.0
08-05 02:31:58.273 23686 23686 D IDM-Discovery : scan mode=2
08-05 02:31:58.273 23686 23686 D IDM-BtGovernor : BtApi BtGovernor Constructor, dev.1.2.0
08-05 02:31:58.275 23686 23686 D IDM-BtGovernor : BT Adapter was not supported ! 
08-05 02:31:58.275 23686 23686 I IDM-BleAdvertising :  BleAdvertising Consturctor, dev.1.2.0
08-05 02:31:58.276 23686 23686 E IDM-BtGovernor : Log enabled =false
08-05 02:31:58.276 23686 23686 D IDM-AbstractBtGovernor : BleApi setCallback
08-05 02:31:58.276 23686 23686 D IDM-BleBackGround : setCallback is set
08-05 02:31:58.276 23686 23686 D IDM-AbstractBtGovernor : BleApi enableStateListener
08-05 02:31:58.276 23686 23686 I IDM-AbstractBtGovernor : isAvailable enter
08-05 02:31:58.276 23686 23686 D IDM-AbstractBtGovernor : is support BT: false
08-05 02:31:58.276 23686 23686 D IDM-BtClassicGovernor : Classic Api getBtGovernor
08-05 02:31:58.276 23686 23686 I IDM-BleClientService :  BleAttributeClientOperation Consturctor, dev.1.2.0
08-05 02:31:58.276 23686 23686 D IDM-BleDiscovery : init enter, mIsInitiated=false
08-05 02:31:58.277 23686 23686 I IDM-BleClientViaAttService :  BleClientService Consturctor, dev.1.2.0
08-05 02:31:58.277 23686 23686 I IDM-BleServerViaAttService :  BleServerService Consturctor, dev.1.2.0
08-05 02:31:58.278 23686 23686 D IDM-BtClassicGovernor : Classic Api BtGovernor Constructor, dev.1.2.0
08-05 02:31:58.284 23686 23686 I IDM-BleAdvertising :  BleAdvertising Consturctor, dev.1.2.0
08-05 02:31:58.284 23686 23686 E IDM-BtClassicGovernor : Log enabled =false
08-05 02:31:58.284 23686 23686 I IDM-BtClassicGovernor : Classic setCallback
08-05 02:31:58.284 23686 23686 D IDM-AbstractBtGovernor : BleApi setCallback
08-05 02:31:58.284 23686 23686 D IDM-AbstractBtGovernor : BleApi enableStateListener
08-05 02:31:58.284 23686 23686 I IDM-BtClassicGovernor : BtClassical isAvailable enter
08-05 02:31:58.284 23686 23686 I IDM-AbstractBtGovernor : isAvailable enter
08-05 02:31:58.284 23686 23686 D IDM-AbstractBtGovernor : is support BT: false
08-05 02:31:58.284 23686 23686 D IDM-BtClassicGovernor : is support BT: false
08-05 02:31:58.285 23686 23686 D IDM-PropertyUtils : is agreed: false
08-05 02:31:58.287 23686 23686 W IDM-MiConnectReport : report failure -1024 0
08-05 02:31:58.287 23686 23686 E IDM-stat: MiotReportManager : not available becase: is_enable_disable_build: true
08-05 02:31:58.288 23686 23686 D IDM-BleGovernor : BleApi getBleGovernor
08-05 02:31:58.288 23686 23686 I IDM-BleClientService :  BleAttributeClientOperation Consturctor, dev.1.2.0
08-05 02:31:58.289 23686 23686 D IDM-BleDiscovery : init enter, mIsInitiated=false
08-05 02:31:58.289 23686 23686 I IDM-BleClientViaAttService :  BleClientService Consturctor, dev.1.2.0
08-05 02:31:58.289 23686 23686 I IDM-BleServerViaAttService :  BleServerService Consturctor, dev.1.2.0
08-05 02:31:58.292 23686 23686 D IDM-BleDiscovery : init enter, mIsInitiated=false
08-05 02:31:58.296 23686 23686 D IDM-BleGovernor : BT Adapter was not supported ! 
08-05 02:31:58.296 23686 23686 I IDM-BleAdvertising :  BleAdvertising Consturctor, dev.1.2.0
08-05 02:31:58.296 23686 23686 I IDM-BleGovernor : BleApi setCallback enter
08-05 02:31:58.296 23686 23686 D IDM-AbstractBtGovernor : BleApi setCallback
08-05 02:31:58.297 23686 23686 D IDM-AbstractBtGovernor : BleApi enableStateListener
08-05 02:31:58.297 23686 23686 I IDM-BleGovernor : isAvailable enter
08-05 02:31:58.297 23686 23686 I IDM-AbstractBtGovernor : isAvailable enter
08-05 02:31:58.297 23686 23686 D IDM-AbstractBtGovernor : is support BT: false
08-05 02:31:58.298 23686 23686 I IDM-WifiGovernor : Common: WifiGovernor Constructor
08-05 02:31:58.318 23686 23686 D IDM-WifiGovernor : Common: support5gBand: ret: true
08-05 02:31:58.319 23686 23686 D IDM-WifiGovernor : Common: Support DTLS: false
08-05 02:31:58.320 23686 23686 I IDM-WifiGovernor : Common: WifiGovernor constructor exit
08-05 02:31:58.320 23686 23686 I IDM-WifiGovernor : Common: isAvailable enter
08-05 02:31:58.320 23686 23686 I IDM-WifiGovernor : Common: isAvailable exit: true
08-05 02:31:58.321 23686 23686 I IDM-WifiGovernor : Common: WifiGovernor init enter
08-05 02:31:58.329 23686 23686 D IDM-WifiGovernor : Common: Start coap server successfully. retry: 0
08-05 02:31:58.329 23686 23686 I IDM-WifiGovernor : Common: WifiGovernor init exit
08-05 02:31:58.329 23686 23686 I IDM-WifiGovernor : Common: setCallback: com.xiaomi.mi_connect_service.MiConnectService$d@a6ec756
08-05 02:31:58.338 23686 23686 I IDM-NfcAdvPresenter : registerReceiver
08-05 02:31:58.338 23686 23686 D IDM-DeviceUtil : platform type property: default
08-05 02:31:58.339 23686 23686 D IDM-DeviceUtil : platform type property: default
08-05 02:31:58.339 23686 23686 I IDM-NfcScanHelper : ---start---state:IDEL
08-05 02:31:58.341 23686 23686 I IDM-NfcMessagePublisher : use NfcScanHelper
08-05 02:31:58.342 23686 23686 D IDM-DeviceUtil : platform type property: default
08-05 02:31:58.344 23686 23686 D IDM-DeviceUtil : platform type property: default
08-05 02:31:58.347 23686 23686 I IDM-NfcGovernor : isAvailable false
08-05 02:31:58.348 23686 23686 D IDM-MiConnectService : NFC available false
08-05 02:31:58.348 23686 23686 D IDM-DeviceUtil : platform type property: default
08-05 02:31:58.348 23686 23686 I IDM-NfcGovernor : isAvailable false
08-05 02:31:58.348 23686 23686 I IDM-BleGovernor : BleApi setAdvertisingCallback enter
08-05 02:31:58.348 23686 23686 E IDM-BleGovernor : BtGovernor died. need to init
08-05 02:31:58.348 23686 23686 D IDM-PropertyUtils : is agreed: false
08-05 02:31:58.349 23686 23686 W IDM-MiConnectReport : report failure -1053 0
08-05 02:31:58.349 23686 23686 E IDM-stat: MiotReportManager : not available becase: is_enable_disable_build: true
08-05 02:31:58.349 23686 23686 I IDM-BtClassicGovernor : BtClassical setAdvertisingCallback enter
08-05 02:31:58.349 23686 23686 E IDM-BtClassicGovernor : BtGovernor died. need to init
08-05 02:31:58.350 23686 23686 D IDM-PropertyUtils : is agreed: false
08-05 02:31:58.350 23686 23686 W IDM-MiConnectReport : report failure -1092 0
08-05 02:31:58.350 23686 23686 E IDM-stat: MiotReportManager : not available becase: is_enable_disable_build: true
08-05 02:31:58.350 23686 23686 I IDM-BtGovernor : BtApi setAdvertisingCallback enter
08-05 02:31:58.350 23686 23686 E IDM-BtGovernor : BtGovernor died. need to init
08-05 02:31:58.350 23686 23686 I IDM-BleGovernor : BleApi setDiscoveryCallback enter
08-05 02:31:58.350 23686 23686 E IDM-BleGovernor : BtGovernor died. need to init
08-05 02:31:58.350 23686 23686 D IDM-PropertyUtils : is agreed: false
08-05 02:31:58.351 23686 23686 W IDM-MiConnectReport : report failure -1053 0
08-05 02:31:58.351 23686 23686 E IDM-stat: MiotReportManager : not available becase: is_enable_disable_build: true
08-05 02:31:58.351 23686 23686 D IDM-BleDiscovery : setCallback enter
08-05 02:31:58.351 23686 23686 I IDM-BtClassicGovernor : BtClassic setDiscoveryCallback enter
08-05 02:31:58.351 23686 23686 E IDM-BtClassicGovernor : BtGovernor died. need to init
08-05 02:31:58.351 23686 23686 D IDM-PropertyUtils : is agreed: false
08-05 02:31:58.351 23686 23686 W IDM-MiConnectReport : report failure -1092 0
08-05 02:31:58.351 23686 23686 E IDM-stat: MiotReportManager : not available becase: is_enable_disable_build: true
08-05 02:31:58.351 23686 23686 D IDM-BtDiscovery : setCallback enter
08-05 02:31:58.352 23686 23686 I IDM-BtGovernor : BtApi setDiscoveryCallback enter
08-05 02:31:58.352 23686 23686 E IDM-BtGovernor : BtGovernor died. need to init
08-05 02:31:58.352 23686 23686 I IDM-WifiGovernor : Common: setDiscoveryCallback: b.h.o.q$a@8a4d6cf
08-05 02:31:58.352 23686 23686 E IDM-BleGovernor : BLE is not enabled
08-05 02:31:58.352 23686 23686 D IDM-AbstractBtGovernor : BleApi setAttributeCallback enter
08-05 02:31:58.353 23686 23686 I IDM-BtClassicGovernor : BtClassical setAttributeCallback enter
08-05 02:31:58.353 23686 23686 E IDM-BtClassicGovernor : BLE is not enabled
08-05 02:31:58.353 23686 23686 D IDM-AbstractBtGovernor : BleApi setAttributeCallback enter
08-05 02:31:58.353 23686 23686 I IDM-BtGovernor : BtApi setAttributeCallback enter
08-05 02:31:58.353 23686 23686 E IDM-BtGovernor : BLE is not enabled
08-05 02:31:58.353 23686 23686 D IDM-AbstractBtGovernor : BleApi setAttributeCallback enter
08-05 02:31:58.353 23686 23686 I IDM-WifiGovernor : Common: setAttributeCallback: b.h.o.k$a@abcb85c
08-05 02:31:58.362 23686 23686 V IDM-DeviceUtil : Get Phone name Redmi Note 10S
08-05 02:31:58.362 23686 23686 D IDM-MiConnectService : ScreenStateObserver.EnableObserve main
08-05 02:31:58.364 23686 23686 D IDM-MiConnectService : UserSwitchedObserver.EnableObserve main
08-05 02:31:58.374 23686 23686 D IDM-MiConnectService : Register name change observer for phone
08-05 02:31:58.374 23686 23686 D IDM-MiConnectService : PhoneSystemNameChangeObserver.EnableObserve main
08-05 02:31:58.375 23686 23686 D IDM-IDMRuntime : Initializing Managers...
08-05 02:31:58.376 23686 23686 D IDM-IDMConfigCache : isDebugSignature = false
08-05 02:31:58.376 23686 23686 D IDM-IDMClientProcManager : Initializing
08-05 02:31:58.379 23686 23686 D IDM-IDMServerProcManager : Initializing
08-05 02:31:58.380 23686 23686 D IDM-IDMConnectionManager : Initializing
08-05 02:31:58.380 23686 23686 D IDM-IDMRuntime : Initializing BuiltInServices...
08-05 02:31:58.380 23686 23686 E IDM-IotLocalControlSerivceImpl : IotLocalControlSerivceImpl IDM_LOCALSERVICE_UUIDffff3ffc-09da-4bed-9652-f507366fcfc5
08-05 02:31:58.393 23686 23738 D IDM-IDMConfigCache : initAssetsCache in pool thread
08-05 02:31:58.403 23686 23710 I IDM-CloudCtrFileJob : done
08-05 02:31:58.403 23686 23710 D IDM-CloudCtrBaseJob : work
08-05 02:31:58.408 23686 23738 D IDM-IDMConfigCache : start updateIDMCloudConfig
08-05 02:31:58.410 23686 23710 D IDM-CloudCtrUrlConfig : config release https://cdn.awsusor1.fds.api.mi-img.com/miot-standard-fds/release/config/appconfig_phone.json?GalaxyAccessKeyId=5151729087601&Expires=9223372036854775807&Signature=C0EZIcUck36IDNAzEeKAifzKbGk=
08-05 02:31:58.450 23686 23720 E IDM-NetWorkUtils : get: response ----->{
"all":{"allClose":"false"},
"cpu":{"intervalMillis":"100000"},
"heap":{"intervalMillis":"100000"},
"ram":{"intervalMillis":"100000"},
"traffic":{
"intervalMillis":"100000",
"sampleMillis":"1000"
},
"thread":{
"intervalMillis":"100000",
"threadFilter":"com.godeye.androidgodeye.mods.thread.ExcludeSystemThreadFilter",
"threadTagger":"com.godeye.androidgodeye.mods.thread.DefaultThreadTagger"
},
"appsize":{
"delayMillis":"0"
},
"handle":{
"intervalMillis":"100000"
}
}

08-05 02:31:58.451 23686 23720 E IDM-NetWorkUtils : get: response ----->200
08-05 02:31:58.451 23686 23720 E IDM-NetWorkUtils : get: response ----->
08-05 02:31:58.452 23686 23720 E IDM-NetWorkUtils : get: response ----->true
08-05 02:31:58.452 23686 23720 E IDM-NetWorkUtils : send get point end [200]
08-05 02:31:58.458 23686 23686 D IDM-IDMNative : init
08-05 02:31:58.471 23686 23686 D IDM-AppMgrNative : init
08-05 02:31:58.471 23686 23686 D IDM-IDMNative : setIdentity, idhash: 333763, name: Redmi Note 10S
08-05 02:31:58.479 23686 23686 D IDM-IDMNative : startAdvertising, service:ffff3ffc-09da-4bed-9652-f507366fcfc5 discType:3 commType:8 serviceSecurityType:0
08-05 02:31:58.486 23686 23686 D IDM-IDMNative : startAdvertising, service:a06cc489-efe2-472d-9cbe-c12378e7dd80 discType:2 commType:2 serviceSecurityType:0
08-05 02:31:58.496 23686 23686 D IDM-AppMgrNative : registerApp
08-05 02:31:58.497 23686 23686 D IDM-MiConnectService : executor id:8194
08-05 02:31:58.497 23686 23686 D IDM-MiConnectService : generate executor for 8194
08-05 02:31:58.498 23686 23686 D IDM-MiConnectService : executor id:8194
08-05 02:31:58.499 23686 23686 D IDM-IDMRuntime : Initializing HandoffProcessService...
08-05 02:31:58.501 23686 23888 I IDM-MiConnectService : app thread created app thread for 8194
08-05 02:31:58.502 23686 23888 I IDM-MiConnectService : setCallBack appid: 8194,roleType: 1
08-05 02:31:58.502 23686 23888 D IDM-PropertyUtils : is agreed: false
08-05 02:31:58.504 23686 23888 E IDM-s:miconnect:  : not available
08-05 02:31:58.504 23686 23888 E IDM-stat: MiotReportManager : not available becase: is_enable_disable_build: true
08-05 02:31:58.505 23686 23888 I IDM-MiConnectService : startAdvertising discType 2
08-05 02:31:58.506 23686 23888 D IDM-LocalAppServer : initSuppSetting: commSetting = 2
08-05 02:31:58.511 23686 23888 D IDM-LocalAppServer : initCurrSetting: commSetting = 2
08-05 02:31:58.514 23686 23686 V IDM-NetworkApi : mijia api base is : https://us.api.io.mi.com/
08-05 02:31:58.515 23686 23686 D IDM-DeviceUtil : platform type property: default
08-05 02:31:58.516 23686 23888 D IDM-LocalAppServerHolder : add App Server 8194
08-05 02:31:58.516 23686 23888 D IDM-PropertyUtils : is agreed: false
08-05 02:31:58.517 23686 23888 E IDM-s:miconnect:  : not available
08-05 02:31:58.519 23686 23888 I IDM-MiConnectService : startAdvertising 2
08-05 02:31:58.519 23686 23888 E IDM-LocalAppServer : startAdvertising
08-05 02:31:58.528 23686 23686 D IDM-ConnectionManager : ConnectionManagerImpl construct with version code:1,debug:false
08-05 02:31:58.528 23686 23686 I IDM-WifiGovernor : Common: setHostCallback: b.h.o.k.D@50340a8
08-05 02:31:58.528 23686 23686 I IDM-WifiGovernor : Common: setHostCallback: b.h.o.k.D@50340a8
08-05 02:31:58.529 23686 23686 I IDM-WifiGovernor : Common: setConnectionCallback: b.h.o.k.q@a05e7c1
08-05 02:31:58.529 23686 23686 I IDM-WifiGovernor : Common: setConnectionCallback: b.h.o.k.q@a05e7c1
08-05 02:31:58.530 23686 23686 D IDM-MiConnectService : onBind action:com.xiaomi.mi_connect_service.MiConnectService
08-05 02:31:58.536 23686 23686 D IDM-CommStateMonitor : onReceive: android.net.conn.CONNECTIVITY_CHANGE
08-05 02:31:58.536 23686 23686 D IDM-CommStateMonitor : onReceive: android.net.wifi.WIFI_STATE_CHANGED
08-05 02:31:58.536 23686 23686 D IDM-CommStateMonitor : onReceive: android.net.wifi.STATE_CHANGE
08-05 02:31:58.537 23686 23686 D IDM-CommStateMonitor : isConnected: true
08-05 02:31:58.559 23686 23686 D IDM-IDMServerProcManager : register ServerProc, clientId = [a023jkdf]
08-05 02:31:58.564 23686 23686 D IDM-PackkageUtil : pkg com.xiaomi.mi_connect_service
08-05 02:31:58.565 23686 23686 E IDM-IDMSecurityManager : checkRegisterClientId InnerCalling no need check clientId
08-05 02:31:58.567 23686 23686 D IDM-IDMNativeWraper : clientId = [a023jkdf], sdk version = [2001137]
08-05 02:31:58.567 23686 23686 D IDM-IDMNativeWraper : clientId = [a023jkdf], Use Native V2
08-05 02:31:58.567 23686 23686 V IDM-HandoffProcessService : IDMServer onProcessConnected, ready to register service
08-05 02:31:58.567 23686 23686 V IDM-HandoffProcessService : register Handoff service
08-05 02:31:58.569 23686 23686 D IDM-IDMServerProcManager : registerService
08-05 02:31:58.577 23686 23686 D IDM-PackkageUtil : pkg com.xiaomi.mi_connect_service
08-05 02:31:58.578 23686 23686 E IDM-IDMSecurityManager : checkServiceRegistrable InnerCalling no need check
08-05 02:31:58.579 23686 23686 D IDM-PackkageUtil : pkg com.xiaomi.mi_connect_service
08-05 02:31:58.582 23686 23686 D IDM-PackkageUtil : pkg com.xiaomi.mi_connect_service
08-05 02:31:58.582 23686 23686 D IDM-MiConnectService : filterCommTypeOnPermission for com.xiaomi.mi_connect_service
08-05 02:31:58.582 23686 23686 D IDM-IDMServerProc : register Service, serviceId = [237a2de3-5568-4591-b178-1853e55cef25]
08-05 02:31:58.582 23686 23686 D IDM-IDMNativeWraper : startAdvertising V2
08-05 02:31:58.582 23686 23686 D IDM-IDMNative : startAdvertising, service:237a2de3-5568-4591-b178-1853e55cef25 discType:2 commType:2 serviceSecurityType:0
08-05 02:31:58.582 23686 23686 D IDM-AppMgrNative : registerApp
08-05 02:31:58.583 23686 23686 D IDM-MiConnectService : executor id:8193
08-05 02:31:58.583 23686 23686 D IDM-MiConnectService : generate executor for 8193
08-05 02:31:58.583 23686 23686 D IDM-MiConnectService : executor id:8193
08-05 02:31:58.584 23686 23686 V IDM-HandoffProcessService : IDMClient onProcessConnected
08-05 02:31:58.584 23686 23686 D IDM-IDMClientProcManager : registerIDMClient: clientId = [a023jkdf]
08-05 02:31:58.591 23686 23921 I IDM-MiConnectService : app thread created app thread for 8193
08-05 02:31:58.591 23686 23921 I IDM-MiConnectService : setCallBack appid: 8193,roleType: 1
08-05 02:31:58.591 23686 23921 D IDM-PropertyUtils : is agreed: false
08-05 02:31:58.592 23686 23921 E IDM-s:miconnect:  : not available
08-05 02:31:58.592 23686 23921 E IDM-stat: MiotReportManager : not available becase: is_enable_disable_build: true
08-05 02:31:58.592 23686 23921 I IDM-MiConnectService : startAdvertising discType 2
08-05 02:31:58.592 23686 23686 D IDM-PackkageUtil : pkg com.xiaomi.mi_connect_service
08-05 02:31:58.592 23686 23686 E IDM-IDMSecurityManager : checkRegisterClientId InnerCalling no need check clientId
08-05 02:31:58.592 23686 23686 D IDM-IDMClientProcManager : param size = [4]
08-05 02:31:58.593 23686 23921 D IDM-LocalAppServer : initSuppSetting: commSetting = 2
08-05 02:31:58.594 23686 23686 E IDM-IDMClientProcManager : IdentifyParam = [# com.xiaomi.mi_connect_service.proto.IPCParam$IdentifyParam@7bc6f]
08-05 02:31:58.594 23686 23686 D IDM-IDMNativeWraper : clientId = [a023jkdf], sdk version = [2001137]
08-05 02:31:58.594 23686 23686 D IDM-IDMNativeWraper : clientId = [a023jkdf], Use Native V2
08-05 02:31:58.595 23686 23686 E IDM-PropertyAgent : DeviceService  init 
08-05 02:31:58.595 23686 23686 I IDM-PropertyAgent : setTokenInfo
08-05 02:31:58.596 23686 23711 D IDM-CertSavingManager : get cert3 from ram
08-05 02:31:58.600 23686 23921 D IDM-LocalAppServer : initCurrSetting: commSetting = 2
08-05 02:31:58.612 23686 23711 D IDM-CertSavingManager : get cert3 from sp
08-05 02:31:58.613 23686 23686 D IDM-IDMNativeWraper : registerIDMClient V2
08-05 02:31:58.614 23686 23711 D IDM-CertSavingManager : get cert2 from ram space
08-05 02:31:58.615 23686 23686 D IDM-IDMNative : registerIDMClient, id:a023jkdf
08-05 02:31:58.634 23686 23921 D IDM-LocalAppServerHolder : add App Server 8193
08-05 02:31:58.634 23686 23921 D IDM-PropertyUtils : is agreed: false
08-05 02:31:58.634 23686 23921 E IDM-s:miconnect:  : not available
08-05 02:31:58.634 23686 23921 I IDM-MiConnectService : startAdvertising 2
08-05 02:31:58.634 23686 23921 E IDM-LocalAppServer : startAdvertising
08-05 02:31:58.644 23686 23711 D IDM-CertSavingManager : get cert2 from sp file
08-05 02:31:58.645 23686 23921 V IDM-CertSavingManager : current saving is empty
08-05 02:31:58.645 23686 23921 V IDM-MiIdentity : h: validateCurrentSaving took 0 milliseconds.
08-05 02:31:58.645 23686 23921 I IDM-AttributeManager : update 2
08-05 02:31:58.645 23686 23921 D IDM-CoapStorage : addAttribute uuid: 00000000-09da-4bed-9652-f507366fcfc5
08-05 02:31:58.646 23686 23921 D IDM-CoapStorage : addAttribute uuid: 00000001-09da-4bed-9652-f507366fcfc5
08-05 02:31:58.646 23686 23921 D IDM-CoapStorage : addAttribute uuid: 00000003-09da-4bed-9652-f507366fcfc5
08-05 02:31:58.646 23686 23888 V IDM-CertSavingManager : current saving is empty
08-05 02:31:58.646 23686 23921 D IDM-CoapStorage : addAttribute uuid: 00000004-09da-4bed-9652-f507366fcfc5
08-05 02:31:58.646 23686 23888 V IDM-MiIdentity : h: validateCurrentSaving took 1 milliseconds.
08-05 02:31:58.646 23686 23921 D IDM-CoapStorage : addAttribute uuid: 00000005-09da-4bed-9652-f507366fcfc5
08-05 02:31:58.646 23686 23888 I IDM-AttributeManager : update 2
08-05 02:31:58.646 23686 23921 D IDM-CoapStorage : addAttribute uuid: 00000006-09da-4bed-9652-f507366fcfc5
08-05 02:31:58.646 23686 23888 D IDM-CoapStorage : addAttribute uuid: 00000000-09da-4bed-9652-f507366fcfc5
08-05 02:31:58.646 23686 23921 D IDM-CoapStorage : addAttribute uuid: 00000008-09da-4bed-9652-f507366fcfc5
08-05 02:31:58.646 23686 23888 D IDM-CoapStorage : addAttribute uuid: 00000001-09da-4bed-9652-f507366fcfc5
08-05 02:31:58.646 23686 23921 D IDM-CoapStorage : addAttribute uuid: 00000007-09da-4bed-9652-f507366fcfc5
08-05 02:31:58.646 23686 23888 D IDM-CoapStorage : addAttribute uuid: 00000003-09da-4bed-9652-f507366fcfc5
08-05 02:31:58.646 23686 23888 D IDM-CoapStorage : addAttribute uuid: 00000004-09da-4bed-9652-f507366fcfc5
08-05 02:31:58.646 23686 23888 D IDM-CoapStorage : addAttribute uuid: 00000005-09da-4bed-9652-f507366fcfc5
08-05 02:31:58.647 23686 23888 D IDM-CoapStorage : addAttribute uuid: 00000006-09da-4bed-9652-f507366fcfc5
08-05 02:31:58.647 23686 23888 D IDM-CoapStorage : addAttribute uuid: 00000008-09da-4bed-9652-f507366fcfc5
08-05 02:31:58.647 23686 23888 D IDM-CoapStorage : addAttribute uuid: 00000007-09da-4bed-9652-f507366fcfc5
08-05 02:31:58.647 23686 23921 D IDM-CoapStorage : addAttribute uuid: 20010001-09da-4bed-9652-f507366fcfc5
08-05 02:31:58.647 23686 23921 D IDM-CoapStorage : addAttribute uuid: 20010002-09da-4bed-9652-f507366fcfc5
08-05 02:31:58.647 23686 23921 D IDM-CoapStorage : addAttribute uuid: 20010003-09da-4bed-9652-f507366fcfc5
08-05 02:31:58.647 23686 23921 D IDM-CoapStorage : addAttribute uuid: 20010004-09da-4bed-9652-f507366fcfc5
08-05 02:31:58.647 23686 23711 V IDM-MiIdentity : h: Receive message 1, hardware data 37c8b02fc947e222c97245c67104793923f751c6, hardwareHash 7c
08-05 02:31:58.647 23686 23921 D IDM-CoapStorage : addAttribute uuid: 20010005-09da-4bed-9652-f507366fcfc5
08-05 02:31:58.647 23686 23888 D IDM-CoapStorage : addAttribute uuid: 20020001-09da-4bed-9652-f507366fcfc5
08-05 02:31:58.648 23686 23711 D IDM-CertSavingManager : queryWhenLogin mijiaDid 37c8b02fc947e222c97245c67104793923f751c6, didHash 7c
08-05 02:31:58.648 23686 23888 D IDM-CoapStorage : addAttribute uuid: 20020002-09da-4bed-9652-f507366fcfc5
08-05 02:31:58.648 23686 23888 D IDM-CoapStorage : addAttribute uuid: 20020003-09da-4bed-9652-f507366fcfc5
08-05 02:31:58.648 23686 23888 D IDM-CoapStorage : addAttribute uuid: 20020004-09da-4bed-9652-f507366fcfc5
08-05 02:31:58.648 23686 23888 D IDM-CoapStorage : addAttribute uuid: 20020005-09da-4bed-9652-f507366fcfc5
08-05 02:31:58.648 23686 23888 D IDM-CoapStorage : addAttribute uuid: 20020006-09da-4bed-9652-f507366fcfc5
08-05 02:31:58.648 23686 23888 D IDM-CoapStorage : addAttribute uuid: 20020007-09da-4bed-9652-f507366fcfc5
08-05 02:31:58.648 23686 23888 D IDM-CoapStorage : addAttribute uuid: 20020008-09da-4bed-9652-f507366fcfc5
08-05 02:31:58.648 23686 23921 D IDM-CoapStorage : addAttribute uuid: 20010006-09da-4bed-9652-f507366fcfc5
08-05 02:31:58.648 23686 23921 D IDM-CoapStorage : addAttribute uuid: 20010007-09da-4bed-9652-f507366fcfc5
08-05 02:31:58.650 23686 23921 D IDM-CoapStorage : addAttribute uuid: 20010008-09da-4bed-9652-f507366fcfc5
08-05 02:31:58.650 23686 23921 D IDM-CoapStorage : addAttribute uuid: 20010009-09da-4bed-9652-f507366fcfc5
08-05 02:31:58.651 23686 23921 D IDM-CoapStorage : addAttribute uuid: 2001000a-09da-4bed-9652-f507366fcfc5
08-05 02:31:58.651 23686 23921 D IDM-CoapStorage : addAttribute uuid: 2001000b-09da-4bed-9652-f507366fcfc5
08-05 02:31:58.651 23686 23921 D IDM-CoapStorage : addAttribute uuid: 2001000c-09da-4bed-9652-f507366fcfc5
08-05 02:31:58.652 23686 23921 D IDM-CoapStorage : addAttribute uuid: 2001000d-09da-4bed-9652-f507366fcfc5
08-05 02:31:58.652 23686 23921 D IDM-CoapResponder : addService
08-05 02:31:58.652 23686 23921 V IDM-CoapResponder : add Attribute 00000008-09da-4bed-9652-f507366fcfc5 Service
08-05 02:31:58.652 23686 23921 V IDM-CoapResponder : add Attribute 20010009-09da-4bed-9652-f507366fcfc5 Service
08-05 02:31:58.652 23686 23921 V IDM-CoapResponder : add Attribute 20010008-09da-4bed-9652-f507366fcfc5 Service
08-05 02:31:58.652 23686 23921 V IDM-CoapResponder : add Attribute 20020008-09da-4bed-9652-f507366fcfc5 Service
08-05 02:31:58.652 23686 23921 V IDM-CoapResponder : add Attribute 2001000b-09da-4bed-9652-f507366fcfc5 Service
08-05 02:31:58.653 23686 23921 V IDM-CoapResponder : add Attribute 2001000a-09da-4bed-9652-f507366fcfc5 Service
08-05 02:31:58.653 23686 23921 V IDM-CoapResponder : add Attribute 2001000d-09da-4bed-9652-f507366fcfc5 Service
08-05 02:31:58.653 23686 23921 V IDM-CoapResponder : add Attribute 2001000c-09da-4bed-9652-f507366fcfc5 Service
08-05 02:31:58.653 23686 23921 V IDM-CoapResponder : add Attribute 00000000-09da-4bed-9652-f507366fcfc5 Service
08-05 02:31:58.653 23686 23921 V IDM-CoapResponder : add Attribute 20010001-09da-4bed-9652-f507366fcfc5 Service
08-05 02:31:58.653 23686 23921 V IDM-CoapResponder : add Attribute 20020002-09da-4bed-9652-f507366fcfc5 Service
08-05 02:31:58.653 23686 23921 V IDM-CoapResponder : add Attribute 00000001-09da-4bed-9652-f507366fcfc5 Service
08-05 02:31:58.653 23686 23921 V IDM-CoapResponder : add Attribute 20020003-09da-4bed-9652-f507366fcfc5 Service
08-05 02:31:58.654 23686 23930 D IDM-CertSavingManager : save all data fetched in new thread.
08-05 02:31:58.655 23686 23888 D IDM-CoapStorage : addAttribute uuid: 20020009-09da-4bed-9652-f507366fcfc5
08-05 02:31:58.656 23686 23888 D IDM-CoapStorage : addAttribute uuid: 2002000a-09da-4bed-9652-f507366fcfc5
08-05 02:31:58.657 23686 23888 D IDM-CoapStorage : addAttribute uuid: 2002000b-09da-4bed-9652-f507366fcfc5
08-05 02:31:58.658 23686 23888 D IDM-CoapStorage : addAttribute uuid: 2002000c-09da-4bed-9652-f507366fcfc5
08-05 02:31:58.658 23686 23888 D IDM-CoapStorage : addAttribute uuid: 2002000d-09da-4bed-9652-f507366fcfc5
08-05 02:31:58.658 23686 23888 D IDM-CoapStorage : addAttribute uuid: 20010001-09da-4bed-9652-f507366fcfc5
08-05 02:31:58.658 23686 23888 D IDM-CoapStorage : addAttribute uuid: 20010002-09da-4bed-9652-f507366fcfc5
08-05 02:31:58.658 23686 23888 D IDM-CoapStorage : addAttribute uuid: 20010003-09da-4bed-9652-f507366fcfc5
08-05 02:31:58.658 23686 23888 D IDM-CoapStorage : addAttribute uuid: 20010004-09da-4bed-9652-f507366fcfc5
08-05 02:31:58.658 23686 23888 D IDM-CoapStorage : addAttribute uuid: 20010005-09da-4bed-9652-f507366fcfc5
08-05 02:31:58.659 23686 23888 D IDM-CoapStorage : addAttribute uuid: 20010006-09da-4bed-9652-f507366fcfc5
08-05 02:31:58.659 23686 23888 D IDM-CoapStorage : addAttribute uuid: 20010007-09da-4bed-9652-f507366fcfc5
08-05 02:31:58.659 23686 23888 D IDM-CoapStorage : addAttribute uuid: 20010008-09da-4bed-9652-f507366fcfc5
08-05 02:31:58.659 23686 23888 D IDM-CoapStorage : addAttribute uuid: 20010009-09da-4bed-9652-f507366fcfc5
08-05 02:31:58.659 23686 23888 D IDM-CoapStorage : addAttribute uuid: 2001000a-09da-4bed-9652-f507366fcfc5
08-05 02:31:58.659 23686 23888 D IDM-CoapStorage : addAttribute uuid: 2001000b-09da-4bed-9652-f507366fcfc5
08-05 02:31:58.659 23686 23888 D IDM-CoapStorage : addAttribute uuid: 2001000c-09da-4bed-9652-f507366fcfc5
08-05 02:31:58.659 23686 23888 D IDM-CoapStorage : addAttribute uuid: 2001000d-09da-4bed-9652-f507366fcfc5
08-05 02:31:58.659 23686 23888 D IDM-CoapResponder : addService
08-05 02:31:58.659 23686 23888 V IDM-CoapResponder : add Attribute 00000008-09da-4bed-9652-f507366fcfc5 Service
08-05 02:31:58.660 23686 23888 V IDM-CoapResponder : add Attribute 20010009-09da-4bed-9652-f507366fcfc5 Service
08-05 02:31:58.660 23686 23888 V IDM-CoapResponder : add Attribute 2002000a-09da-4bed-9652-f507366fcfc5 Service
08-05 02:31:58.660 23686 23888 V IDM-CoapResponder : add Attribute 20010008-09da-4bed-9652-f507366fcfc5 Service
08-05 02:31:58.660 23686 23888 V IDM-CoapResponder : add Attribute 2002000b-09da-4bed-9652-f507366fcfc5 Service
08-05 02:31:58.660 23686 23888 V IDM-CoapResponder : add Attribute 20020008-09da-4bed-9652-f507366fcfc5 Service
08-05 02:31:58.660 23686 23888 V IDM-CoapResponder : add Attribute 2001000b-09da-4bed-9652-f507366fcfc5 Service
08-05 02:31:58.660 23686 23888 V IDM-CoapResponder : add Attribute 2001000a-09da-4bed-9652-f507366fcfc5 Service
08-05 02:31:58.660 23686 23888 V IDM-CoapResponder : add Attribute 20020009-09da-4bed-9652-f507366fcfc5 Service
08-05 02:31:58.660 23686 23888 V IDM-CoapResponder : add Attribute 2001000d-09da-4bed-9652-f507366fcfc5 Service
08-05 02:31:58.660 23686 23888 V IDM-CoapResponder : add Attribute 2001000c-09da-4bed-9652-f507366fcfc5 Service
08-05 02:31:58.660 23686 23888 V IDM-CoapResponder : add Attribute 2002000c-09da-4bed-9652-f507366fcfc5 Service
08-05 02:31:58.661 23686 23888 V IDM-CoapResponder : add Attribute 2002000d-09da-4bed-9652-f507366fcfc5 Service
08-05 02:31:58.661 23686 23888 V IDM-CoapResponder : add Attribute 00000000-09da-4bed-9652-f507366fcfc5 Service
08-05 02:31:58.661 23686 23888 V IDM-CoapResponder : add Attribute 20010001-09da-4bed-9652-f507366fcfc5 Service
08-05 02:31:58.661 23686 23888 V IDM-CoapResponder : add Attribute 20020002-09da-4bed-9652-f507366fcfc5 Service
08-05 02:31:58.661 23686 23888 V IDM-CoapResponder : add Attribute 00000001-09da-4bed-9652-f507366fcfc5 Service
08-05 02:31:58.661 23686 23888 V IDM-CoapResponder : add Attribute 20020003-09da-4bed-9652-f507366fcfc5 Service
08-05 02:31:58.661 23686 23888 V IDM-CoapResponder : add Attribute 20010003-09da-4bed-9652-f507366fcfc5 Service
08-05 02:31:58.661 23686 23888 V IDM-CoapResponder : add Attribute 00000003-09da-4bed-9652-f507366fcfc5 Service
08-05 02:31:58.661 23686 23888 V IDM-CoapResponder : add Attribute 20010002-09da-4bed-9652-f507366fcfc5 Service
08-05 02:31:58.661 23686 23888 V IDM-CoapResponder : add Attribute 20020001-09da-4bed-9652-f507366fcfc5 Service
08-05 02:31:58.661 23686 23888 V IDM-CoapResponder : add Attribute 00000004-09da-4bed-9652-f507366fcfc5 Service
08-05 02:31:58.661 23686 23888 V IDM-CoapResponder : add Attribute 20010005-09da-4bed-9652-f507366fcfc5 Service
08-05 02:31:58.673 23686 23921 V IDM-CoapResponder : add Attribute 20010003-09da-4bed-9652-f507366fcfc5 Service
08-05 02:31:58.673 23686 23921 V IDM-CoapResponder : add Attribute 00000003-09da-4bed-9652-f507366fcfc5 Service
08-05 02:31:58.674 23686 23921 V IDM-CoapResponder : add Attribute 20010002-09da-4bed-9652-f507366fcfc5 Service
08-05 02:31:58.674 23686 23921 V IDM-CoapResponder : add Attribute 20020001-09da-4bed-9652-f507366fcfc5 Service
08-05 02:31:58.674 23686 23921 V IDM-CoapResponder : add Attribute 00000004-09da-4bed-9652-f507366fcfc5 Service
08-05 02:31:58.674 23686 23921 V IDM-CoapResponder : add Attribute 20010005-09da-4bed-9652-f507366fcfc5 Service
08-05 02:31:58.674 23686 23921 V IDM-CoapResponder : add Attribute 20020006-09da-4bed-9652-f507366fcfc5 Service
08-05 02:31:58.674 23686 23921 V IDM-CoapResponder : add Attribute 00000005-09da-4bed-9652-f507366fcfc5 Service
08-05 02:31:58.674 23686 23921 V IDM-CoapResponder : add Attribute 20010004-09da-4bed-9652-f507366fcfc5 Service
08-05 02:31:58.674 23686 23921 V IDM-CoapResponder : add Attribute 20020007-09da-4bed-9652-f507366fcfc5 Service
08-05 02:31:58.674 23686 23921 V IDM-CoapResponder : add Attribute 00000006-09da-4bed-9652-f507366fcfc5 Service
08-05 02:31:58.674 23686 23921 V IDM-CoapResponder : add Attribute 20020004-09da-4bed-9652-f507366fcfc5 Service
08-05 02:31:58.674 23686 23921 V IDM-CoapResponder : add Attribute 20010007-09da-4bed-9652-f507366fcfc5 Service
08-05 02:31:58.674 23686 23921 V IDM-CoapResponder : add Attribute 00000007-09da-4bed-9652-f507366fcfc5 Service
08-05 02:31:58.674 23686 23921 V IDM-CoapResponder : add Attribute 20020005-09da-4bed-9652-f507366fcfc5 Service
08-05 02:31:58.675 23686 23921 V IDM-CoapResponder : add Attribute 20010006-09da-4bed-9652-f507366fcfc5 Service
08-05 02:31:58.675 23686 23921 I IDM-AdvertisingManager : update 2
08-05 02:31:58.675 23686 23921 I IDM-AdvertisingManager : update after changed for BT, discType is 2
08-05 02:31:58.675 23686 23921 D IDM-BonjourGovernor : stopAdvertising: enter
08-05 02:31:58.675 23686 23921 E IDM-BonjourGovernor : stopAdvertising: exit since not in advertising
08-05 02:31:58.675 23686 23921 D IDM-PropertyUtils : is agreed: false
08-05 02:31:58.675 23686 23921 W IDM-MiConnectReport : report failure -2012 0
08-05 02:31:58.675 23686 23921 E IDM-stat: MiotReportManager : not available becase: is_enable_disable_build: true
08-05 02:31:58.676 23686 23888 V IDM-CoapResponder : add Attribute 20020006-09da-4bed-9652-f507366fcfc5 Service
08-05 02:31:58.677 23686 23888 V IDM-CoapResponder : add Attribute 00000005-09da-4bed-9652-f507366fcfc5 Service
08-05 02:31:58.677 23686 23888 V IDM-CoapResponder : add Attribute 20010004-09da-4bed-9652-f507366fcfc5 Service
08-05 02:31:58.677 23686 23888 V IDM-CoapResponder : add Attribute 20020007-09da-4bed-9652-f507366fcfc5 Service
08-05 02:31:58.677 23686 23888 V IDM-CoapResponder : add Attribute 00000006-09da-4bed-9652-f507366fcfc5 Service
08-05 02:31:58.677 23686 23888 V IDM-CoapResponder : add Attribute 20020004-09da-4bed-9652-f507366fcfc5 Service
08-05 02:31:58.678 23686 23888 V IDM-CoapResponder : add Attribute 20010007-09da-4bed-9652-f507366fcfc5 Service
08-05 02:31:58.678 23686 23888 V IDM-CoapResponder : add Attribute 00000007-09da-4bed-9652-f507366fcfc5 Service
08-05 02:31:58.678 23686 23888 V IDM-CoapResponder : add Attribute 20020005-09da-4bed-9652-f507366fcfc5 Service
08-05 02:31:58.678 23686 23888 V IDM-CoapResponder : add Attribute 20010006-09da-4bed-9652-f507366fcfc5 Service
08-05 02:31:58.700 23686 23711 D IDM-CertSavingManager : get cert3 from ram
08-05 02:31:58.701 23686 23711 D IDM-CertSavingManager : get cert2 from ram space
08-05 02:31:58.702 23686 23711 V IDM-MiIdentity : h: Receive message 1, hardware data 37c8b02fc947e222c97245c67104793923f751c6, hardwareHash 7c
08-05 02:31:58.703 23686 23711 D IDM-CertSavingManager : queryWhenLogin mijiaDid 37c8b02fc947e222c97245c67104793923f751c6, didHash 7c
08-05 02:31:58.711 23686 23946 D IDM-CertSavingManager : save all data fetched in new thread.
08-05 02:31:58.735 23686 23711 D IDM-CertSavingManager : get cert3 from ram
08-05 02:31:58.736 23686 23711 D IDM-CertSavingManager : get cert2 from ram space
08-05 02:31:58.740 23686 23951 D IDM-CertSavingManager : save all data fetched in new thread.
08-05 02:31:58.831 23686 23710 I IDM-ConfigMgr : version cur 3 new 2
08-05 02:31:58.832 23686 23710 D IDM-CloudCtrBaseJob : done
08-05 02:31:58.833 23686 23710 D IDM-CertRefreshJob : Start work
08-05 02:31:58.833 23686 23710 D IDM-CertRefreshJob : End work
08-05 02:31:58.833 23686 23710 D IDM-BackgroundJob : BleRelayCtrFileJob start
08-05 02:31:58.837 23686 23710 D IDM-BackgroundJob : empty ble relay conf url, ignore
08-05 02:31:58.977 23686 23713 D IDM-TimerStack : ServerTime end: 996
08-05 02:31:58.978 23686 23713 D IDM-Trace : server time: 1659681119619, delta: 996, elapsed: 375538772
08-05 02:31:58.981 23686 23738 D IDM-IDMConfigCache : idmConfigAppList size = 0
08-05 02:31:59.055 23686 23721 V IDM-MiIdentity : h: generateKeyPair end took 1063 milliseconds.
08-05 02:31:59.059 23686 23738 D IDM-IDMCloudTransfer : Sending request https://idm.iot.mi.com/idm/info/batch on null

08-05 02:31:59.716 23686 23921 D IDM-TAG : Advertising flag is 2
08-05 02:31:59.716 23686 23921 V IDM-TAG : Short Id Hash is 333763
08-05 02:31:59.716 23686 23921 D IDM-BonjourGovernor : startAdvertising: enter
08-05 02:31:59.723 23686 23921 D IDM-BonjourGovernor : J-Debug pattern  count: 1
08-05 02:31:59.724 23686 23921 D IDM-BonjourGovernor : J-Debug pattern [\u4e00-\u9fa5]count: 0
08-05 02:31:59.724 23686 23921 V IDM-BonjourGovernor : J-Debug outside realLen: 60, nmLen: 21, asLen: 19, ipLen: 10, containChinese: false, jsonStr: {"nm":"Redmi Note 10S","as":"[8193, 8194]","ip":"101"}
08-05 02:31:59.724 23686 23921 V IDM-BonjourGovernor : J-Debug startAdvertising json: {"nm":"Redmi Note 10S","as":"[8193, 8194]","ip":"101"}
08-05 02:32:00.432 23686 23739 D IDM-BonjourGovernor : onServiceRegistered: 
08-05 02:32:00.432 23686 23921 D IDM-LocalAppServer : advertisingResult, discType:2, result3
08-05 02:32:00.433 23686 23921 D IDM-AppMgrNative : onAdvertisingResult enter, result:3
08-05 02:32:00.433 23686 23921 D IDM-LocalAppServer : advertisingResult, discType:2, result3
08-05 02:32:00.433 23686 23921 D IDM-AppMgrNative : onAdvertisingResult enter, result:3
08-05 02:32:00.433 23686 23921 D IDM-BonjourGovernor : startAdvertising: exit
08-05 02:32:00.433 23686 23921 D IDM-LocalAppServer : can not create p2p go.
