08-05 02:32:00.434 23686 23921 E IDM-LocalAppServer : startAdvertising end.
08-05 02:32:00.434 23686 23921 I IDM-MiConnectService : startAdvertising 3
08-05 02:32:00.434 23686 23921 D IDM-PropertyUtils : is agreed: false
08-05 02:32:00.434 23686 23921 E IDM-s:miconnect:  : not available
08-05 02:32:00.434 23686 23921 E IDM-stat: MiotReportManager : not available becase: is_enable_disable_build: true
08-05 02:32:00.434 23686 23888 I IDM-AdvertisingManager : update 2
08-05 02:32:00.434 23686 23888 I IDM-AdvertisingManager : update after changed for BT, discType is 2
08-05 02:32:00.435 23686 23888 D IDM-BonjourGovernor : stopAdvertising: enter
08-05 02:32:00.435 23686 23872 V IDM-HandoffProcessService : onAdvertisingResult: status = [3] MSG = [Start Advertising SUCCESS]
08-05 02:32:00.437 23686 23739 D IDM-BonjourGovernor : onServiceUnregistered: 
08-05 02:32:00.437 23686 23888 D IDM-BonjourGovernor : stopAdvertising: exit
08-05 02:32:00.951 23686 23738 D IDM-IDMCloudTransfer : Received response for https://idm.iot.mi.com/idm/info/batch in 1897.9ms
date: Fri, 05 Aug 2022 06:32:01 GMT
content-type: application/json
vary: Origin
vary: Access-Control-Request-Method
vary: Access-Control-Request-Headers

08-05 02:32:00.963 23686 23738 D IDM-IDMCloudTransfer : requestAppConfigPost body = {"status":200,"message":"","result":[{"id":4,"clientId":"aa80e4f0","appName":"ToBSoundBox","signature":"E2:2C:DA:40:69:37:EA:C4:6B:DE:7A:A2:F2:09:2D:AA:CC:9E:FF:F6","certificate":"","platform":"Android","packageName":"com.xiaomi.micolauncher","online":2,"createTime":1607414192,"changeTime":1614132887,"comment":"","services":null,"findables":[{"serviceType":"urn:aiot-spec-v3:service:iot-local-control:00000001:1","actions":["ALL"]}]},{"id":3,"clientId":"a5c11fdd","appName":"TestTeamApp","signature":"7A:68:0A:8D:D9:99:21:43:B7:69:EA:93:9B:89:9A:8E:43:D2:09:67","certificate":"","platform":"Android","packageName":"com.iot.xiaomi.miconnecttest","online":2,"createTime":1607414027,"changeTime":1619058349,"comment":"","services":[{"serviceType":"urn:aiot-spec-v3:service:idm-test:00000001:1","actions":[]},{"serviceType":"urn:aiot-spec-v3:service:multi-screen-collaboration:00000001:1","actions":[]},{"serviceType":"urn:aiot-spec-v3:service:input:00000001:1","actions":[]},{"serviceType":"urn:aiot-spec-v3:service:iot-local-control:00000001:1","actions":[]},{"serviceType":"urn:aiot-spec-v3:service:ip-camera:00000001:1","actions":[]},{"serviceType":"urn:aiot-spec-v3:service:light:00000001:1","actions":[]},{"serviceType":"urn:aiot-spec-v3:service:motionsensor:00000001:1","actions":[]},{"serviceType":"urn:aiot-spec-v3:service:handoff:00000001:1","actions":[]},{"serviceType":"urn:aiot-spec-v3:com.mi.idm:service:micast-tv:00017802:1.0","actions":["ALL"]},{"serviceType":"urn:aiot-spec-v3:com.mi.idm:service:notification-local:00017804:1.0","actions":[]}],"findables":[{"serviceType":"urn:aiot-spec-v3:service:iot-local-control:00000001:1","actions":["ALL"]},{"serviceType":"urn:aiot-spec-v3:service:ip-camera:00000001:1","actions":["ALL"]},{"serviceType":"urn:aiot-spec-v3:service:light:00000001:1","actions":["ALL"]},{"serviceType":"urn:aiot-spec-v3:service:motionsensor:00000001:1","actions":["ALL"]},{"serviceType":"urn:aiot-spec-v3:service:handoff:00000001:1","actions":["ALL"]},{"serviceType":"urn:aiot-spec-v3:service:input:00000001:1","actions":["ALL"]},{"serviceType":"urn:aiot-spec-v3:service:multi-screen-collaboration:00000001:1","actions":["ALL"]},{"serviceType":"urn:aiot-spec-v3:service:idm-test:00000001:1","actions":[]},{"serviceType":"urn:aiot-spec-v3:com.mi.idm:service:micast-tv:00017802:1.0","actions":["ALL"]},{"serviceType":"urn:aiot-spec-v3:com.mi.idm:service:notification-local:00017804:1.0","actions":["ALL"]}]},{"id":1,"clientId":"adc78733","appName":"IDMTestApp","signature":"27:19:6E:38:6B:87:5E:76:AD:F7:00:E7:EA:84:E4:C6:EE:E3:3D:FA","certificate":"","platform":"Android","packageName":"com.xiaomi.miconnect","online":2,"createTime":1607413671,"changeTime":1620717390,"comment":"","services":[{"serviceType":"urn:aiot-spec-v3:service:idm-test:00000001:1","actions":[]}],"findables":[{"serviceType":"urn:aiot-spec-v3:service:light:00000001:1","actions":["ALL"]},{"serviceType":"urn:aiot-spec-v3:service:input:00000001:1","actions":["ALL"]},{"serviceType":"urn:aiot-spec-v3:service:multi-screen-collaboration:00000001:1","actions":["ALL"]}]},{"id":5,"clientId":"apmr9571","appName":"SampleCode","signature":"2C:29:D4:3E:24:1E:3F:57:02:1B:86:D4:9B:E7:0F:59:7F:1A:4C:4D","certificate":"","platform":"Android","packageName":"com.xiaomi.idm.sample","online":2,"createTime":1607414256,"changeTime":1618390694,"comment":"","services":[{"serviceType":"urn:aiot-spec-v3:service:idm-test:00000001:1","actions":["ALL"]},{"serviceType":"urn:aiot-spec-v3:com.mi.idm:service:micast-tv:00017802:1.0","actions":["ALL"]}],"findables":[{"serviceType":"urn:aiot-spec-v3:service:iot-local-control:00000001:1","actions":["ALL"]},{"serviceType":"urn:aiot-spec-v3:service:ip-camera:00000001:1","actions":["ALL"]},{"serviceType":"urn:aiot-spec-v3:service:light:00000001:1","actions":["ALL"]},{"serviceType":"urn:aiot-spec-v3:service:motionsensor:00000001:1","actions":["ALL"]},{"serviceType":"urn:aiot-spec-v3:service:handoff:00000001:1","actions":["ALL"]},{"serviceType":"urn:aiot-spec-v3:service:input:00000001:1","actions":["ALL"]},{"serviceType":"urn:aiot-spec-v3:service:multi-screen-collaboration:00000001:1","actions":["ALL"]}]},{"id":2,"clientId":"aca27627","appName":"xiaomimirror","signature":"7B:6D:C7:07:9C:34:73:9C:E8:11:59:71:9F:B5:EB:61:D2:A0:32:25","certificate":"","platform":"Android","packageName":"com.xiaomi.mirror","online":2,"createTime":1607413907,"changeTime":1616405217,"comment":"","services":[{"serviceType":"urn:aiot-spec-v3:service:multi-screen-collaboration:00000001:1","actions":[]}],"findables":[{"serviceType":"urn:aiot-spec-v3:service:multi-screen-collaboration:00000001:1","actions":["ALL"]}]},{"id":6,"clientId":"adio19d2","appName":"DuoKanTvBox","signature":"08:32:F8:EB:8B:B2:28:12:1A:6E:A9:0C:AD:D8:9D:58:2C:B1:9C:7D","certificate":"","platform":"Android","packageName":"com.duokan.airkan.tvbox","online":2,"createTime":1607414401,"changeTime":1607414433,"comment":"","services":null,"findables":[{"serviceType":"urn:aiot-spec-v3:service:input:00000001:1","actions":["ALL"]}]}],"timestamp":"2022-08-05 14:32:01.530"}
08-05 02:32:00.980 23686 23738 D IDM-IDMConfigCache : finish updateIDMCloudConfig
08-05 02:32:01.475 23686 23888 D IDM-TAG : Advertising flag is 2
08-05 02:32:01.475 23686 23888 V IDM-TAG : Short Id Hash is 333763
08-05 02:32:01.476 23686 23888 D IDM-BonjourGovernor : startAdvertising: enter
08-05 02:32:01.484 23686 23888 D IDM-BonjourGovernor : J-Debug pattern  count: 1
08-05 02:32:01.484 23686 23888 D IDM-BonjourGovernor : J-Debug pattern [\u4e00-\u9fa5]count: 0
08-05 02:32:01.484 23686 23888 V IDM-BonjourGovernor : J-Debug outside realLen: 60, nmLen: 21, asLen: 19, ipLen: 10, containChinese: false, jsonStr: {"nm":"Redmi Note 10S","as":"[8193, 8194]","ip":"101"}
08-05 02:32:01.485 23686 23888 V IDM-BonjourGovernor : J-Debug startAdvertising json: {"nm":"Redmi Note 10S","as":"[8193, 8194]","ip":"101"}
08-05 02:32:02.239 23686 23739 D IDM-BonjourGovernor : onServiceRegistered: 
08-05 02:32:02.240 23686 23888 D IDM-LocalAppServer : advertisingResult, discType:2, result3
08-05 02:32:02.240 23686 23888 D IDM-LocalAppServer : result = START_ADVERTISING_SUCCESS, no need callback!
08-05 02:32:02.240 23686 23888 D IDM-LocalAppServer : advertisingResult, discType:2, result3
08-05 02:32:02.240 23686 23888 D IDM-LocalAppServer : result = START_ADVERTISING_SUCCESS, no need callback!
08-05 02:32:02.240 23686 23888 D IDM-BonjourGovernor : startAdvertising: exit
08-05 02:32:02.240 23686 23888 D IDM-LocalAppServer : can not create p2p go.
08-05 02:32:02.240 23686 23888 E IDM-LocalAppServer : startAdvertising end.
08-05 02:32:02.240 23686 23888 I IDM-MiConnectService : startAdvertising 3
08-05 02:32:02.240 23686 23888 D IDM-PropertyUtils : is agreed: false
08-05 02:32:02.240 23686 23888 E IDM-s:miconnect:  : not available
08-05 02:32:02.241 23686 23888 E IDM-stat: MiotReportManager : not available becase: is_enable_disable_build: true
08-05 03:04:29.054 29883 29883 I IDM-LogUtil : LogUtils init, A new application started
08-05 03:04:29.065 29883 29883 D IDM-PermissionManager : mIsSelfDebugSignature = false
08-05 03:04:29.067 29883 29883 I IDM-PermissionManager : load permission assets
08-05 03:04:29.074 29883 29883 I IDM-PermissionManager : failed to check uid for com.miui.huanji -1
08-05 03:04:29.075 29883 29883 I IDM-PermissionManager : failed to check uid for com.duokan.phone.remotecontroller -1
08-05 03:04:29.076 29883 29883 I IDM-PermissionManager : failed to check uid for com.iot.xiaomi.miconnecttest -1
08-05 03:04:29.076 29883 29883 I IDM-PermissionManager : failed to check uid for com.xiaomi.idm_autotest_android -1
08-05 03:04:29.076 29883 29883 I IDM-PermissionManager : failed to check uid for com.miui.video -1
08-05 03:04:29.077 29883 29883 I IDM-PermissionManager : failed to check uid for com.xiaomi.mitime -1
08-05 03:04:29.078 29883 29883 I IDM-PermissionManager : failed to check uid for com.xiaomi.wearable -1
08-05 03:04:29.078 29883 29883 I IDM-PermissionManager : failed to check uid for com.xiaomi.idm.sample -1
08-05 03:04:29.078 29883 29883 I IDM-PermissionManager : perm loaded v: 8
08-05 03:04:29.079 29883 29883 D IDM-ConfigMgr : config file: /data/user/0/com.xiaomi.mi_connect_service/files/config/config
08-05 03:04:29.104 29883 29883 D IDM-TimerStack : parseConfig start
08-05 03:04:29.106 29883 29883 W IDM-ConfigMgr : api invokes before apps loaded
08-05 03:04:29.106 29883 29883 D IDM-TimerStack : parseConfig end: 3
08-05 03:04:29.107 29883 29883 I IDM-ConfigMgr : 13 items loaded
08-05 03:04:29.107 29883 29883 I IDM-ConfigMgr : 4 data items loaded
08-05 03:04:29.107 29883 29883 D IDM-RegionUtil : CL
08-05 03:04:29.124 29883 29883 D IDM-PropertyUtils : is agreed: false
08-05 03:04:29.143 29883 29904 I IDM-CloudCtrFileJob : work
08-05 03:04:29.146 29883 29883 D IDM-PropertyUtils : is agreed: false
08-05 03:04:29.149 29883 29883 D IDM-DeviceUtil : platform type property: default
08-05 03:04:29.149 29883 29883 E IDM-Constant : is international: true
08-05 03:04:29.150 29883 29883 E IDM-s:miconnect:  : not available
08-05 03:04:29.151 29883 29907 V IDM-url : server time url: https://us-idm.api.io.mi.com/app/appgateway/miot/miconnect_server/MiconnectService/common/serverTime
08-05 03:04:29.151 29883 29907 D IDM-TimerStack : ServerTime start
08-05 03:04:29.157 29883 29883 V IDM-NetworkApi : mijia api base is : https://us.api.io.mi.com/
08-05 03:04:29.164 29883 29883 D IDM-MiIdentity : h: MiIdentity init start: ACCOUNT_VERIFY true
08-05 03:04:29.164 29883 29883 V IDM-MiIdentity : MiIdentityStore: MiIdentityStore init
08-05 03:04:29.176 29883 29883 V IDM-MiIdentity : MiIdentityStore: loadMiIdentityInfo took 11 milliseconds.
08-05 03:04:29.204 29883 29883 V IDM-MiIdentity : h: MiIdentity init end took 40 milliseconds.
08-05 03:04:29.205 29883 29905 V IDM-MiIdentity : h: Receive message 0, hardware data 37c8b02fc947e222c97245c67104793923f751c6, hardwareHash 7c
08-05 03:04:29.205 29883 29905 D IDM-CertSavingManager : queryWhenLogin mijiaDid 37c8b02fc947e222c97245c67104793923f751c6, didHash 7c
08-05 03:04:29.205 29883 29939 V IDM-MiIdentity : h: MiIdentity onAccountChange, old 6552773799, new 6552773799
08-05 03:04:29.211 29883 29933 E IDM-apm-idm : {"machineCode":"us","countryCode":"CL"}
08-05 03:04:29.211 29883 29933 E IDM-apm-idm : url=https://cdn.awsusor1.fds.api.mi-img.com/miot-miconnect-apm/idmapm/release/apm_control.json
08-05 03:04:29.211 29883 29933 D IDM-PropertyUtils : is agreed: false
08-05 03:04:29.218 29883 29883 I IDM-MiConnectService : onCreate versionName:2.1.137 userId:0
08-05 03:04:29.221 29883 29883 D IDM-PropertyUtils : is agreed: false
08-05 03:04:29.222 29883 29883 E IDM-s:miconnect:  : not available
08-05 03:04:29.222 29883 29883 D IDM-DeviceUtil : platform type property: default
08-05 03:04:29.223 29883 29883 D IDM-BonjourGovernor : BonjourGovernor ver: 9.8.09.01
08-05 03:04:29.224 29883 29954 D IDM-TimerStack : load all start
08-05 03:04:29.225 29883 29958 D IDM-CoapResponder : startCoapServer
08-05 03:04:29.225 29883 29958 V IDM-CoapResponder : 0: Start coap server on ports 56666
08-05 03:04:29.242 29883 29954 D IDM-TimerStack : load all end: 18
08-05 03:04:29.245 29883 29958 D IDM-CoapResponder : Start CoapServer Successful
08-05 03:04:29.452 29883 29883 D IDM-MiConnectService : SYSTEM userId else: 0,APP USERID 1000
08-05 03:04:29.452 29883 29883 D IDM-BtGovernor : BtApi getBleGovernor
08-05 03:04:29.459 29883 29883 I IDM-BleClientService :  BleAttributeClientOperation Consturctor, dev.1.2.0
08-05 03:04:29.459 29883 29883 D IDM-BleDiscovery : init enter, mIsInitiated=false
08-05 03:04:29.463 29883 29883 I IDM-BleServerService :  BleAttributeServerOperation Consturctor, dev.1.2.0
08-05 03:04:29.464 29883 29883 I IDM-BleClientViaAttService :  BleClientService Consturctor, dev.1.2.0
08-05 03:04:29.464 29883 29883 I IDM-BleServerViaAttService :  BleServerService Consturctor, dev.1.2.0
08-05 03:04:29.495 29883 29883 I IDM-Discovery :  BleDiscovery Consturctor, dev.1.2.0
08-05 03:04:29.495 29883 29883 D IDM-Discovery : scan mode=2
08-05 03:04:29.495 29883 29883 D IDM-BtGovernor : BtApi BtGovernor Constructor, dev.1.2.0
08-05 03:04:29.497 29883 29883 D IDM-BtGovernor : BT Adapter was not supported ! 
08-05 03:04:29.497 29883 29883 I IDM-BleAdvertising :  BleAdvertising Consturctor, dev.1.2.0
08-05 03:04:29.498 29883 29883 E IDM-BtGovernor : Log enabled =false
08-05 03:04:29.498 29883 29883 D IDM-AbstractBtGovernor : BleApi setCallback
08-05 03:04:29.498 29883 29883 D IDM-BleBackGround : setCallback is set
08-05 03:04:29.498 29883 29883 D IDM-AbstractBtGovernor : BleApi enableStateListener
08-05 03:04:29.499 29883 29883 I IDM-AbstractBtGovernor : isAvailable enter
08-05 03:04:29.499 29883 29883 D IDM-AbstractBtGovernor : is support BT: false
08-05 03:04:29.499 29883 29883 D IDM-BtClassicGovernor : Classic Api getBtGovernor
08-05 03:04:29.499 29883 29883 I IDM-BleClientService :  BleAttributeClientOperation Consturctor, dev.1.2.0
08-05 03:04:29.499 29883 29883 D IDM-BleDiscovery : init enter, mIsInitiated=false
08-05 03:04:29.500 29883 29883 I IDM-BleClientViaAttService :  BleClientService Consturctor, dev.1.2.0
08-05 03:04:29.500 29883 29883 I IDM-BleServerViaAttService :  BleServerService Consturctor, dev.1.2.0
08-05 03:04:29.515 29883 29883 D IDM-BtClassicGovernor : Classic Api BtGovernor Constructor, dev.1.2.0
08-05 03:04:29.516 29883 29883 I IDM-BleAdvertising :  BleAdvertising Consturctor, dev.1.2.0
08-05 03:04:29.516 29883 29883 E IDM-BtClassicGovernor : Log enabled =false
08-05 03:04:29.516 29883 29883 I IDM-BtClassicGovernor : Classic setCallback
08-05 03:04:29.516 29883 29883 D IDM-AbstractBtGovernor : BleApi setCallback
08-05 03:04:29.517 29883 29883 D IDM-AbstractBtGovernor : BleApi enableStateListener
08-05 03:04:29.517 29883 29883 I IDM-BtClassicGovernor : BtClassical isAvailable enter
08-05 03:04:29.517 29883 29883 I IDM-AbstractBtGovernor : isAvailable enter
08-05 03:04:29.517 29883 29883 D IDM-AbstractBtGovernor : is support BT: false
08-05 03:04:29.517 29883 29883 D IDM-BtClassicGovernor : is support BT: false
08-05 03:04:29.517 29883 29883 D IDM-PropertyUtils : is agreed: false
08-05 03:04:29.518 29883 29883 W IDM-MiConnectReport : report failure -1024 0
08-05 03:04:29.518 29883 29883 E IDM-stat: MiotReportManager : not available becase: is_enable_disable_build: true
08-05 03:04:29.518 29883 29883 D IDM-BleGovernor : BleApi getBleGovernor
08-05 03:04:29.518 29883 29883 I IDM-BleClientService :  BleAttributeClientOperation Consturctor, dev.1.2.0
08-05 03:04:29.518 29883 29883 D IDM-BleDiscovery : init enter, mIsInitiated=false
08-05 03:04:29.518 29883 29883 I IDM-BleClientViaAttService :  BleClientService Consturctor, dev.1.2.0
08-05 03:04:29.518 29883 29883 I IDM-BleServerViaAttService :  BleServerService Consturctor, dev.1.2.0
08-05 03:04:29.545 29883 29883 D IDM-BleDiscovery : init enter, mIsInitiated=false
08-05 03:04:29.547 29883 29883 D IDM-BleGovernor : BT Adapter was not supported ! 
08-05 03:04:29.547 29883 29883 I IDM-BleAdvertising :  BleAdvertising Consturctor, dev.1.2.0
08-05 03:04:29.547 29883 29883 I IDM-BleGovernor : BleApi setCallback enter
08-05 03:04:29.547 29883 29883 D IDM-AbstractBtGovernor : BleApi setCallback
08-05 03:04:29.547 29883 29883 D IDM-AbstractBtGovernor : BleApi enableStateListener
08-05 03:04:29.547 29883 29883 I IDM-BleGovernor : isAvailable enter
08-05 03:04:29.547 29883 29883 I IDM-AbstractBtGovernor : isAvailable enter
08-05 03:04:29.548 29883 29883 D IDM-AbstractBtGovernor : is support BT: false
08-05 03:04:29.548 29883 29883 I IDM-WifiGovernor : Common: WifiGovernor Constructor
08-05 03:04:29.608 29883 29883 D IDM-WifiGovernor : Common: support5gBand: ret: true
08-05 03:04:29.608 29883 29883 D IDM-WifiGovernor : Common: Support DTLS: false
08-05 03:04:29.612 29883 29883 I IDM-WifiGovernor : Common: WifiGovernor constructor exit
08-05 03:04:29.612 29883 29883 I IDM-WifiGovernor : Common: isAvailable enter
08-05 03:04:29.613 29883 29883 I IDM-WifiGovernor : Common: isAvailable exit: true
08-05 03:04:29.613 29883 29883 I IDM-WifiGovernor : Common: WifiGovernor init enter
08-05 03:04:29.616 29883 29883 D IDM-WifiGovernor : Common: Start coap server successfully. retry: 0
08-05 03:04:29.616 29883 29883 I IDM-WifiGovernor : Common: WifiGovernor init exit
08-05 03:04:29.616 29883 29883 I IDM-WifiGovernor : Common: setCallback: com.xiaomi.mi_connect_service.MiConnectService$d@f6c0293
08-05 03:04:29.633 29883 29883 I IDM-NfcAdvPresenter : registerReceiver
08-05 03:04:29.633 29883 29883 D IDM-DeviceUtil : platform type property: default
08-05 03:04:29.633 29883 29883 D IDM-DeviceUtil : platform type property: default
08-05 03:04:29.636 29883 29883 I IDM-NfcScanHelper : ---start---state:IDEL
08-05 03:04:29.638 29883 29883 I IDM-NfcMessagePublisher : use NfcScanHelper
08-05 03:04:29.638 29883 29883 D IDM-DeviceUtil : platform type property: default
08-05 03:04:29.654 29883 29883 D IDM-DeviceUtil : platform type property: default
08-05 03:04:29.654 29883 29883 I IDM-NfcGovernor : isAvailable false
08-05 03:04:29.654 29883 29883 D IDM-MiConnectService : NFC available false
08-05 03:04:29.655 29883 29883 D IDM-DeviceUtil : platform type property: default
08-05 03:04:29.655 29883 29883 I IDM-NfcGovernor : isAvailable false
08-05 03:04:29.655 29883 29883 I IDM-BleGovernor : BleApi setAdvertisingCallback enter
08-05 03:04:29.655 29883 29883 E IDM-BleGovernor : BtGovernor died. need to init
08-05 03:04:29.655 29883 29883 D IDM-PropertyUtils : is agreed: false
08-05 03:04:29.656 29883 29883 W IDM-MiConnectReport : report failure -1053 0
08-05 03:04:29.656 29883 29883 E IDM-stat: MiotReportManager : not available becase: is_enable_disable_build: true
08-05 03:04:29.656 29883 29883 I IDM-BtClassicGovernor : BtClassical setAdvertisingCallback enter
08-05 03:04:29.658 29883 29883 E IDM-BtClassicGovernor : BtGovernor died. need to init
08-05 03:04:29.658 29883 29883 D IDM-PropertyUtils : is agreed: false
08-05 03:04:29.658 29883 29883 W IDM-MiConnectReport : report failure -1092 0
08-05 03:04:29.659 29883 29883 E IDM-stat: MiotReportManager : not available becase: is_enable_disable_build: true
08-05 03:04:29.659 29883 29883 I IDM-BtGovernor : BtApi setAdvertisingCallback enter
08-05 03:04:29.659 29883 29883 E IDM-BtGovernor : BtGovernor died. need to init
08-05 03:04:29.659 29883 29883 I IDM-BleGovernor : BleApi setDiscoveryCallback enter
08-05 03:04:29.659 29883 29883 E IDM-BleGovernor : BtGovernor died. need to init
08-05 03:04:29.659 29883 29883 D IDM-PropertyUtils : is agreed: false
08-05 03:04:29.660 29883 29883 W IDM-MiConnectReport : report failure -1053 0
08-05 03:04:29.660 29883 29883 E IDM-stat: MiotReportManager : not available becase: is_enable_disable_build: true
08-05 03:04:29.660 29883 29883 D IDM-BleDiscovery : setCallback enter
08-05 03:04:29.660 29883 29883 I IDM-BtClassicGovernor : BtClassic setDiscoveryCallback enter
08-05 03:04:29.660 29883 29883 E IDM-BtClassicGovernor : BtGovernor died. need to init
08-05 03:04:29.660 29883 29883 D IDM-PropertyUtils : is agreed: false
08-05 03:04:29.660 29883 29883 W IDM-MiConnectReport : report failure -1092 0
08-05 03:04:29.661 29883 29883 E IDM-stat: MiotReportManager : not available becase: is_enable_disable_build: true
08-05 03:04:29.661 29883 29883 D IDM-BtDiscovery : setCallback enter
08-05 03:04:29.661 29883 29883 I IDM-BtGovernor : BtApi setDiscoveryCallback enter
08-05 03:04:29.661 29883 29883 E IDM-BtGovernor : BtGovernor died. need to init
08-05 03:04:29.661 29883 29883 I IDM-WifiGovernor : Common: setDiscoveryCallback: b.h.o.q$a@c4e8a6
08-05 03:04:29.661 29883 29883 E IDM-BleGovernor : BLE is not enabled
08-05 03:04:29.662 29883 29883 D IDM-AbstractBtGovernor : BleApi setAttributeCallback enter
08-05 03:04:29.662 29883 29883 I IDM-BtClassicGovernor : BtClassical setAttributeCallback enter
08-05 03:04:29.662 29883 29883 E IDM-BtClassicGovernor : BLE is not enabled
08-05 03:04:29.662 29883 29883 D IDM-AbstractBtGovernor : BleApi setAttributeCallback enter
08-05 03:04:29.662 29883 29883 I IDM-BtGovernor : BtApi setAttributeCallback enter
08-05 03:04:29.668 29883 29883 E IDM-BtGovernor : BLE is not enabled
08-05 03:04:29.669 29883 29883 D IDM-AbstractBtGovernor : BleApi setAttributeCallback enter
08-05 03:04:29.670 29883 29883 I IDM-WifiGovernor : Common: setAttributeCallback: b.h.o.k$a@6248d3d
08-05 03:04:29.699 29883 29883 V IDM-DeviceUtil : Get Phone name Redmi Note 10S
08-05 03:04:29.700 29883 29883 D IDM-MiConnectService : ScreenStateObserver.EnableObserve main
08-05 03:04:29.702 29883 29883 D IDM-MiConnectService : UserSwitchedObserver.EnableObserve main
08-05 03:04:29.710 29883 29883 D IDM-MiConnectService : Register name change observer for phone
08-05 03:04:29.710 29883 29883 D IDM-MiConnectService : PhoneSystemNameChangeObserver.EnableObserve main
08-05 03:04:29.721 29883 29883 D IDM-IDMRuntime : Initializing Managers...
08-05 03:04:29.721 29883 29883 D IDM-IDMConfigCache : isDebugSignature = false
08-05 03:04:29.722 29883 29883 D IDM-IDMClientProcManager : Initializing
08-05 03:04:29.739 29883 29883 D IDM-IDMServerProcManager : Initializing
08-05 03:04:29.739 29883 29883 D IDM-IDMConnectionManager : Initializing
08-05 03:04:29.739 29883 29883 D IDM-IDMRuntime : Initializing BuiltInServices...
08-05 03:04:29.740 29883 29883 E IDM-IotLocalControlSerivceImpl : IotLocalControlSerivceImpl IDM_LOCALSERVICE_UUIDffff3ffc-09da-4bed-9652-f507366fcfc5
08-05 03:04:29.755 29883 29958 D IDM-IDMConfigCache : initAssetsCache in pool thread
08-05 03:04:29.799 29883 29883 D IDM-IDMNative : init
08-05 03:04:29.810 29883 29883 D IDM-AppMgrNative : init
08-05 03:04:29.811 29883 29883 D IDM-IDMNative : setIdentity, idhash: 333763, name: Redmi Note 10S
08-05 03:04:29.831 29883 29883 D IDM-IDMNative : startAdvertising, service:ffff3ffc-09da-4bed-9652-f507366fcfc5 discType:3 commType:8 serviceSecurityType:0
08-05 03:04:29.831 29883 29883 D IDM-IDMNative : startAdvertising, service:4d7cb909-3a47-4b77-a981-59efe8246cfc discType:2 commType:2 serviceSecurityType:0
08-05 03:04:29.832 29883 29883 D IDM-AppMgrNative : registerApp
08-05 03:04:29.832 29883 29883 D IDM-MiConnectService : executor id:8194
08-05 03:04:29.832 29883 29883 D IDM-MiConnectService : generate executor for 8194
08-05 03:04:29.835 29883 29883 D IDM-MiConnectService : executor id:8194
08-05 03:04:29.836 29883 29883 D IDM-IDMRuntime : Initializing HandoffProcessService...
08-05 03:04:29.840 29883 30204 I IDM-MiConnectService : app thread created app thread for 8194
08-05 03:04:29.841 29883 30204 I IDM-MiConnectService : setCallBack appid: 8194,roleType: 1
08-05 03:04:29.841 29883 30204 D IDM-PropertyUtils : is agreed: false
08-05 03:04:29.849 29883 29883 V IDM-NetworkApi : mijia api base is : https://us.api.io.mi.com/
08-05 03:04:29.851 29883 30204 E IDM-s:miconnect:  : not available
08-05 03:04:29.851 29883 30204 E IDM-stat: MiotReportManager : not available becase: is_enable_disable_build: true
08-05 03:04:29.851 29883 30204 I IDM-MiConnectService : startAdvertising discType 2
08-05 03:04:29.852 29883 30204 D IDM-LocalAppServer : initSuppSetting: commSetting = 2
08-05 03:04:29.857 29883 29883 D IDM-DeviceUtil : platform type property: default
08-05 03:04:29.858 29883 29883 D IDM-ConnectionManager : ConnectionManagerImpl construct with version code:1,debug:false
08-05 03:04:29.858 29883 29883 I IDM-WifiGovernor : Common: setHostCallback: b.h.o.k.D@b6ec524
08-05 03:04:29.858 29883 29883 I IDM-WifiGovernor : Common: setHostCallback: b.h.o.k.D@b6ec524
08-05 03:04:29.858 29883 29883 I IDM-WifiGovernor : Common: setConnectionCallback: b.h.o.k.q@c13188d
08-05 03:04:29.858 29883 29883 I IDM-WifiGovernor : Common: setConnectionCallback: b.h.o.k.q@c13188d
08-05 03:04:29.859 29883 29883 D IDM-MiConnectService : onBind action:com.xiaomi.mi_connect_service.MiConnectService
08-05 03:04:29.867 29883 30204 D IDM-LocalAppServer : initCurrSetting: commSetting = 2
08-05 03:04:29.873 29883 29883 D IDM-CommStateMonitor : onReceive: android.net.conn.CONNECTIVITY_CHANGE
08-05 03:04:29.874 29883 29883 D IDM-CommStateMonitor : onReceive: android.net.wifi.WIFI_STATE_CHANGED
08-05 03:04:29.877 29883 30204 D IDM-LocalAppServerHolder : add App Server 8194
08-05 03:04:29.877 29883 30204 D IDM-PropertyUtils : is agreed: false
08-05 03:04:29.878 29883 30204 E IDM-s:miconnect:  : not available
08-05 03:04:29.878 29883 30204 I IDM-MiConnectService : startAdvertising 2
08-05 03:04:29.878 29883 30204 E IDM-LocalAppServer : startAdvertising
08-05 03:04:29.887 29883 29883 D IDM-CommStateMonitor : onReceive: android.net.wifi.STATE_CHANGE
08-05 03:04:29.887 29883 29883 D IDM-CommStateMonitor : isConnected: true
08-05 03:04:29.899 29883 29883 D IDM-IDMServerProcManager : register ServerProc, clientId = [a023jkdf]
08-05 03:04:29.903 29883 29883 D IDM-PackkageUtil : pkg com.xiaomi.mi_connect_service
08-05 03:04:29.903 29883 29883 E IDM-IDMSecurityManager : checkRegisterClientId InnerCalling no need check clientId
08-05 03:04:29.904 29883 29883 D IDM-IDMNativeWraper : clientId = [a023jkdf], sdk version = [2001137]
08-05 03:04:29.904 29883 29883 D IDM-IDMNativeWraper : clientId = [a023jkdf], Use Native V2
08-05 03:04:29.904 29883 29883 V IDM-HandoffProcessService : IDMServer onProcessConnected, ready to register service
08-05 03:04:29.904 29883 29883 V IDM-HandoffProcessService : register Handoff service
08-05 03:04:29.906 29883 29883 D IDM-IDMServerProcManager : registerService
08-05 03:04:29.908 29883 29883 D IDM-PackkageUtil : pkg com.xiaomi.mi_connect_service
08-05 03:04:29.908 29883 29883 E IDM-IDMSecurityManager : checkServiceRegistrable InnerCalling no need check
08-05 03:04:29.910 29883 29883 D IDM-PackkageUtil : pkg com.xiaomi.mi_connect_service
08-05 03:04:29.913 29883 29883 D IDM-PackkageUtil : pkg com.xiaomi.mi_connect_service
08-05 03:04:29.913 29883 29883 D IDM-MiConnectService : filterCommTypeOnPermission for com.xiaomi.mi_connect_service
08-05 03:04:29.913 29883 29883 D IDM-IDMServerProc : register Service, serviceId = [b1372cca-c872-4c14-8292-d7200ebc10d4]
08-05 03:04:29.913 29883 29883 D IDM-IDMNativeWraper : startAdvertising V2
08-05 03:04:29.913 29883 29883 D IDM-IDMNative : startAdvertising, service:b1372cca-c872-4c14-8292-d7200ebc10d4 discType:2 commType:2 serviceSecurityType:0
08-05 03:04:29.914 29883 29883 D IDM-AppMgrNative : registerApp
08-05 03:04:29.914 29883 29883 D IDM-MiConnectService : executor id:8193
08-05 03:04:29.914 29883 29883 D IDM-MiConnectService : generate executor for 8193
08-05 03:04:29.914 29883 29883 D IDM-MiConnectService : executor id:8193
08-05 03:04:29.915 29883 29883 V IDM-HandoffProcessService : IDMClient onProcessConnected
08-05 03:04:29.917 29883 29883 D IDM-IDMClientProcManager : registerIDMClient: clientId = [a023jkdf]
08-05 03:04:29.918 29883 29883 D IDM-PackkageUtil : pkg com.xiaomi.mi_connect_service
08-05 03:04:29.918 29883 29883 E IDM-IDMSecurityManager : checkRegisterClientId InnerCalling no need check clientId
08-05 03:04:29.918 29883 29883 D IDM-IDMClientProcManager : param size = [4]
08-05 03:04:29.920 29883 29883 E IDM-IDMClientProcManager : IdentifyParam = [# com.xiaomi.mi_connect_service.proto.IPCParam$IdentifyParam@7bc6f]
08-05 03:04:29.921 29883 29883 D IDM-IDMNativeWraper : clientId = [a023jkdf], sdk version = [2001137]
08-05 03:04:29.921 29883 29883 D IDM-IDMNativeWraper : clientId = [a023jkdf], Use Native V2
08-05 03:04:29.921 29883 29883 E IDM-PropertyAgent : DeviceService  init 
08-05 03:04:29.922 29883 29883 I IDM-PropertyAgent : setTokenInfo
08-05 03:04:29.926 29883 29883 D IDM-IDMNativeWraper : registerIDMClient V2
08-05 03:04:29.926 29883 29883 D IDM-IDMNative : registerIDMClient, id:a023jkdf
08-05 03:04:29.932 29883 29905 D IDM-CertSavingManager : get cert3 from ram
08-05 03:04:29.937 29883 30218 I IDM-MiConnectService : app thread created app thread for 8193
08-05 03:04:29.937 29883 30218 I IDM-MiConnectService : setCallBack appid: 8193,roleType: 1
08-05 03:04:29.943 29883 30218 D IDM-PropertyUtils : is agreed: false
08-05 03:04:29.943 29883 30218 E IDM-s:miconnect:  : not available
08-05 03:04:29.943 29883 30218 E IDM-stat: MiotReportManager : not available becase: is_enable_disable_build: true
08-05 03:04:29.943 29883 30218 I IDM-MiConnectService : startAdvertising discType 2
08-05 03:04:29.943 29883 30218 D IDM-LocalAppServer : initSuppSetting: commSetting = 2
08-05 03:04:29.944 29883 29905 D IDM-CertSavingManager : get cert3 from sp
08-05 03:04:29.944 29883 29905 D IDM-CertSavingManager : get cert2 from ram space
08-05 03:04:29.947 29883 30218 D IDM-LocalAppServer : initCurrSetting: commSetting = 2
08-05 03:04:29.949 29883 29905 D IDM-CertSavingManager : get cert2 from sp file
08-05 03:04:29.950 29883 30204 V IDM-CertSavingManager : current saving is empty
08-05 03:04:29.950 29883 30204 V IDM-MiIdentity : h: validateCurrentSaving took 0 milliseconds.
08-05 03:04:29.951 29883 30218 D IDM-LocalAppServerHolder : add App Server 8193
08-05 03:04:29.951 29883 30204 I IDM-AttributeManager : update 2
08-05 03:04:29.951 29883 30218 D IDM-PropertyUtils : is agreed: false
08-05 03:04:29.951 29883 30204 D IDM-CoapStorage : addAttribute uuid: 00000000-09da-4bed-9652-f507366fcfc5
08-05 03:04:29.951 29883 30224 D IDM-CertSavingManager : save all data fetched in new thread.
08-05 03:04:29.951 29883 30204 D IDM-CoapStorage : addAttribute uuid: 00000001-09da-4bed-9652-f507366fcfc5
08-05 03:04:29.951 29883 30218 E IDM-s:miconnect:  : not available
08-05 03:04:29.951 29883 30204 D IDM-CoapStorage : addAttribute uuid: 00000003-09da-4bed-9652-f507366fcfc5
08-05 03:04:29.951 29883 30218 I IDM-MiConnectService : startAdvertising 2
08-05 03:04:29.951 29883 30204 D IDM-CoapStorage : addAttribute uuid: 00000004-09da-4bed-9652-f507366fcfc5
08-05 03:04:29.951 29883 30204 D IDM-CoapStorage : addAttribute uuid: 00000005-09da-4bed-9652-f507366fcfc5
08-05 03:04:29.951 29883 30204 D IDM-CoapStorage : addAttribute uuid: 00000006-09da-4bed-9652-f507366fcfc5
08-05 03:04:29.952 29883 30204 D IDM-CoapStorage : addAttribute uuid: 00000008-09da-4bed-9652-f507366fcfc5
08-05 03:04:29.952 29883 30204 D IDM-CoapStorage : addAttribute uuid: 00000007-09da-4bed-9652-f507366fcfc5
08-05 03:04:29.952 29883 30204 D IDM-CoapStorage : addAttribute uuid: 20020001-09da-4bed-9652-f507366fcfc5
08-05 03:04:29.952 29883 30204 D IDM-CoapStorage : addAttribute uuid: 20020002-09da-4bed-9652-f507366fcfc5
08-05 03:04:29.953 29883 30204 D IDM-CoapStorage : addAttribute uuid: 20020003-09da-4bed-9652-f507366fcfc5
08-05 03:04:29.953 29883 30204 D IDM-CoapStorage : addAttribute uuid: 20020004-09da-4bed-9652-f507366fcfc5
08-05 03:04:29.953 29883 30204 D IDM-CoapStorage : addAttribute uuid: 20020005-09da-4bed-9652-f507366fcfc5
08-05 03:04:29.953 29883 30204 D IDM-CoapStorage : addAttribute uuid: 20020006-09da-4bed-9652-f507366fcfc5
08-05 03:04:29.953 29883 30204 D IDM-CoapStorage : addAttribute uuid: 20020007-09da-4bed-9652-f507366fcfc5
08-05 03:04:29.953 29883 30204 D IDM-CoapStorage : addAttribute uuid: 20020008-09da-4bed-9652-f507366fcfc5
08-05 03:04:29.953 29883 30204 D IDM-CoapStorage : addAttribute uuid: 20020009-09da-4bed-9652-f507366fcfc5
08-05 03:04:29.953 29883 30204 D IDM-CoapStorage : addAttribute uuid: 2002000a-09da-4bed-9652-f507366fcfc5
08-05 03:04:29.953 29883 30204 D IDM-CoapStorage : addAttribute uuid: 2002000b-09da-4bed-9652-f507366fcfc5
08-05 03:04:29.953 29883 30204 D IDM-CoapStorage : addAttribute uuid: 2002000c-09da-4bed-9652-f507366fcfc5
08-05 03:04:29.954 29883 30204 D IDM-CoapStorage : addAttribute uuid: 2002000d-09da-4bed-9652-f507366fcfc5
08-05 03:04:29.954 29883 30204 D IDM-CoapResponder : addService
08-05 03:04:29.954 29883 30204 V IDM-CoapResponder : add Attribute 00000008-09da-4bed-9652-f507366fcfc5 Service
08-05 03:04:29.954 29883 30204 V IDM-CoapResponder : add Attribute 2002000a-09da-4bed-9652-f507366fcfc5 Service
08-05 03:04:29.954 29883 30204 V IDM-CoapResponder : add Attribute 2002000b-09da-4bed-9652-f507366fcfc5 Service
08-05 03:04:29.954 29883 30204 V IDM-CoapResponder : add Attribute 20020008-09da-4bed-9652-f507366fcfc5 Service
08-05 03:04:29.954 29883 30204 V IDM-CoapResponder : add Attribute 20020009-09da-4bed-9652-f507366fcfc5 Service
08-05 03:04:29.955 29883 30204 V IDM-CoapResponder : add Attribute 2002000c-09da-4bed-9652-f507366fcfc5 Service
08-05 03:04:29.955 29883 30204 V IDM-CoapResponder : add Attribute 2002000d-09da-4bed-9652-f507366fcfc5 Service
08-05 03:04:29.955 29883 30204 V IDM-CoapResponder : add Attribute 00000000-09da-4bed-9652-f507366fcfc5 Service
08-05 03:04:29.955 29883 30204 V IDM-CoapResponder : add Attribute 20020002-09da-4bed-9652-f507366fcfc5 Service
08-05 03:04:29.955 29883 30204 V IDM-CoapResponder : add Attribute 00000001-09da-4bed-9652-f507366fcfc5 Service
08-05 03:04:29.955 29883 30204 V IDM-CoapResponder : add Attribute 20020003-09da-4bed-9652-f507366fcfc5 Service
08-05 03:04:29.955 29883 30204 V IDM-CoapResponder : add Attribute 00000003-09da-4bed-9652-f507366fcfc5 Service
08-05 03:04:29.955 29883 30204 V IDM-CoapResponder : add Attribute 20020001-09da-4bed-9652-f507366fcfc5 Service
08-05 03:04:29.955 29883 30204 V IDM-CoapResponder : add Attribute 00000004-09da-4bed-9652-f507366fcfc5 Service
08-05 03:04:29.955 29883 30204 V IDM-CoapResponder : add Attribute 20020006-09da-4bed-9652-f507366fcfc5 Service
08-05 03:04:29.955 29883 30204 V IDM-CoapResponder : add Attribute 00000005-09da-4bed-9652-f507366fcfc5 Service
08-05 03:04:29.956 29883 30204 V IDM-CoapResponder : add Attribute 20020007-09da-4bed-9652-f507366fcfc5 Service
08-05 03:04:29.956 29883 30204 V IDM-CoapResponder : add Attribute 00000006-09da-4bed-9652-f507366fcfc5 Service
08-05 03:04:29.956 29883 30204 V IDM-CoapResponder : add Attribute 20020004-09da-4bed-9652-f507366fcfc5 Service
08-05 03:04:29.956 29883 30204 V IDM-CoapResponder : add Attribute 00000007-09da-4bed-9652-f507366fcfc5 Service
08-05 03:04:29.956 29883 30204 V IDM-CoapResponder : add Attribute 20020005-09da-4bed-9652-f507366fcfc5 Service
08-05 03:04:29.956 29883 30204 I IDM-AdvertisingManager : update 2
08-05 03:04:29.956 29883 30204 I IDM-AdvertisingManager : update after changed for BT, discType is 2
08-05 03:04:29.956 29883 30204 D IDM-BonjourGovernor : stopAdvertising: enter
08-05 03:04:29.956 29883 30204 E IDM-BonjourGovernor : stopAdvertising: exit since not in advertising
08-05 03:04:29.957 29883 29905 V IDM-MiIdentity : h: Receive message 1, hardware data 37c8b02fc947e222c97245c67104793923f751c6, hardwareHash 7c
08-05 03:04:29.958 29883 29905 D IDM-CertSavingManager : queryWhenLogin mijiaDid 37c8b02fc947e222c97245c67104793923f751c6, didHash 7c
08-05 03:04:29.959 29883 30204 D IDM-PropertyUtils : is agreed: false
08-05 03:04:29.959 29883 30204 W IDM-MiConnectReport : report failure -2012 0
08-05 03:04:29.960 29883 30204 E IDM-stat: MiotReportManager : not available becase: is_enable_disable_build: true
08-05 03:04:29.971 29883 30218 E IDM-LocalAppServer : startAdvertising
08-05 03:04:29.972 29883 30218 V IDM-CertSavingManager : current saving is empty
08-05 03:04:29.972 29883 30218 V IDM-MiIdentity : h: validateCurrentSaving took 1 milliseconds.
08-05 03:04:29.972 29883 30218 I IDM-AttributeManager : update 2
08-05 03:04:29.972 29883 30218 D IDM-CoapStorage : addAttribute uuid: 00000000-09da-4bed-9652-f507366fcfc5
08-05 03:04:29.972 29883 30218 D IDM-CoapStorage : addAttribute uuid: 00000001-09da-4bed-9652-f507366fcfc5
08-05 03:04:29.972 29883 30218 D IDM-CoapStorage : addAttribute uuid: 00000003-09da-4bed-9652-f507366fcfc5
08-05 03:04:29.972 29883 30218 D IDM-CoapStorage : addAttribute uuid: 00000004-09da-4bed-9652-f507366fcfc5
08-05 03:04:29.973 29883 30218 D IDM-CoapStorage : addAttribute uuid: 00000005-09da-4bed-9652-f507366fcfc5
08-05 03:04:29.973 29883 30218 D IDM-CoapStorage : addAttribute uuid: 00000006-09da-4bed-9652-f507366fcfc5
08-05 03:04:29.973 29883 30218 D IDM-CoapStorage : addAttribute uuid: 00000008-09da-4bed-9652-f507366fcfc5
08-05 03:04:29.973 29883 30218 D IDM-CoapStorage : addAttribute uuid: 00000007-09da-4bed-9652-f507366fcfc5
08-05 03:04:29.973 29883 30218 D IDM-CoapStorage : addAttribute uuid: 20020001-09da-4bed-9652-f507366fcfc5
08-05 03:04:29.974 29883 30218 D IDM-CoapStorage : addAttribute uuid: 20020002-09da-4bed-9652-f507366fcfc5
08-05 03:04:29.974 29883 30218 D IDM-CoapStorage : addAttribute uuid: 20020003-09da-4bed-9652-f507366fcfc5
08-05 03:04:29.974 29883 30218 D IDM-CoapStorage : addAttribute uuid: 20020004-09da-4bed-9652-f507366fcfc5
08-05 03:04:29.974 29883 30218 D IDM-CoapStorage : addAttribute uuid: 20020005-09da-4bed-9652-f507366fcfc5
08-05 03:04:29.974 29883 30218 D IDM-CoapStorage : addAttribute uuid: 20020006-09da-4bed-9652-f507366fcfc5
08-05 03:04:29.974 29883 30218 D IDM-CoapStorage : addAttribute uuid: 20020007-09da-4bed-9652-f507366fcfc5
08-05 03:04:29.974 29883 30218 D IDM-CoapStorage : addAttribute uuid: 20020008-09da-4bed-9652-f507366fcfc5
08-05 03:04:29.974 29883 30218 D IDM-CoapStorage : addAttribute uuid: 20020009-09da-4bed-9652-f507366fcfc5
08-05 03:04:29.975 29883 30218 D IDM-CoapStorage : addAttribute uuid: 2002000a-09da-4bed-9652-f507366fcfc5
08-05 03:04:29.976 29883 30218 D IDM-CoapStorage : addAttribute uuid: 2002000b-09da-4bed-9652-f507366fcfc5
08-05 03:04:29.976 29883 30218 D IDM-CoapStorage : addAttribute uuid: 2002000c-09da-4bed-9652-f507366fcfc5
08-05 03:04:29.976 29883 30218 D IDM-CoapStorage : addAttribute uuid: 2002000d-09da-4bed-9652-f507366fcfc5
08-05 03:04:29.976 29883 30218 D IDM-CoapStorage : addAttribute uuid: 20010001-09da-4bed-9652-f507366fcfc5
08-05 03:04:29.976 29883 30218 D IDM-CoapStorage : addAttribute uuid: 20010002-09da-4bed-9652-f507366fcfc5
08-05 03:04:29.977 29883 30218 D IDM-CoapStorage : addAttribute uuid: 20010003-09da-4bed-9652-f507366fcfc5
08-05 03:04:29.977 29883 30218 D IDM-CoapStorage : addAttribute uuid: 20010004-09da-4bed-9652-f507366fcfc5
08-05 03:04:29.977 29883 30218 D IDM-CoapStorage : addAttribute uuid: 20010005-09da-4bed-9652-f507366fcfc5
08-05 03:04:29.977 29883 30218 D IDM-CoapStorage : addAttribute uuid: 20010006-09da-4bed-9652-f507366fcfc5
08-05 03:04:29.977 29883 30218 D IDM-CoapStorage : addAttribute uuid: 20010007-09da-4bed-9652-f507366fcfc5
08-05 03:04:29.977 29883 30218 D IDM-CoapStorage : addAttribute uuid: 20010008-09da-4bed-9652-f507366fcfc5
08-05 03:04:29.977 29883 30218 D IDM-CoapStorage : addAttribute uuid: 20010009-09da-4bed-9652-f507366fcfc5
08-05 03:04:29.977 29883 30218 D IDM-CoapStorage : addAttribute uuid: 2001000a-09da-4bed-9652-f507366fcfc5
08-05 03:04:29.977 29883 30218 D IDM-CoapStorage : addAttribute uuid: 2001000b-09da-4bed-9652-f507366fcfc5
08-05 03:04:29.978 29883 30218 D IDM-CoapStorage : addAttribute uuid: 2001000c-09da-4bed-9652-f507366fcfc5
08-05 03:04:29.978 29883 30218 D IDM-CoapStorage : addAttribute uuid: 2001000d-09da-4bed-9652-f507366fcfc5
08-05 03:04:29.978 29883 30218 D IDM-CoapResponder : addService
08-05 03:04:29.978 29883 30218 V IDM-CoapResponder : add Attribute 00000008-09da-4bed-9652-f507366fcfc5 Service
08-05 03:04:29.978 29883 30218 V IDM-CoapResponder : add Attribute 2002000a-09da-4bed-9652-f507366fcfc5 Service
08-05 03:04:29.978 29883 30218 V IDM-CoapResponder : add Attribute 20010009-09da-4bed-9652-f507366fcfc5 Service
08-05 03:04:29.978 29883 30218 V IDM-CoapResponder : add Attribute 2002000b-09da-4bed-9652-f507366fcfc5 Service
08-05 03:04:29.978 29883 30218 V IDM-CoapResponder : add Attribute 20010008-09da-4bed-9652-f507366fcfc5 Service
08-05 03:04:29.985 29883 29905 D IDM-CertSavingManager : get cert3 from ram
08-05 03:04:29.985 29883 29905 D IDM-CertSavingManager : get cert2 from ram space
08-05 03:04:29.987 29883 29905 V IDM-MiIdentity : h: Receive message 1, hardware data 37c8b02fc947e222c97245c67104793923f751c6, hardwareHash 7c
08-05 03:04:29.987 29883 29905 D IDM-CertSavingManager : queryWhenLogin mijiaDid 37c8b02fc947e222c97245c67104793923f751c6, didHash 7c
08-05 03:04:29.990 29883 30228 D IDM-CertSavingManager : save all data fetched in new thread.
08-05 03:04:29.991 29883 30218 V IDM-CoapResponder : add Attribute 20020008-09da-4bed-9652-f507366fcfc5 Service
08-05 03:04:29.991 29883 30218 V IDM-CoapResponder : add Attribute 2001000b-09da-4bed-9652-f507366fcfc5 Service
08-05 03:04:29.991 29883 30218 V IDM-CoapResponder : add Attribute 20020009-09da-4bed-9652-f507366fcfc5 Service
08-05 03:04:29.991 29883 30218 V IDM-CoapResponder : add Attribute 2001000a-09da-4bed-9652-f507366fcfc5 Service
08-05 03:04:29.992 29883 30218 V IDM-CoapResponder : add Attribute 2001000d-09da-4bed-9652-f507366fcfc5 Service
08-05 03:04:29.995 29883 30218 V IDM-CoapResponder : add Attribute 2001000c-09da-4bed-9652-f507366fcfc5 Service
08-05 03:04:29.995 29883 30218 V IDM-CoapResponder : add Attribute 2002000c-09da-4bed-9652-f507366fcfc5 Service
08-05 03:04:29.997 29883 30218 V IDM-CoapResponder : add Attribute 2002000d-09da-4bed-9652-f507366fcfc5 Service
08-05 03:04:29.999 29883 30218 V IDM-CoapResponder : add Attribute 00000000-09da-4bed-9652-f507366fcfc5 Service
08-05 03:04:29.999 29883 30218 V IDM-CoapResponder : add Attribute 20020002-09da-4bed-9652-f507366fcfc5 Service
08-05 03:04:29.999 29883 30218 V IDM-CoapResponder : add Attribute 20010001-09da-4bed-9652-f507366fcfc5 Service
08-05 03:04:29.999 29883 30218 V IDM-CoapResponder : add Attribute 00000001-09da-4bed-9652-f507366fcfc5 Service
08-05 03:04:30.000 29883 30218 V IDM-CoapResponder : add Attribute 20020003-09da-4bed-9652-f507366fcfc5 Service
08-05 03:04:30.000 29883 30218 V IDM-CoapResponder : add Attribute 20010003-09da-4bed-9652-f507366fcfc5 Service
08-05 03:04:30.000 29883 30218 V IDM-CoapResponder : add Attribute 00000003-09da-4bed-9652-f507366fcfc5 Service
08-05 03:04:30.000 29883 30218 V IDM-CoapResponder : add Attribute 20020001-09da-4bed-9652-f507366fcfc5 Service
08-05 03:04:30.000 29883 30218 V IDM-CoapResponder : add Attribute 20010002-09da-4bed-9652-f507366fcfc5 Service
08-05 03:04:30.000 29883 30218 V IDM-CoapResponder : add Attribute 00000004-09da-4bed-9652-f507366fcfc5 Service
08-05 03:04:30.000 29883 30218 V IDM-CoapResponder : add Attribute 20020006-09da-4bed-9652-f507366fcfc5 Service
08-05 03:04:30.000 29883 30218 V IDM-CoapResponder : add Attribute 20010005-09da-4bed-9652-f507366fcfc5 Service
08-05 03:04:30.000 29883 30218 V IDM-CoapResponder : add Attribute 00000005-09da-4bed-9652-f507366fcfc5 Service
08-05 03:04:30.001 29883 30218 V IDM-CoapResponder : add Attribute 20020007-09da-4bed-9652-f507366fcfc5 Service
08-05 03:04:30.001 29883 30218 V IDM-CoapResponder : add Attribute 20010004-09da-4bed-9652-f507366fcfc5 Service
08-05 03:04:30.001 29883 30218 V IDM-CoapResponder : add Attribute 00000006-09da-4bed-9652-f507366fcfc5 Service
08-05 03:04:30.001 29883 30218 V IDM-CoapResponder : add Attribute 20020004-09da-4bed-9652-f507366fcfc5 Service
08-05 03:04:30.001 29883 30218 V IDM-CoapResponder : add Attribute 20010007-09da-4bed-9652-f507366fcfc5 Service
08-05 03:04:30.001 29883 30218 V IDM-CoapResponder : add Attribute 00000007-09da-4bed-9652-f507366fcfc5 Service
08-05 03:04:30.001 29883 30218 V IDM-CoapResponder : add Attribute 20020005-09da-4bed-9652-f507366fcfc5 Service
08-05 03:04:30.001 29883 30218 V IDM-CoapResponder : add Attribute 20010006-09da-4bed-9652-f507366fcfc5 Service
08-05 03:04:30.021 29883 29905 D IDM-CertSavingManager : get cert3 from ram
08-05 03:04:30.024 29883 29905 D IDM-CertSavingManager : get cert2 from ram space
08-05 03:04:30.037 29883 30230 D IDM-CertSavingManager : save all data fetched in new thread.
08-05 03:04:30.208 29883 29907 D IDM-TimerStack : ServerTime end: 1057
08-05 03:04:30.209 29883 29907 D IDM-Trace : server time: 1659683070855, delta: 1057, elapsed: 377490003
08-05 03:04:30.264 29883 29934 V IDM-MiIdentity : h: generateKeyPair end took 1100 milliseconds.
08-05 03:04:30.378 29883 29933 E IDM-NetWorkUtils : get: response ----->{
"all":{"allClose":"false"},
"cpu":{"intervalMillis":"100000"},
"heap":{"intervalMillis":"100000"},
"ram":{"intervalMillis":"100000"},
"traffic":{
"intervalMillis":"100000",
"sampleMillis":"1000"
},
"thread":{
"intervalMillis":"100000",
"threadFilter":"com.godeye.androidgodeye.mods.thread.ExcludeSystemThreadFilter",
"threadTagger":"com.godeye.androidgodeye.mods.thread.DefaultThreadTagger"
},
"appsize":{
"delayMillis":"0"
},
"handle":{
"intervalMillis":"100000"
}
}

08-05 03:04:30.378 29883 29933 E IDM-NetWorkUtils : get: response ----->200
08-05 03:04:30.378 29883 29933 E IDM-NetWorkUtils : get: response ----->OK
08-05 03:04:30.379 29883 29933 E IDM-NetWorkUtils : get: response ----->true
08-05 03:04:30.379 29883 29933 E IDM-NetWorkUtils : send get point end [200]
08-05 03:04:30.381 29883 29904 I IDM-CloudCtrFileJob : done
08-05 03:04:30.381 29883 29958 D IDM-IDMConfigCache : start updateIDMCloudConfig
08-05 03:04:30.381 29883 29904 D IDM-CloudCtrBaseJob : work
08-05 03:04:30.387 29883 29904 D IDM-CloudCtrUrlConfig : config release https://cdn.awsusor1.fds.api.mi-img.com/miot-standard-fds/release/config/appconfig_phone.json?GalaxyAccessKeyId=5151729087601&Expires=9223372036854775807&Signature=C0EZIcUck36IDNAzEeKAifzKbGk=
08-05 03:04:30.662 29883 29958 D IDM-IDMConfigCache : idmConfigAppList size = 0
08-05 03:04:30.682 29883 29958 D IDM-IDMCloudTransfer : Sending request https://idm.iot.mi.com/idm/info/batch on null

08-05 03:04:30.999 29883 30204 D IDM-TAG : Advertising flag is 2
08-05 03:04:30.999 29883 30204 V IDM-TAG : Short Id Hash is 333763
08-05 03:04:30.999 29883 30204 D IDM-BonjourGovernor : startAdvertising: enter
08-05 03:04:31.005 29883 30204 D IDM-BonjourGovernor : J-Debug pattern  count: 1
08-05 03:04:31.005 29883 30204 D IDM-BonjourGovernor : J-Debug pattern [\u4e00-\u9fa5]count: 0
08-05 03:04:31.006 29883 30204 V IDM-BonjourGovernor : J-Debug outside realLen: 60, nmLen: 21, asLen: 19, ipLen: 10, containChinese: false, jsonStr: {"nm":"Redmi Note 10S","as":"[8193, 8194]","ip":"101"}
08-05 03:04:31.006 29883 30204 V IDM-BonjourGovernor : J-Debug startAdvertising json: {"nm":"Redmi Note 10S","as":"[8193, 8194]","ip":"101"}
08-05 03:04:31.516 29883 29904 I IDM-ConfigMgr : version cur 3 new 2
08-05 03:04:31.516 29883 29904 D IDM-CloudCtrBaseJob : done
08-05 03:04:31.516 29883 29904 D IDM-CertRefreshJob : Start work
08-05 03:04:31.516 29883 29904 D IDM-CertRefreshJob : End work
08-05 03:04:31.517 29883 29904 D IDM-BackgroundJob : BleRelayCtrFileJob start
08-05 03:04:31.524 29883 29904 D IDM-BackgroundJob : empty ble relay conf url, ignore
08-05 03:04:31.659 29883 29963 D IDM-BonjourGovernor : onServiceRegistered: 
08-05 03:04:31.660 29883 30204 D IDM-LocalAppServer : advertisingResult, discType:2, result3
08-05 03:04:31.660 29883 30204 D IDM-AppMgrNative : onAdvertisingResult enter, result:3
08-05 03:04:31.661 29883 30204 D IDM-LocalAppServer : advertisingResult, discType:2, result3
08-05 03:04:31.661 29883 30204 D IDM-AppMgrNative : onAdvertisingResult enter, result:3
08-05 03:04:31.661 29883 30204 D IDM-BonjourGovernor : startAdvertising: exit
08-05 03:04:31.661 29883 30204 D IDM-LocalAppServer : can not create p2p go.
08-05 03:04:31.661 29883 30204 E IDM-LocalAppServer : startAdvertising end.
08-05 03:04:31.661 29883 30204 I IDM-MiConnectService : startAdvertising 3
08-05 03:04:31.661 29883 30204 D IDM-PropertyUtils : is agreed: false
08-05 03:04:31.663 29883 30218 I IDM-AdvertisingManager : update 2
08-05 03:04:31.663 29883 30218 I IDM-AdvertisingManager : update after changed for BT, discType is 2
08-05 03:04:31.663 29883 30218 D IDM-BonjourGovernor : stopAdvertising: enter
08-05 03:04:31.663 29883 30186 V IDM-HandoffProcessService : onAdvertisingResult: status = [3] MSG = [Start Advertising SUCCESS]
08-05 03:04:31.664 29883 30204 E IDM-s:miconnect:  : not available
08-05 03:04:31.664 29883 30204 E IDM-stat: MiotReportManager : not available becase: is_enable_disable_build: true
08-05 03:04:31.665 29883 29963 D IDM-BonjourGovernor : onServiceUnregistered: 
08-05 03:04:31.665 29883 30218 D IDM-BonjourGovernor : stopAdvertising: exit
08-05 03:04:32.566 29883 29958 D IDM-IDMCloudTransfer : Received response for https://idm.iot.mi.com/idm/info/batch in 1884.7ms
date: Fri, 05 Aug 2022 07:04:33 GMT
content-type: application/json
vary: Origin
vary: Access-Control-Request-Method
vary: Access-Control-Request-Headers

