08-05 00:37:09.017 19462 19615 D IDM-LocalAppServer : can not create p2p go.
08-05 00:37:09.017 19462 19615 E IDM-LocalAppServer : startAdvertising end.
08-05 00:37:09.017 19462 19615 I IDM-MiConnectService : startAdvertising 3
08-05 00:37:09.017 19462 19615 D IDM-PropertyUtils : is agreed: false
08-05 00:37:09.018 19462 19602 V IDM-HandoffProcessService : onAdvertisingResult: status = [3] MSG = [Start Advertising SUCCESS]
08-05 00:37:09.018 19462 19615 E IDM-s:miconnect:  : not available
08-05 00:37:09.018 19462 19615 E IDM-stat: MiotReportManager : not available becase: is_enable_disable_build: true
08-05 00:37:09.018 19462 19647 I IDM-AdvertisingManager : update 2
08-05 00:37:09.018 19462 19647 I IDM-AdvertisingManager : update after changed for BT, discType is 2
08-05 00:37:09.018 19462 19647 D IDM-BonjourGovernor : stopAdvertising: enter
08-05 00:37:09.020 19462 19521 D IDM-BonjourGovernor : onServiceUnregistered: 
08-05 00:37:09.021 19462 19647 D IDM-BonjourGovernor : stopAdvertising: exit
08-05 00:37:09.670 19462 19517 D IDM-IDMCloudTransfer : Received response for https://idm.iot.mi.com/idm/info/batch in 1942.8ms
date: Fri, 05 Aug 2022 04:37:10 GMT
content-type: application/json
vary: Origin
vary: Access-Control-Request-Method
vary: Access-Control-Request-Headers

08-05 00:37:09.681 19462 19517 D IDM-IDMCloudTransfer : requestAppConfigPost body = {"status":200,"message":"","result":[{"id":4,"clientId":"aa80e4f0","appName":"ToBSoundBox","signature":"E2:2C:DA:40:69:37:EA:C4:6B:DE:7A:A2:F2:09:2D:AA:CC:9E:FF:F6","certificate":"","platform":"Android","packageName":"com.xiaomi.micolauncher","online":2,"createTime":1607414192,"changeTime":1614132887,"comment":"","services":null,"findables":[{"serviceType":"urn:aiot-spec-v3:service:iot-local-control:00000001:1","actions":["ALL"]}]},{"id":3,"clientId":"a5c11fdd","appName":"TestTeamApp","signature":"7A:68:0A:8D:D9:99:21:43:B7:69:EA:93:9B:89:9A:8E:43:D2:09:67","certificate":"","platform":"Android","packageName":"com.iot.xiaomi.miconnecttest","online":2,"createTime":1607414027,"changeTime":1619058349,"comment":"","services":[{"serviceType":"urn:aiot-spec-v3:service:idm-test:00000001:1","actions":[]},{"serviceType":"urn:aiot-spec-v3:service:multi-screen-collaboration:00000001:1","actions":[]},{"serviceType":"urn:aiot-spec-v3:service:input:00000001:1","actions":[]},{"serviceType":"urn:aiot-spec-v3:service:iot-local-control:00000001:1","actions":[]},{"serviceType":"urn:aiot-spec-v3:service:ip-camera:00000001:1","actions":[]},{"serviceType":"urn:aiot-spec-v3:service:light:00000001:1","actions":[]},{"serviceType":"urn:aiot-spec-v3:service:motionsensor:00000001:1","actions":[]},{"serviceType":"urn:aiot-spec-v3:service:handoff:00000001:1","actions":[]},{"serviceType":"urn:aiot-spec-v3:com.mi.idm:service:micast-tv:00017802:1.0","actions":["ALL"]},{"serviceType":"urn:aiot-spec-v3:com.mi.idm:service:notification-local:00017804:1.0","actions":[]}],"findables":[{"serviceType":"urn:aiot-spec-v3:service:iot-local-control:00000001:1","actions":["ALL"]},{"serviceType":"urn:aiot-spec-v3:service:ip-camera:00000001:1","actions":["ALL"]},{"serviceType":"urn:aiot-spec-v3:service:light:00000001:1","actions":["ALL"]},{"serviceType":"urn:aiot-spec-v3:service:motionsensor:00000001:1","actions":["ALL"]},{"serviceType":"urn:aiot-spec-v3:service:handoff:00000001:1","actions":["ALL"]},{"serviceType":"urn:aiot-spec-v3:service:input:00000001:1","actions":["ALL"]},{"serviceType":"urn:aiot-spec-v3:service:multi-screen-collaboration:00000001:1","actions":["ALL"]},{"serviceType":"urn:aiot-spec-v3:service:idm-test:00000001:1","actions":[]},{"serviceType":"urn:aiot-spec-v3:com.mi.idm:service:micast-tv:00017802:1.0","actions":["ALL"]},{"serviceType":"urn:aiot-spec-v3:com.mi.idm:service:notification-local:00017804:1.0","actions":["ALL"]}]},{"id":1,"clientId":"adc78733","appName":"IDMTestApp","signature":"27:19:6E:38:6B:87:5E:76:AD:F7:00:E7:EA:84:E4:C6:EE:E3:3D:FA","certificate":"","platform":"Android","packageName":"com.xiaomi.miconnect","online":2,"createTime":1607413671,"changeTime":1620717390,"comment":"","services":[{"serviceType":"urn:aiot-spec-v3:service:idm-test:00000001:1","actions":[]}],"findables":[{"serviceType":"urn:aiot-spec-v3:service:light:00000001:1","actions":["ALL"]},{"serviceType":"urn:aiot-spec-v3:service:input:00000001:1","actions":["ALL"]},{"serviceType":"urn:aiot-spec-v3:service:multi-screen-collaboration:00000001:1","actions":["ALL"]}]},{"id":5,"clientId":"apmr9571","appName":"SampleCode","signature":"2C:29:D4:3E:24:1E:3F:57:02:1B:86:D4:9B:E7:0F:59:7F:1A:4C:4D","certificate":"","platform":"Android","packageName":"com.xiaomi.idm.sample","online":2,"createTime":1607414256,"changeTime":1618390694,"comment":"","services":[{"serviceType":"urn:aiot-spec-v3:service:idm-test:00000001:1","actions":["ALL"]},{"serviceType":"urn:aiot-spec-v3:com.mi.idm:service:micast-tv:00017802:1.0","actions":["ALL"]}],"findables":[{"serviceType":"urn:aiot-spec-v3:service:iot-local-control:00000001:1","actions":["ALL"]},{"serviceType":"urn:aiot-spec-v3:service:ip-camera:00000001:1","actions":["ALL"]},{"serviceType":"urn:aiot-spec-v3:service:light:00000001:1","actions":["ALL"]},{"serviceType":"urn:aiot-spec-v3:service:motionsensor:00000001:1","actions":["ALL"]},{"serviceType":"urn:aiot-spec-v3:service:handoff:00000001:1","actions":["ALL"]},{"serviceType":"urn:aiot-spec-v3:service:input:00000001:1","actions":["ALL"]},{"serviceType":"urn:aiot-spec-v3:service:multi-screen-collaboration:00000001:1","actions":["ALL"]}]},{"id":2,"clientId":"aca27627","appName":"xiaomimirror","signature":"7B:6D:C7:07:9C:34:73:9C:E8:11:59:71:9F:B5:EB:61:D2:A0:32:25","certificate":"","platform":"Android","packageName":"com.xiaomi.mirror","online":2,"createTime":1607413907,"changeTime":1616405217,"comment":"","services":[{"serviceType":"urn:aiot-spec-v3:service:multi-screen-collaboration:00000001:1","actions":[]}],"findables":[{"serviceType":"urn:aiot-spec-v3:service:multi-screen-collaboration:00000001:1","actions":["ALL"]}]},{"id":6,"clientId":"adio19d2","appName":"DuoKanTvBox","signature":"08:32:F8:EB:8B:B2:28:12:1A:6E:A9:0C:AD:D8:9D:58:2C:B1:9C:7D","certificate":"","platform":"Android","packageName":"com.duokan.airkan.tvbox","online":2,"createTime":1607414401,"changeTime":1607414433,"comment":"","services":null,"findables":[{"serviceType":"urn:aiot-spec-v3:service:input:00000001:1","actions":["ALL"]}]}],"timestamp":"2022-08-05 12:37:10.243"}
08-05 00:37:09.715 19462 19517 D IDM-IDMConfigCache : finish updateIDMCloudConfig
08-05 00:37:10.058 19462 19647 D IDM-TAG : Advertising flag is 2
08-05 00:37:10.059 19462 19647 V IDM-TAG : Short Id Hash is 333763
08-05 00:37:10.059 19462 19647 D IDM-BonjourGovernor : startAdvertising: enter
08-05 00:37:10.067 19462 19647 D IDM-BonjourGovernor : J-Debug pattern  count: 1
08-05 00:37:10.068 19462 19647 D IDM-BonjourGovernor : J-Debug pattern [\u4e00-\u9fa5]count: 0
08-05 00:37:10.068 19462 19647 V IDM-BonjourGovernor : J-Debug outside realLen: 60, nmLen: 21, asLen: 19, ipLen: 10, containChinese: false, jsonStr: {"nm":"Redmi Note 10S","as":"[8193, 8194]","ip":"101"}
08-05 00:37:10.068 19462 19647 V IDM-BonjourGovernor : J-Debug startAdvertising json: {"nm":"Redmi Note 10S","as":"[8193, 8194]","ip":"101"}
08-05 00:37:10.779 19462 19521 D IDM-BonjourGovernor : onServiceRegistered: 
08-05 00:37:10.779 19462 19647 D IDM-LocalAppServer : advertisingResult, discType:2, result3
08-05 00:37:10.779 19462 19647 D IDM-LocalAppServer : result = START_ADVERTISING_SUCCESS, no need callback!
08-05 00:37:10.780 19462 19647 D IDM-LocalAppServer : advertisingResult, discType:2, result3
08-05 00:37:10.780 19462 19647 D IDM-LocalAppServer : result = START_ADVERTISING_SUCCESS, no need callback!
08-05 00:37:10.780 19462 19647 D IDM-BonjourGovernor : startAdvertising: exit
08-05 00:37:10.780 19462 19647 D IDM-LocalAppServer : can not create p2p go.
08-05 00:37:10.780 19462 19647 E IDM-LocalAppServer : startAdvertising end.
08-05 00:37:10.780 19462 19647 I IDM-MiConnectService : startAdvertising 3
08-05 00:37:10.780 19462 19647 D IDM-PropertyUtils : is agreed: false
08-05 00:37:10.781 19462 19647 E IDM-s:miconnect:  : not available
08-05 00:37:10.781 19462 19647 E IDM-stat: MiotReportManager : not available becase: is_enable_disable_build: true
08-05 00:57:50.364 19462 28626 D IDM-BonjourGovernor : stopAdvertising: enter
08-05 00:57:50.377 19462 19521 D IDM-BonjourGovernor : onServiceUnregistered: 
08-05 00:57:50.378 19462 28626 D IDM-BonjourGovernor : stopAdvertising: exit
08-05 00:57:50.381 19462 28626 I IDM-AbstractBtGovernor : isAvailable enter
08-05 00:57:50.381 19462 28626 D IDM-AbstractBtGovernor : is support BT: false
08-05 00:59:22.907 19462 28626 D IDM-TAG : Advertising flag is 2
08-05 00:59:22.908 19462 28626 V IDM-TAG : Short Id Hash is 333763
08-05 00:59:22.908 19462 28626 D IDM-BonjourGovernor : startAdvertising: enter
08-05 00:59:22.915 19462 28626 D IDM-BonjourGovernor : J-Debug pattern  count: 1
08-05 00:59:22.915 19462 28626 D IDM-BonjourGovernor : J-Debug pattern [\u4e00-\u9fa5]count: 0
08-05 00:59:22.915 19462 28626 V IDM-BonjourGovernor : J-Debug outside realLen: 60, nmLen: 21, asLen: 19, ipLen: 10, containChinese: false, jsonStr: {"nm":"Redmi Note 10S","as":"[8193, 8194]","ip":"101"}
08-05 00:59:22.915 19462 28626 V IDM-BonjourGovernor : J-Debug startAdvertising json: {"nm":"Redmi Note 10S","as":"[8193, 8194]","ip":"101"}
08-05 00:59:23.637 19462 19521 D IDM-BonjourGovernor : onServiceRegistered: 
08-05 00:59:23.637 19462 28626 D IDM-LocalAppServer : advertisingResult, discType:2, result3
08-05 00:59:23.637 19462 28626 D IDM-LocalAppServer : result = START_ADVERTISING_SUCCESS, no need callback!
08-05 00:59:23.637 19462 28626 D IDM-LocalAppServer : advertisingResult, discType:2, result3
08-05 00:59:23.637 19462 28626 D IDM-LocalAppServer : result = START_ADVERTISING_SUCCESS, no need callback!
08-05 00:59:23.637 19462 28626 D IDM-BonjourGovernor : startAdvertising: exit
08-05 00:59:23.638 19462 28626 D IDM-DiscoveryManager : start
08-05 00:59:23.640 19462 28626 I IDM-AbstractBtGovernor : isAvailable enter
08-05 00:59:23.640 19462 28626 D IDM-AbstractBtGovernor : is support BT: false
08-05 01:02:58.329 19462 19506 E IDM-apm-idm : RamMemoryInfo{availMem=1130968, totalMem=5748388, lowMemThreshold=1282868, isLowMemory=true}
08-05 01:02:58.335 19462 19506 D IDM-PropertyUtils : is agreed: false
08-05 01:02:58.337 19462 19506 E IDM-stat: MiotReportManager : not available becase: is_enable_disable_build: true
08-05 01:04:38.322 19462 19506 E IDM-apm-idm : RamMemoryInfo{availMem=1192108, totalMem=5748388, lowMemThreshold=1282868, isLowMemory=true}
08-05 01:04:38.322 19462 19506 D IDM-PropertyUtils : is agreed: false
08-05 01:04:38.325 19462 19506 E IDM-stat: MiotReportManager : not available becase: is_enable_disable_build: true
08-05 01:06:18.320 19462 19506 E IDM-apm-idm : RamMemoryInfo{availMem=1172652, totalMem=5748388, lowMemThreshold=1282868, isLowMemory=true}
08-05 01:06:18.321 19462 19506 D IDM-PropertyUtils : is agreed: false
08-05 01:06:18.321 19462 19506 E IDM-stat: MiotReportManager : not available becase: is_enable_disable_build: true
08-05 01:18:57.028 19462 19462 I IDM-PermissionManager : load permission assets
08-05 01:18:57.053 19462 19462 D IDM-IDMCloudManager : onPackageAdded pkg = com.m4399.gamecenter
08-05 01:19:12.513 4892 4892 I IDM-LogUtil : LogUtils init, A new application started
08-05 01:19:12.521 4892 4892 D IDM-PermissionManager : mIsSelfDebugSignature = false
08-05 01:19:12.525 4892 4892 I IDM-PermissionManager : load permission assets
08-05 01:19:12.531 4892 4892 I IDM-PermissionManager : failed to check uid for com.miui.huanji -1
08-05 01:19:12.531 4892 4892 I IDM-PermissionManager : failed to check uid for com.duokan.phone.remotecontroller -1
08-05 01:19:12.532 4892 4892 I IDM-PermissionManager : failed to check uid for com.iot.xiaomi.miconnecttest -1
08-05 01:19:12.533 4892 4892 I IDM-PermissionManager : failed to check uid for com.xiaomi.idm_autotest_android -1
08-05 01:19:12.533 4892 4892 I IDM-PermissionManager : failed to check uid for com.miui.video -1
08-05 01:19:12.534 4892 4892 I IDM-PermissionManager : failed to check uid for com.xiaomi.mitime -1
08-05 01:19:12.535 4892 4892 I IDM-PermissionManager : failed to check uid for com.xiaomi.wearable -1
08-05 01:19:12.536 4892 4892 I IDM-PermissionManager : failed to check uid for com.xiaomi.idm.sample -1
08-05 01:19:12.536 4892 4892 I IDM-PermissionManager : perm loaded v: 8
08-05 01:19:12.537 4892 4892 D IDM-ConfigMgr : config file: /data/user/0/com.xiaomi.mi_connect_service/files/config/config
08-05 01:19:12.564 4892 4892 D IDM-TimerStack : parseConfig start
08-05 01:19:12.567 4892 4892 W IDM-ConfigMgr : api invokes before apps loaded
08-05 01:19:12.567 4892 4892 D IDM-TimerStack : parseConfig end: 3
08-05 01:19:12.568 4892 4892 I IDM-ConfigMgr : 13 items loaded
08-05 01:19:12.568 4892 4892 I IDM-ConfigMgr : 4 data items loaded
08-05 01:19:12.569 4892 4892 D IDM-RegionUtil : CL
08-05 01:19:12.596 4892 4892 D IDM-PropertyUtils : is agreed: false
08-05 01:19:12.618 4892 4916 I IDM-CloudCtrFileJob : work
08-05 01:19:12.625 4892 4892 D IDM-PropertyUtils : is agreed: false
08-05 01:19:12.628 4892 4892 D IDM-DeviceUtil : platform type property: default
08-05 01:19:12.628 4892 4892 E IDM-Constant : is international: true
08-05 01:19:12.628 4892 4892 E IDM-s:miconnect:  : not available
08-05 01:19:12.633 4892 4920 V IDM-url : server time url: https://us-idm.api.io.mi.com/app/appgateway/miot/miconnect_server/MiconnectService/common/serverTime
08-05 01:19:12.634 4892 4920 D IDM-TimerStack : ServerTime start
08-05 01:19:12.636 4892 4892 V IDM-NetworkApi : mijia api base is : https://us.api.io.mi.com/
08-05 01:19:12.643 4892 4892 D IDM-MiIdentity : h: MiIdentity init start: ACCOUNT_VERIFY true
08-05 01:19:12.644 4892 4892 V IDM-MiIdentity : MiIdentityStore: MiIdentityStore init
08-05 01:19:12.653 4892 4892 V IDM-MiIdentity : MiIdentityStore: loadMiIdentityInfo took 9 milliseconds.
08-05 01:19:12.668 4892 4892 V IDM-MiIdentity : h: MiIdentity init end took 25 milliseconds.
08-05 01:19:12.668 4892 4929 V IDM-MiIdentity : h: MiIdentity onAccountChange, old 6552773799, new 6552773799
08-05 01:19:12.669 4892 4917 V IDM-MiIdentity : h: Receive message 0, hardware data 37c8b02fc947e222c97245c67104793923f751c6, hardwareHash 7c
08-05 01:19:12.669 4892 4917 D IDM-CertSavingManager : queryWhenLogin mijiaDid 37c8b02fc947e222c97245c67104793923f751c6, didHash 7c
08-05 01:19:12.675 4892 4926 E IDM-apm-idm : {"machineCode":"us","countryCode":"CL"}
08-05 01:19:12.676 4892 4926 E IDM-apm-idm : url=https://cdn.awsusor1.fds.api.mi-img.com/miot-miconnect-apm/idmapm/release/apm_control.json
08-05 01:19:12.676 4892 4926 D IDM-PropertyUtils : is agreed: false
08-05 01:19:12.686 4892 4892 I IDM-MiConnectService : onCreate versionName:2.1.137 userId:0
08-05 01:19:12.693 4892 4892 D IDM-PropertyUtils : is agreed: false
08-05 01:19:12.693 4892 4892 E IDM-s:miconnect:  : not available
08-05 01:19:12.693 4892 4892 D IDM-DeviceUtil : platform type property: default
08-05 01:19:12.696 4892 4892 D IDM-BonjourGovernor : BonjourGovernor ver: 9.8.09.01
08-05 01:19:12.697 4892 4951 D IDM-CoapResponder : startCoapServer
08-05 01:19:12.698 4892 4951 V IDM-CoapResponder : 0: Start coap server on ports 56666
08-05 01:19:12.698 4892 4950 D IDM-TimerStack : load all start
08-05 01:19:12.719 4892 4950 D IDM-TimerStack : load all end: 21
08-05 01:19:12.720 4892 4951 D IDM-CoapResponder : Start CoapServer Successful
08-05 01:19:12.920 4892 4892 D IDM-MiConnectService : SYSTEM userId else: 0,APP USERID 1000
08-05 01:19:12.921 4892 4892 D IDM-BtGovernor : BtApi getBleGovernor
08-05 01:19:12.924 4892 4892 I IDM-BleClientService :  BleAttributeClientOperation Consturctor, dev.1.2.0
08-05 01:19:12.924 4892 4892 D IDM-BleDiscovery : init enter, mIsInitiated=false
08-05 01:19:12.929 4892 4892 I IDM-BleServerService :  BleAttributeServerOperation Consturctor, dev.1.2.0
08-05 01:19:12.929 4892 4892 I IDM-BleClientViaAttService :  BleClientService Consturctor, dev.1.2.0
08-05 01:19:12.930 4892 4892 I IDM-BleServerViaAttService :  BleServerService Consturctor, dev.1.2.0
08-05 01:19:12.934 4892 4892 I IDM-Discovery :  BleDiscovery Consturctor, dev.1.2.0
08-05 01:19:12.934 4892 4892 D IDM-Discovery : scan mode=2
08-05 01:19:12.935 4892 4892 D IDM-BtGovernor : BtApi BtGovernor Constructor, dev.1.2.0
08-05 01:19:12.937 4892 4892 D IDM-BtGovernor : BT Adapter was not supported ! 
08-05 01:19:12.947 4892 4892 I IDM-BleAdvertising :  BleAdvertising Consturctor, dev.1.2.0
08-05 01:19:12.947 4892 4892 E IDM-BtGovernor : Log enabled =false
08-05 01:19:12.948 4892 4892 D IDM-AbstractBtGovernor : BleApi setCallback
08-05 01:19:12.948 4892 4892 D IDM-BleBackGround : setCallback is set
08-05 01:19:12.948 4892 4892 D IDM-AbstractBtGovernor : BleApi enableStateListener
08-05 01:19:12.948 4892 4892 I IDM-AbstractBtGovernor : isAvailable enter
08-05 01:19:12.948 4892 4892 D IDM-AbstractBtGovernor : is support BT: false
08-05 01:19:12.948 4892 4892 D IDM-BtClassicGovernor : Classic Api getBtGovernor
08-05 01:19:12.948 4892 4892 I IDM-BleClientService :  BleAttributeClientOperation Consturctor, dev.1.2.0
08-05 01:19:12.949 4892 4892 D IDM-BleDiscovery : init enter, mIsInitiated=false
08-05 01:19:12.949 4892 4892 I IDM-BleClientViaAttService :  BleClientService Consturctor, dev.1.2.0
08-05 01:19:12.949 4892 4892 I IDM-BleServerViaAttService :  BleServerService Consturctor, dev.1.2.0
08-05 01:19:12.950 4892 4892 D IDM-BtClassicGovernor : Classic Api BtGovernor Constructor, dev.1.2.0
08-05 01:19:12.952 4892 4892 I IDM-BleAdvertising :  BleAdvertising Consturctor, dev.1.2.0
08-05 01:19:12.952 4892 4892 E IDM-BtClassicGovernor : Log enabled =false
08-05 01:19:12.952 4892 4892 I IDM-BtClassicGovernor : Classic setCallback
08-05 01:19:12.952 4892 4892 D IDM-AbstractBtGovernor : BleApi setCallback
08-05 01:19:12.952 4892 4892 D IDM-AbstractBtGovernor : BleApi enableStateListener
08-05 01:19:12.952 4892 4892 I IDM-BtClassicGovernor : BtClassical isAvailable enter
08-05 01:19:12.952 4892 4892 I IDM-AbstractBtGovernor : isAvailable enter
08-05 01:19:12.952 4892 4892 D IDM-AbstractBtGovernor : is support BT: false
08-05 01:19:12.953 4892 4892 D IDM-BtClassicGovernor : is support BT: false
08-05 01:19:12.953 4892 4892 D IDM-PropertyUtils : is agreed: false
08-05 01:19:12.953 4892 4892 W IDM-MiConnectReport : report failure -1024 0
08-05 01:19:12.953 4892 4892 E IDM-stat: MiotReportManager : not available becase: is_enable_disable_build: true
08-05 01:19:12.953 4892 4892 D IDM-BleGovernor : BleApi getBleGovernor
08-05 01:19:12.954 4892 4892 I IDM-BleClientService :  BleAttributeClientOperation Consturctor, dev.1.2.0
08-05 01:19:12.954 4892 4892 D IDM-BleDiscovery : init enter, mIsInitiated=false
08-05 01:19:12.954 4892 4892 I IDM-BleClientViaAttService :  BleClientService Consturctor, dev.1.2.0
08-05 01:19:12.954 4892 4892 I IDM-BleServerViaAttService :  BleServerService Consturctor, dev.1.2.0
08-05 01:19:12.957 4892 4892 D IDM-BleDiscovery : init enter, mIsInitiated=false
08-05 01:19:12.958 4892 4892 D IDM-BleGovernor : BT Adapter was not supported ! 
08-05 01:19:12.959 4892 4892 I IDM-BleAdvertising :  BleAdvertising Consturctor, dev.1.2.0
08-05 01:19:12.959 4892 4892 I IDM-BleGovernor : BleApi setCallback enter
08-05 01:19:12.959 4892 4892 D IDM-AbstractBtGovernor : BleApi setCallback
08-05 01:19:12.959 4892 4892 D IDM-AbstractBtGovernor : BleApi enableStateListener
08-05 01:19:12.959 4892 4892 I IDM-BleGovernor : isAvailable enter
08-05 01:19:12.959 4892 4892 I IDM-AbstractBtGovernor : isAvailable enter
08-05 01:19:12.959 4892 4892 D IDM-AbstractBtGovernor : is support BT: false
08-05 01:19:12.960 4892 4892 I IDM-WifiGovernor : Common: WifiGovernor Constructor
08-05 01:19:12.974 4892 4892 D IDM-WifiGovernor : Common: support5gBand: ret: true
08-05 01:19:12.975 4892 4892 D IDM-WifiGovernor : Common: Support DTLS: false
08-05 01:19:12.975 4892 4892 I IDM-WifiGovernor : Common: WifiGovernor constructor exit
08-05 01:19:12.975 4892 4892 I IDM-WifiGovernor : Common: isAvailable enter
08-05 01:19:12.975 4892 4892 I IDM-WifiGovernor : Common: isAvailable exit: true
08-05 01:19:12.975 4892 4892 I IDM-WifiGovernor : Common: WifiGovernor init enter
08-05 01:19:12.985 4892 4892 D IDM-WifiGovernor : Common: Start coap server successfully. retry: 0
08-05 01:19:12.985 4892 4892 I IDM-WifiGovernor : Common: WifiGovernor init exit
08-05 01:19:12.985 4892 4892 I IDM-WifiGovernor : Common: setCallback: com.xiaomi.mi_connect_service.MiConnectService$d@6b83fad
08-05 01:19:12.987 4892 4892 I IDM-NfcAdvPresenter : registerReceiver
08-05 01:19:12.987 4892 4892 D IDM-DeviceUtil : platform type property: default
08-05 01:19:12.988 4892 4892 D IDM-DeviceUtil : platform type property: default
08-05 01:19:12.988 4892 4892 I IDM-NfcScanHelper : ---start---state:IDEL
08-05 01:19:12.989 4892 4892 I IDM-NfcMessagePublisher : use NfcScanHelper
08-05 01:19:12.989 4892 4892 D IDM-DeviceUtil : platform type property: default
08-05 01:19:12.990 4892 4892 D IDM-DeviceUtil : platform type property: default
08-05 01:19:12.991 4892 4892 I IDM-NfcGovernor : isAvailable false
08-05 01:19:12.991 4892 4892 D IDM-MiConnectService : NFC available false
08-05 01:19:12.991 4892 4892 D IDM-DeviceUtil : platform type property: default
08-05 01:19:12.991 4892 4892 I IDM-NfcGovernor : isAvailable false
08-05 01:19:12.991 4892 4892 I IDM-BleGovernor : BleApi setAdvertisingCallback enter
08-05 01:19:12.991 4892 4892 E IDM-BleGovernor : BtGovernor died. need to init
08-05 01:19:12.991 4892 4892 D IDM-PropertyUtils : is agreed: false
08-05 01:19:12.992 4892 4892 W IDM-MiConnectReport : report failure -1053 0
08-05 01:19:12.992 4892 4892 E IDM-stat: MiotReportManager : not available becase: is_enable_disable_build: true
08-05 01:19:12.992 4892 4892 I IDM-BtClassicGovernor : BtClassical setAdvertisingCallback enter
08-05 01:19:12.992 4892 4892 E IDM-BtClassicGovernor : BtGovernor died. need to init
08-05 01:19:12.992 4892 4892 D IDM-PropertyUtils : is agreed: false
08-05 01:19:12.992 4892 4892 W IDM-MiConnectReport : report failure -1092 0
08-05 01:19:12.992 4892 4892 E IDM-stat: MiotReportManager : not available becase: is_enable_disable_build: true
08-05 01:19:12.992 4892 4892 I IDM-BtGovernor : BtApi setAdvertisingCallback enter
08-05 01:19:12.992 4892 4892 E IDM-BtGovernor : BtGovernor died. need to init
08-05 01:19:12.992 4892 4892 I IDM-BleGovernor : BleApi setDiscoveryCallback enter
08-05 01:19:12.992 4892 4892 E IDM-BleGovernor : BtGovernor died. need to init
08-05 01:19:12.993 4892 4892 D IDM-PropertyUtils : is agreed: false
08-05 01:19:12.993 4892 4892 W IDM-MiConnectReport : report failure -1053 0
08-05 01:19:12.993 4892 4892 E IDM-stat: MiotReportManager : not available becase: is_enable_disable_build: true
08-05 01:19:12.993 4892 4892 D IDM-BleDiscovery : setCallback enter
08-05 01:19:12.993 4892 4892 I IDM-BtClassicGovernor : BtClassic setDiscoveryCallback enter
08-05 01:19:12.993 4892 4892 E IDM-BtClassicGovernor : BtGovernor died. need to init
08-05 01:19:12.993 4892 4892 D IDM-PropertyUtils : is agreed: false
08-05 01:19:12.993 4892 4892 W IDM-MiConnectReport : report failure -1092 0
08-05 01:19:12.995 4892 4892 E IDM-stat: MiotReportManager : not available becase: is_enable_disable_build: true
08-05 01:19:12.995 4892 4892 D IDM-BtDiscovery : setCallback enter
08-05 01:19:12.995 4892 4892 I IDM-BtGovernor : BtApi setDiscoveryCallback enter
08-05 01:19:12.995 4892 4892 E IDM-BtGovernor : BtGovernor died. need to init
08-05 01:19:12.995 4892 4892 I IDM-WifiGovernor : Common: setDiscoveryCallback: b.h.o.q$a@4630c3a
08-05 01:19:12.996 4892 4892 E IDM-BleGovernor : BLE is not enabled
08-05 01:19:12.996 4892 4892 D IDM-AbstractBtGovernor : BleApi setAttributeCallback enter
08-05 01:19:12.996 4892 4892 I IDM-BtClassicGovernor : BtClassical setAttributeCallback enter
08-05 01:19:12.996 4892 4892 E IDM-BtClassicGovernor : BLE is not enabled
08-05 01:19:12.996 4892 4892 D IDM-AbstractBtGovernor : BleApi setAttributeCallback enter
08-05 01:19:12.996 4892 4892 I IDM-BtGovernor : BtApi setAttributeCallback enter
08-05 01:19:12.996 4892 4892 E IDM-BtGovernor : BLE is not enabled
08-05 01:19:12.996 4892 4892 D IDM-AbstractBtGovernor : BleApi setAttributeCallback enter
08-05 01:19:12.996 4892 4892 I IDM-WifiGovernor : Common: setAttributeCallback: b.h.o.k$a@ac210eb
08-05 01:19:13.005 4892 4892 V IDM-DeviceUtil : Get Phone name Redmi Note 10S
08-05 01:19:13.005 4892 4892 D IDM-MiConnectService : ScreenStateObserver.EnableObserve main
08-05 01:19:13.006 4892 4892 D IDM-MiConnectService : UserSwitchedObserver.EnableObserve main
08-05 01:19:13.023 4892 4892 D IDM-MiConnectService : Register name change observer for phone
08-05 01:19:13.023 4892 4892 D IDM-MiConnectService : PhoneSystemNameChangeObserver.EnableObserve main
08-05 01:19:13.024 4892 4892 D IDM-IDMRuntime : Initializing Managers...
08-05 01:19:13.025 4892 4892 D IDM-IDMConfigCache : isDebugSignature = false
08-05 01:19:13.025 4892 4892 D IDM-IDMClientProcManager : Initializing
08-05 01:19:13.033 4892 4892 D IDM-IDMServerProcManager : Initializing
08-05 01:19:13.033 4892 4892 D IDM-IDMConnectionManager : Initializing
08-05 01:19:13.033 4892 4892 D IDM-IDMRuntime : Initializing BuiltInServices...
08-05 01:19:13.034 4892 4892 E IDM-IotLocalControlSerivceImpl : IotLocalControlSerivceImpl IDM_LOCALSERVICE_UUIDffff3ffc-09da-4bed-9652-f507366fcfc5
08-05 01:19:13.040 4892 4951 D IDM-IDMConfigCache : initAssetsCache in pool thread
08-05 01:19:13.063 4892 4892 D IDM-IDMNative : init
08-05 01:19:13.066 4892 4892 D IDM-AppMgrNative : init
08-05 01:19:13.066 4892 4892 D IDM-IDMNative : setIdentity, idhash: 333763, name: Redmi Note 10S
08-05 01:19:13.067 4892 4916 I IDM-CloudCtrFileJob : done
08-05 01:19:13.067 4892 4916 D IDM-CloudCtrBaseJob : work
08-05 01:19:13.069 4892 4951 D IDM-IDMConfigCache : start updateIDMCloudConfig
08-05 01:19:13.074 4892 4926 E IDM-NetWorkUtils : get: response ----->{
"all":{"allClose":"false"},
"cpu":{"intervalMillis":"100000"},
"heap":{"intervalMillis":"100000"},
"ram":{"intervalMillis":"100000"},
"traffic":{
"intervalMillis":"100000",
"sampleMillis":"1000"
},
"thread":{
"intervalMillis":"100000",
"threadFilter":"com.godeye.androidgodeye.mods.thread.ExcludeSystemThreadFilter",
"threadTagger":"com.godeye.androidgodeye.mods.thread.DefaultThreadTagger"
},
"appsize":{
"delayMillis":"0"
},
"handle":{
"intervalMillis":"100000"
}
}

08-05 01:19:13.074 4892 4926 E IDM-NetWorkUtils : get: response ----->200
08-05 01:19:13.074 4892 4926 E IDM-NetWorkUtils : get: response ----->
08-05 01:19:13.074 4892 4926 E IDM-NetWorkUtils : get: response ----->true
08-05 01:19:13.074 4892 4926 E IDM-NetWorkUtils : send get point end [200]
08-05 01:19:13.075 4892 4892 D IDM-IDMNative : startAdvertising, service:ffff3ffc-09da-4bed-9652-f507366fcfc5 discType:3 commType:8 serviceSecurityType:0
08-05 01:19:13.076 4892 4892 D IDM-IDMNative : startAdvertising, service:3706f5ea-5105-4680-b0db-69d680114f43 discType:2 commType:2 serviceSecurityType:0
08-05 01:19:13.076 4892 4892 D IDM-AppMgrNative : registerApp
08-05 01:19:13.076 4892 4892 D IDM-MiConnectService : executor id:8194
08-05 01:19:13.076 4892 4892 D IDM-MiConnectService : generate executor for 8194
08-05 01:19:13.077 4892 4892 D IDM-MiConnectService : executor id:8194
08-05 01:19:13.077 4892 4892 D IDM-IDMRuntime : Initializing HandoffProcessService...
08-05 01:19:13.079 4892 4916 D IDM-CloudCtrUrlConfig : config release https://cdn.awsusor1.fds.api.mi-img.com/miot-standard-fds/release/config/appconfig_phone.json?GalaxyAccessKeyId=5151729087601&Expires=9223372036854775807&Signature=C0EZIcUck36IDNAzEeKAifzKbGk=
08-05 01:19:13.084 4892 5070 I IDM-MiConnectService : app thread created app thread for 8194
08-05 01:19:13.084 4892 5070 I IDM-MiConnectService : setCallBack appid: 8194,roleType: 1
08-05 01:19:13.084 4892 5070 D IDM-PropertyUtils : is agreed: false
08-05 01:19:13.084 4892 5070 E IDM-s:miconnect:  : not available
08-05 01:19:13.085 4892 5070 E IDM-stat: MiotReportManager : not available becase: is_enable_disable_build: true
08-05 01:19:13.085 4892 5070 I IDM-MiConnectService : startAdvertising discType 2
08-05 01:19:13.085 4892 5070 D IDM-LocalAppServer : initSuppSetting: commSetting = 2
08-05 01:19:13.091 4892 4892 V IDM-NetworkApi : mijia api base is : https://us.api.io.mi.com/
08-05 01:19:13.091 4892 4892 D IDM-DeviceUtil : platform type property: default
08-05 01:19:13.092 4892 4892 D IDM-ConnectionManager : ConnectionManagerImpl construct with version code:1,debug:false
08-05 01:19:13.092 4892 4892 I IDM-WifiGovernor : Common: setHostCallback: b.h.o.k.D@e35e8af
08-05 01:19:13.092 4892 4892 I IDM-WifiGovernor : Common: setHostCallback: b.h.o.k.D@e35e8af
08-05 01:19:13.093 4892 4892 I IDM-WifiGovernor : Common: setConnectionCallback: b.h.o.k.q@3394bc
08-05 01:19:13.093 4892 4892 I IDM-WifiGovernor : Common: setConnectionCallback: b.h.o.k.q@3394bc
08-05 01:19:13.093 4892 4892 D IDM-MiConnectService : onBind action:com.xiaomi.mi_connect_service.MiConnectService
08-05 01:19:13.097 4892 5070 D IDM-LocalAppServer : initCurrSetting: commSetting = 2
08-05 01:19:13.100 4892 4892 D IDM-CommStateMonitor : onReceive: android.net.conn.CONNECTIVITY_CHANGE
08-05 01:19:13.100 4892 4892 D IDM-CommStateMonitor : onReceive: android.net.wifi.WIFI_STATE_CHANGED
08-05 01:19:13.100 4892 4892 D IDM-CommStateMonitor : onReceive: android.net.wifi.STATE_CHANGE
08-05 01:19:13.101 4892 4892 D IDM-CommStateMonitor : isConnected: true
08-05 01:19:13.107 4892 5070 D IDM-LocalAppServerHolder : add App Server 8194
08-05 01:19:13.107 4892 5070 D IDM-PropertyUtils : is agreed: false
08-05 01:19:13.107 4892 5070 E IDM-s:miconnect:  : not available
08-05 01:19:13.107 4892 5070 I IDM-MiConnectService : startAdvertising 2
08-05 01:19:13.107 4892 5070 E IDM-LocalAppServer : startAdvertising
08-05 01:19:13.114 4892 4892 D IDM-IDMServerProcManager : register ServerProc, clientId = [a023jkdf]
08-05 01:19:13.117 4892 4892 D IDM-PackkageUtil : pkg com.xiaomi.mi_connect_service
08-05 01:19:13.117 4892 4892 E IDM-IDMSecurityManager : checkRegisterClientId InnerCalling no need check clientId
08-05 01:19:13.118 4892 4892 D IDM-IDMNativeWraper : clientId = [a023jkdf], sdk version = [2001137]
08-05 01:19:13.118 4892 4892 D IDM-IDMNativeWraper : clientId = [a023jkdf], Use Native V2
08-05 01:19:13.118 4892 4892 V IDM-HandoffProcessService : IDMServer onProcessConnected, ready to register service
08-05 01:19:13.118 4892 4892 V IDM-HandoffProcessService : register Handoff service
08-05 01:19:13.121 4892 4892 D IDM-IDMServerProcManager : registerService
08-05 01:19:13.123 4892 4892 D IDM-PackkageUtil : pkg com.xiaomi.mi_connect_service
08-05 01:19:13.123 4892 4892 E IDM-IDMSecurityManager : checkServiceRegistrable InnerCalling no need check
08-05 01:19:13.125 4892 4892 D IDM-PackkageUtil : pkg com.xiaomi.mi_connect_service
08-05 01:19:13.128 4892 4917 D IDM-CertSavingManager : get cert3 from ram
08-05 01:19:13.133 4892 4892 D IDM-PackkageUtil : pkg com.xiaomi.mi_connect_service
08-05 01:19:13.133 4892 4892 D IDM-MiConnectService : filterCommTypeOnPermission for com.xiaomi.mi_connect_service
08-05 01:19:13.133 4892 4892 D IDM-IDMServerProc : register Service, serviceId = [a7fdcbf3-77fa-47ba-a949-44238de0d2d0]
08-05 01:19:13.133 4892 4892 D IDM-IDMNativeWraper : startAdvertising V2
08-05 01:19:13.133 4892 4892 D IDM-IDMNative : startAdvertising, service:a7fdcbf3-77fa-47ba-a949-44238de0d2d0 discType:2 commType:2 serviceSecurityType:0
08-05 01:19:13.133 4892 4892 D IDM-AppMgrNative : registerApp
08-05 01:19:13.133 4892 4892 D IDM-MiConnectService : executor id:8193
08-05 01:19:13.133 4892 4892 D IDM-MiConnectService : generate executor for 8193
08-05 01:19:13.134 4892 4892 D IDM-MiConnectService : executor id:8193
08-05 01:19:13.134 4892 4892 V IDM-HandoffProcessService : IDMClient onProcessConnected
08-05 01:19:13.134 4892 4892 D IDM-IDMClientProcManager : registerIDMClient: clientId = [a023jkdf]
08-05 01:19:13.136 4892 5077 I IDM-MiConnectService : app thread created app thread for 8193
08-05 01:19:13.136 4892 5077 I IDM-MiConnectService : setCallBack appid: 8193,roleType: 1
08-05 01:19:13.136 4892 5077 D IDM-PropertyUtils : is agreed: false
08-05 01:19:13.136 4892 5077 E IDM-s:miconnect:  : not available
08-05 01:19:13.136 4892 5077 E IDM-stat: MiotReportManager : not available becase: is_enable_disable_build: true
08-05 01:19:13.136 4892 5077 I IDM-MiConnectService : startAdvertising discType 2
08-05 01:19:13.137 4892 5077 D IDM-LocalAppServer : initSuppSetting: commSetting = 2
08-05 01:19:13.138 4892 4892 D IDM-PackkageUtil : pkg com.xiaomi.mi_connect_service
08-05 01:19:13.138 4892 4892 E IDM-IDMSecurityManager : checkRegisterClientId InnerCalling no need check clientId
08-05 01:19:13.138 4892 4892 D IDM-IDMClientProcManager : param size = [4]
08-05 01:19:13.139 4892 4917 D IDM-CertSavingManager : get cert3 from sp
08-05 01:19:13.139 4892 4892 E IDM-IDMClientProcManager : IdentifyParam = [# com.xiaomi.mi_connect_service.proto.IPCParam$IdentifyParam@7bc6f]
08-05 01:19:13.139 4892 4892 D IDM-IDMNativeWraper : clientId = [a023jkdf], sdk version = [2001137]
08-05 01:19:13.139 4892 4892 D IDM-IDMNativeWraper : clientId = [a023jkdf], Use Native V2
08-05 01:19:13.140 4892 4892 E IDM-PropertyAgent : DeviceService  init 
08-05 01:19:13.140 4892 4917 D IDM-CertSavingManager : get cert2 from ram space
08-05 01:19:13.140 4892 4892 I IDM-PropertyAgent : setTokenInfo
08-05 01:19:13.142 4892 4892 D IDM-IDMNativeWraper : registerIDMClient V2
08-05 01:19:13.142 4892 4892 D IDM-IDMNative : registerIDMClient, id:a023jkdf
08-05 01:19:13.145 4892 4917 D IDM-CertSavingManager : get cert2 from sp file
08-05 01:19:13.147 4892 5070 V IDM-CertSavingManager : current saving is empty
08-05 01:19:13.147 4892 5070 V IDM-MiIdentity : h: validateCurrentSaving took 0 milliseconds.
08-05 01:19:13.147 4892 5070 I IDM-AttributeManager : update 2
08-05 01:19:13.147 4892 5070 D IDM-CoapStorage : addAttribute uuid: 00000000-09da-4bed-9652-f507366fcfc5
08-05 01:19:13.147 4892 5070 D IDM-CoapStorage : addAttribute uuid: 00000001-09da-4bed-9652-f507366fcfc5
08-05 01:19:13.147 4892 5070 D IDM-CoapStorage : addAttribute uuid: 00000003-09da-4bed-9652-f507366fcfc5
08-05 01:19:13.148 4892 5070 D IDM-CoapStorage : addAttribute uuid: 00000004-09da-4bed-9652-f507366fcfc5
08-05 01:19:13.148 4892 5070 D IDM-CoapStorage : addAttribute uuid: 00000005-09da-4bed-9652-f507366fcfc5
08-05 01:19:13.148 4892 5070 D IDM-CoapStorage : addAttribute uuid: 00000006-09da-4bed-9652-f507366fcfc5
08-05 01:19:13.148 4892 5070 D IDM-CoapStorage : addAttribute uuid: 00000008-09da-4bed-9652-f507366fcfc5
08-05 01:19:13.148 4892 5070 D IDM-CoapStorage : addAttribute uuid: 00000007-09da-4bed-9652-f507366fcfc5
08-05 01:19:13.149 4892 5070 D IDM-CoapStorage : addAttribute uuid: 20020001-09da-4bed-9652-f507366fcfc5
08-05 01:19:13.149 4892 5070 D IDM-CoapStorage : addAttribute uuid: 20020002-09da-4bed-9652-f507366fcfc5
08-05 01:19:13.149 4892 5077 D IDM-LocalAppServer : initCurrSetting: commSetting = 2
08-05 01:19:13.149 4892 5070 D IDM-CoapStorage : addAttribute uuid: 20020003-09da-4bed-9652-f507366fcfc5
08-05 01:19:13.149 4892 5070 D IDM-CoapStorage : addAttribute uuid: 20020004-09da-4bed-9652-f507366fcfc5
08-05 01:19:13.149 4892 5070 D IDM-CoapStorage : addAttribute uuid: 20020005-09da-4bed-9652-f507366fcfc5
08-05 01:19:13.149 4892 5070 D IDM-CoapStorage : addAttribute uuid: 20020006-09da-4bed-9652-f507366fcfc5
08-05 01:19:13.149 4892 5070 D IDM-CoapStorage : addAttribute uuid: 20020007-09da-4bed-9652-f507366fcfc5
08-05 01:19:13.150 4892 5070 D IDM-CoapStorage : addAttribute uuid: 20020008-09da-4bed-9652-f507366fcfc5
08-05 01:19:13.150 4892 5070 D IDM-CoapStorage : addAttribute uuid: 20020009-09da-4bed-9652-f507366fcfc5
08-05 01:19:13.150 4892 5070 D IDM-CoapStorage : addAttribute uuid: 2002000a-09da-4bed-9652-f507366fcfc5
08-05 01:19:13.150 4892 5070 D IDM-CoapStorage : addAttribute uuid: 2002000b-09da-4bed-9652-f507366fcfc5
08-05 01:19:13.150 4892 5070 D IDM-CoapStorage : addAttribute uuid: 2002000c-09da-4bed-9652-f507366fcfc5
08-05 01:19:13.150 4892 5070 D IDM-CoapStorage : addAttribute uuid: 2002000d-09da-4bed-9652-f507366fcfc5
08-05 01:19:13.150 4892 5070 D IDM-CoapResponder : addService
08-05 01:19:13.150 4892 5070 V IDM-CoapResponder : add Attribute 00000008-09da-4bed-9652-f507366fcfc5 Service
08-05 01:19:13.151 4892 4917 V IDM-MiIdentity : h: Receive message 1, hardware data 37c8b02fc947e222c97245c67104793923f751c6, hardwareHash 7c
08-05 01:19:13.151 4892 4917 D IDM-CertSavingManager : queryWhenLogin mijiaDid 37c8b02fc947e222c97245c67104793923f751c6, didHash 7c
08-05 01:19:13.152 4892 5082 D IDM-CertSavingManager : save all data fetched in new thread.
08-05 01:19:13.152 4892 5070 V IDM-CoapResponder : add Attribute 2002000a-09da-4bed-9652-f507366fcfc5 Service
08-05 01:19:13.152 4892 5070 V IDM-CoapResponder : add Attribute 2002000b-09da-4bed-9652-f507366fcfc5 Service
08-05 01:19:13.153 4892 5070 V IDM-CoapResponder : add Attribute 20020008-09da-4bed-9652-f507366fcfc5 Service
08-05 01:19:13.153 4892 5070 V IDM-CoapResponder : add Attribute 20020009-09da-4bed-9652-f507366fcfc5 Service
08-05 01:19:13.153 4892 5070 V IDM-CoapResponder : add Attribute 2002000c-09da-4bed-9652-f507366fcfc5 Service
08-05 01:19:13.154 4892 5070 V IDM-CoapResponder : add Attribute 2002000d-09da-4bed-9652-f507366fcfc5 Service
08-05 01:19:13.154 4892 5070 V IDM-CoapResponder : add Attribute 00000000-09da-4bed-9652-f507366fcfc5 Service
08-05 01:19:13.154 4892 5070 V IDM-CoapResponder : add Attribute 20020002-09da-4bed-9652-f507366fcfc5 Service
08-05 01:19:13.154 4892 5070 V IDM-CoapResponder : add Attribute 00000001-09da-4bed-9652-f507366fcfc5 Service
08-05 01:19:13.154 4892 5070 V IDM-CoapResponder : add Attribute 20020003-09da-4bed-9652-f507366fcfc5 Service
08-05 01:19:13.154 4892 5070 V IDM-CoapResponder : add Attribute 00000003-09da-4bed-9652-f507366fcfc5 Service
08-05 01:19:13.155 4892 5070 V IDM-CoapResponder : add Attribute 20020001-09da-4bed-9652-f507366fcfc5 Service
08-05 01:19:13.156 4892 5070 V IDM-CoapResponder : add Attribute 00000004-09da-4bed-9652-f507366fcfc5 Service
08-05 01:19:13.156 4892 5077 D IDM-LocalAppServerHolder : add App Server 8193
08-05 01:19:13.156 4892 5070 V IDM-CoapResponder : add Attribute 20020006-09da-4bed-9652-f507366fcfc5 Service
08-05 01:19:13.156 4892 5070 V IDM-CoapResponder : add Attribute 00000005-09da-4bed-9652-f507366fcfc5 Service
08-05 01:19:13.156 4892 5077 D IDM-PropertyUtils : is agreed: false
08-05 01:19:13.157 4892 5077 E IDM-s:miconnect:  : not available
08-05 01:19:13.157 4892 5077 I IDM-MiConnectService : startAdvertising 2
08-05 01:19:13.157 4892 5077 E IDM-LocalAppServer : startAdvertising
08-05 01:19:13.157 4892 5077 V IDM-CertSavingManager : current saving is empty
08-05 01:19:13.157 4892 5077 V IDM-MiIdentity : h: validateCurrentSaving took 0 milliseconds.
08-05 01:19:13.157 4892 5077 I IDM-AttributeManager : update 2
08-05 01:19:13.157 4892 5077 D IDM-CoapStorage : addAttribute uuid: 00000000-09da-4bed-9652-f507366fcfc5
08-05 01:19:13.157 4892 5070 V IDM-CoapResponder : add Attribute 20020007-09da-4bed-9652-f507366fcfc5 Service
08-05 01:19:13.157 4892 5077 D IDM-CoapStorage : addAttribute uuid: 00000001-09da-4bed-9652-f507366fcfc5
08-05 01:19:13.157 4892 5077 D IDM-CoapStorage : addAttribute uuid: 00000003-09da-4bed-9652-f507366fcfc5
08-05 01:19:13.157 4892 5077 D IDM-CoapStorage : addAttribute uuid: 00000004-09da-4bed-9652-f507366fcfc5
08-05 01:19:13.158 4892 5077 D IDM-CoapStorage : addAttribute uuid: 00000005-09da-4bed-9652-f507366fcfc5
08-05 01:19:13.158 4892 5070 V IDM-CoapResponder : add Attribute 00000006-09da-4bed-9652-f507366fcfc5 Service
08-05 01:19:13.158 4892 5077 D IDM-CoapStorage : addAttribute uuid: 00000006-09da-4bed-9652-f507366fcfc5
08-05 01:19:13.158 4892 5077 D IDM-CoapStorage : addAttribute uuid: 00000008-09da-4bed-9652-f507366fcfc5
08-05 01:19:13.158 4892 5077 D IDM-CoapStorage : addAttribute uuid: 00000007-09da-4bed-9652-f507366fcfc5
08-05 01:19:13.158 4892 5070 V IDM-CoapResponder : add Attribute 20020004-09da-4bed-9652-f507366fcfc5 Service
08-05 01:19:13.158 4892 5070 V IDM-CoapResponder : add Attribute 00000007-09da-4bed-9652-f507366fcfc5 Service
08-05 01:19:13.159 4892 5070 V IDM-CoapResponder : add Attribute 20020005-09da-4bed-9652-f507366fcfc5 Service
08-05 01:19:13.159 4892 5070 I IDM-AdvertisingManager : update 2
08-05 01:19:13.159 4892 5077 D IDM-CoapStorage : addAttribute uuid: 20020001-09da-4bed-9652-f507366fcfc5
08-05 01:19:13.159 4892 5070 I IDM-AdvertisingManager : update after changed for BT, discType is 2
08-05 01:19:13.160 4892 5077 D IDM-CoapStorage : addAttribute uuid: 20020002-09da-4bed-9652-f507366fcfc5
08-05 01:19:13.160 4892 5077 D IDM-CoapStorage : addAttribute uuid: 20020003-09da-4bed-9652-f507366fcfc5
08-05 01:19:13.160 4892 5077 D IDM-CoapStorage : addAttribute uuid: 20020004-09da-4bed-9652-f507366fcfc5
08-05 01:19:13.160 4892 5077 D IDM-CoapStorage : addAttribute uuid: 20020005-09da-4bed-9652-f507366fcfc5
08-05 01:19:13.160 4892 5077 D IDM-CoapStorage : addAttribute uuid: 20020006-09da-4bed-9652-f507366fcfc5
08-05 01:19:13.160 4892 5077 D IDM-CoapStorage : addAttribute uuid: 20020007-09da-4bed-9652-f507366fcfc5
08-05 01:19:13.160 4892 5077 D IDM-CoapStorage : addAttribute uuid: 20020008-09da-4bed-9652-f507366fcfc5
08-05 01:19:13.161 4892 5077 D IDM-CoapStorage : addAttribute uuid: 20020009-09da-4bed-9652-f507366fcfc5
08-05 01:19:13.162 4892 5077 D IDM-CoapStorage : addAttribute uuid: 2002000a-09da-4bed-9652-f507366fcfc5
08-05 01:19:13.162 4892 5077 D IDM-CoapStorage : addAttribute uuid: 2002000b-09da-4bed-9652-f507366fcfc5
08-05 01:19:13.162 4892 5070 D IDM-BonjourGovernor : stopAdvertising: enter
08-05 01:19:13.162 4892 5077 D IDM-CoapStorage : addAttribute uuid: 2002000c-09da-4bed-9652-f507366fcfc5
08-05 01:19:13.162 4892 5070 E IDM-BonjourGovernor : stopAdvertising: exit since not in advertising
08-05 01:19:13.162 4892 5077 D IDM-CoapStorage : addAttribute uuid: 2002000d-09da-4bed-9652-f507366fcfc5
08-05 01:19:13.162 4892 5070 D IDM-PropertyUtils : is agreed: false
08-05 01:19:13.162 4892 5077 D IDM-CoapStorage : addAttribute uuid: 20010001-09da-4bed-9652-f507366fcfc5
08-05 01:19:13.163 4892 5077 D IDM-CoapStorage : addAttribute uuid: 20010002-09da-4bed-9652-f507366fcfc5
08-05 01:19:13.163 4892 5070 W IDM-MiConnectReport : report failure -2012 0
08-05 01:19:13.163 4892 5077 D IDM-CoapStorage : addAttribute uuid: 20010003-09da-4bed-9652-f507366fcfc5
08-05 01:19:13.163 4892 5070 E IDM-stat: MiotReportManager : not available becase: is_enable_disable_build: true
08-05 01:19:13.164 4892 5077 D IDM-CoapStorage : addAttribute uuid: 20010004-09da-4bed-9652-f507366fcfc5
08-05 01:19:13.165 4892 5077 D IDM-CoapStorage : addAttribute uuid: 20010005-09da-4bed-9652-f507366fcfc5
08-05 01:19:13.165 4892 5077 D IDM-CoapStorage : addAttribute uuid: 20010006-09da-4bed-9652-f507366fcfc5
08-05 01:19:13.166 4892 5077 D IDM-CoapStorage : addAttribute uuid: 20010007-09da-4bed-9652-f507366fcfc5
08-05 01:19:13.166 4892 5077 D IDM-CoapStorage : addAttribute uuid: 20010008-09da-4bed-9652-f507366fcfc5
08-05 01:19:13.166 4892 5077 D IDM-CoapStorage : addAttribute uuid: 20010009-09da-4bed-9652-f507366fcfc5
08-05 01:19:13.166 4892 5077 D IDM-CoapStorage : addAttribute uuid: 2001000a-09da-4bed-9652-f507366fcfc5
08-05 01:19:13.167 4892 5077 D IDM-CoapStorage : addAttribute uuid: 2001000b-09da-4bed-9652-f507366fcfc5
08-05 01:19:13.167 4892 5077 D IDM-CoapStorage : addAttribute uuid: 2001000c-09da-4bed-9652-f507366fcfc5
08-05 01:19:13.167 4892 5077 D IDM-CoapStorage : addAttribute uuid: 2001000d-09da-4bed-9652-f507366fcfc5
08-05 01:19:13.167 4892 5077 D IDM-CoapResponder : addService
08-05 01:19:13.167 4892 5077 V IDM-CoapResponder : add Attribute 00000008-09da-4bed-9652-f507366fcfc5 Service
08-05 01:19:13.167 4892 5077 V IDM-CoapResponder : add Attribute 2002000a-09da-4bed-9652-f507366fcfc5 Service
08-05 01:19:13.167 4892 5077 V IDM-CoapResponder : add Attribute 20010009-09da-4bed-9652-f507366fcfc5 Service
08-05 01:19:13.167 4892 5077 V IDM-CoapResponder : add Attribute 2002000b-09da-4bed-9652-f507366fcfc5 Service
08-05 01:19:13.167 4892 5077 V IDM-CoapResponder : add Attribute 20010008-09da-4bed-9652-f507366fcfc5 Service
08-05 01:19:13.167 4892 5077 V IDM-CoapResponder : add Attribute 20020008-09da-4bed-9652-f507366fcfc5 Service
08-05 01:19:13.168 4892 5077 V IDM-CoapResponder : add Attribute 2001000b-09da-4bed-9652-f507366fcfc5 Service
08-05 01:19:13.168 4892 5077 V IDM-CoapResponder : add Attribute 20020009-09da-4bed-9652-f507366fcfc5 Service
08-05 01:19:13.168 4892 5077 V IDM-CoapResponder : add Attribute 2001000a-09da-4bed-9652-f507366fcfc5 Service
08-05 01:19:13.168 4892 5077 V IDM-CoapResponder : add Attribute 2001000d-09da-4bed-9652-f507366fcfc5 Service
08-05 01:19:13.168 4892 5077 V IDM-CoapResponder : add Attribute 2001000c-09da-4bed-9652-f507366fcfc5 Service
08-05 01:19:13.168 4892 5077 V IDM-CoapResponder : add Attribute 2002000c-09da-4bed-9652-f507366fcfc5 Service
08-05 01:19:13.168 4892 5077 V IDM-CoapResponder : add Attribute 2002000d-09da-4bed-9652-f507366fcfc5 Service
08-05 01:19:13.168 4892 5077 V IDM-CoapResponder : add Attribute 00000000-09da-4bed-9652-f507366fcfc5 Service
08-05 01:19:13.168 4892 5077 V IDM-CoapResponder : add Attribute 20020002-09da-4bed-9652-f507366fcfc5 Service
08-05 01:19:13.168 4892 5077 V IDM-CoapResponder : add Attribute 20010001-09da-4bed-9652-f507366fcfc5 Service
08-05 01:19:13.168 4892 5077 V IDM-CoapResponder : add Attribute 00000001-09da-4bed-9652-f507366fcfc5 Service
08-05 01:19:13.169 4892 5077 V IDM-CoapResponder : add Attribute 20020003-09da-4bed-9652-f507366fcfc5 Service
08-05 01:19:13.169 4892 5077 V IDM-CoapResponder : add Attribute 20010003-09da-4bed-9652-f507366fcfc5 Service
08-05 01:19:13.169 4892 5077 V IDM-CoapResponder : add Attribute 00000003-09da-4bed-9652-f507366fcfc5 Service
08-05 01:19:13.169 4892 5077 V IDM-CoapResponder : add Attribute 20020001-09da-4bed-9652-f507366fcfc5 Service
08-05 01:19:13.169 4892 5077 V IDM-CoapResponder : add Attribute 20010002-09da-4bed-9652-f507366fcfc5 Service
08-05 01:19:13.169 4892 5077 V IDM-CoapResponder : add Attribute 00000004-09da-4bed-9652-f507366fcfc5 Service
08-05 01:19:13.169 4892 5077 V IDM-CoapResponder : add Attribute 20020006-09da-4bed-9652-f507366fcfc5 Service
08-05 01:19:13.169 4892 5077 V IDM-CoapResponder : add Attribute 20010005-09da-4bed-9652-f507366fcfc5 Service
08-05 01:19:13.169 4892 5077 V IDM-CoapResponder : add Attribute 00000005-09da-4bed-9652-f507366fcfc5 Service
08-05 01:19:13.169 4892 5077 V IDM-CoapResponder : add Attribute 20020007-09da-4bed-9652-f507366fcfc5 Service
08-05 01:19:13.169 4892 5077 V IDM-CoapResponder : add Attribute 20010004-09da-4bed-9652-f507366fcfc5 Service
08-05 01:19:13.169 4892 5077 V IDM-CoapResponder : add Attribute 00000006-09da-4bed-9652-f507366fcfc5 Service
08-05 01:19:13.170 4892 5077 V IDM-CoapResponder : add Attribute 20020004-09da-4bed-9652-f507366fcfc5 Service
08-05 01:19:13.170 4892 5077 V IDM-CoapResponder : add Attribute 20010007-09da-4bed-9652-f507366fcfc5 Service
08-05 01:19:13.170 4892 5077 V IDM-CoapResponder : add Attribute 00000007-09da-4bed-9652-f507366fcfc5 Service
08-05 01:19:13.170 4892 5077 V IDM-CoapResponder : add Attribute 20020005-09da-4bed-9652-f507366fcfc5 Service
08-05 01:19:13.170 4892 5077 V IDM-CoapResponder : add Attribute 20010006-09da-4bed-9652-f507366fcfc5 Service
08-05 01:19:13.172 4892 4917 D IDM-CertSavingManager : get cert3 from ram
08-05 01:19:13.173 4892 4917 D IDM-CertSavingManager : get cert2 from ram space
08-05 01:19:13.174 4892 4917 V IDM-MiIdentity : h: Receive message 1, hardware data 37c8b02fc947e222c97245c67104793923f751c6, hardwareHash 7c
08-05 01:19:13.174 4892 4917 D IDM-CertSavingManager : queryWhenLogin mijiaDid 37c8b02fc947e222c97245c67104793923f751c6, didHash 7c
08-05 01:19:13.179 4892 5084 D IDM-CertSavingManager : save all data fetched in new thread.
08-05 01:19:13.196 4892 4917 D IDM-CertSavingManager : get cert3 from ram
08-05 01:19:13.197 4892 4917 D IDM-CertSavingManager : get cert2 from ram space
08-05 01:19:13.199 4892 5086 D IDM-CertSavingManager : save all data fetched in new thread.
08-05 01:19:13.283 4892 4927 V IDM-MiIdentity : h: generateKeyPair end took 640 milliseconds.
08-05 01:19:13.383 4892 4951 D IDM-IDMConfigCache : idmConfigAppList size = 0
08-05 01:19:13.402 4892 4951 D IDM-IDMCloudTransfer : Sending request https://idm.iot.mi.com/idm/info/batch on null

08-05 01:19:13.520 4892 4916 I IDM-ConfigMgr : version cur 3 new 2
08-05 01:19:13.520 4892 4916 D IDM-CloudCtrBaseJob : done
08-05 01:19:13.520 4892 4916 D IDM-CertRefreshJob : Start work
08-05 01:19:13.520 4892 4916 D IDM-CertRefreshJob : End work
08-05 01:19:13.520 4892 4916 D IDM-BackgroundJob : BleRelayCtrFileJob start
08-05 01:19:13.524 4892 4920 D IDM-TimerStack : ServerTime end: 891
08-05 01:19:13.525 4892 4920 D IDM-Trace : server time: 1659676754185, delta: 891, elapsed: 371173318
08-05 01:19:13.526 4892 4916 D IDM-BackgroundJob : empty ble relay conf url, ignore
08-05 01:19:14.203 4892 5070 D IDM-TAG : Advertising flag is 2
08-05 01:19:14.203 4892 5070 V IDM-TAG : Short Id Hash is 333763
08-05 01:19:14.204 4892 5070 D IDM-BonjourGovernor : startAdvertising: enter
08-05 01:19:14.211 4892 5070 D IDM-BonjourGovernor : J-Debug pattern  count: 1
08-05 01:19:14.212 4892 5070 D IDM-BonjourGovernor : J-Debug pattern [\u4e00-\u9fa5]count: 0
08-05 01:19:14.212 4892 5070 V IDM-BonjourGovernor : J-Debug outside realLen: 60, nmLen: 21, asLen: 19, ipLen: 10, containChinese: false, jsonStr: {"nm":"Redmi Note 10S","as":"[8193, 8194]","ip":"101"}
